[0.015s] Invoking command in '/home/jeongje/final_project_ws/host/build/host_pkg': CMAKE_PREFIX_PATH=${CMAKE_PREFIX_PATH}:/home/jeongje/turtlebot3_ws/install/turtlebot3_teleop:/home/jeongje/turtlebot3_ws/install/turtlebot3_example:/home/jeongje/robot_pinky/install/vicpinky_bringup:/home/jeongje/robot_pinky/install/pinky_llm:/opt/ros/jazzy DEBUGINFOD_URLS=https://debuginfod.ubuntu.com VIRTUAL_ENV_PROMPT=(ros) /usr/bin/cmake /home/jeongje/final_project_ws/host/src/host_pkg -DCMAKE_INSTALL_PREFIX=/home/jeongje/final_project_ws/host/install/host_pkg
[0.082s] -- The C compiler identification is GNU 13.3.0
[0.142s] -- The CXX compiler identification is GNU 13.3.0
[0.154s] -- Detecting C compiler ABI info
[0.226s] -- Detecting C compiler ABI info - done
[0.234s] -- Check for working C compiler: /usr/bin/cc - skipped
[0.235s] -- Detecting C compile features
[0.235s] -- Detecting C compile features - done
[0.242s] -- Detecting CXX compiler ABI info
[0.320s] -- Detecting CXX compiler ABI info - done
[0.328s] -- Check for working CXX compiler: /usr/bin/c++ - skipped
[0.328s] -- Detecting CXX compile features
[0.329s] -- Detecting CXX compile features - done
[0.333s] -- Found ament_cmake: 2.5.6 (/opt/ros/jazzy/share/ament_cmake/cmake)
[0.446s] -- Found Python3: /home/jeongje/venv/ros/bin/python3 (found version "3.12.3") found components: Interpreter 
[0.577s] -- Found rclcpp: 28.1.21 (/opt/ros/jazzy/share/rclcpp/cmake)
[0.635s] -- Found rosidl_generator_c: 4.6.9 (/opt/ros/jazzy/share/rosidl_generator_c/cmake)
[0.657s] -- Found rosidl_generator_cpp: 4.6.9 (/opt/ros/jazzy/share/rosidl_generator_cpp/cmake)
[0.680s] -- Using all available rosidl_typesupport_c: rosidl_typesupport_fastrtps_c;rosidl_typesupport_introspection_c
[0.698s] -- Using all available rosidl_typesupport_cpp: rosidl_typesupport_fastrtps_cpp;rosidl_typesupport_introspection_cpp
[0.759s] -- Found rmw_implementation_cmake: 7.3.3 (/opt/ros/jazzy/share/rmw_implementation_cmake/cmake)
[0.763s] -- Found rmw_fastrtps_cpp: 8.4.4 (/opt/ros/jazzy/share/rmw_fastrtps_cpp/cmake)
[0.869s] -- Found OpenSSL: /usr/lib/x86_64-linux-gnu/libcrypto.so (found version "3.0.13")  
[0.950s] -- Found FastRTPS: /opt/ros/jazzy/include (Required is at least version "2.13") 
[1.040s] -- Using RMW implementation 'rmw_fastrtps_cpp' as default
[1.166s] -- Found rclpy: 7.1.11 (/opt/ros/jazzy/share/rclpy/cmake)
[1.168s] -- Found rclcpp_action: 28.1.21 (/opt/ros/jazzy/share/rclcpp_action/cmake)
[1.202s] -- Found rosidl_default_generators: 1.6.1 (/opt/ros/jazzy/share/rosidl_default_generators/cmake)
[1.220s] -- Found rosidl_adapter: 4.6.9 (/opt/ros/jazzy/share/rosidl_adapter/cmake)
[1.223s] -- Found ament_lint_auto: 0.17.5 (/opt/ros/jazzy/share/ament_lint_auto/cmake)
[2.941s] -- Found ament_cmake_ros: 0.12.1 (/opt/ros/jazzy/share/ament_cmake_ros/cmake)
[5.062s] -- Using all available rosidl_typesupport_c: rosidl_typesupport_fastrtps_c;rosidl_typesupport_introspection_c
[5.888s] -- Using all available rosidl_typesupport_cpp: rosidl_typesupport_fastrtps_cpp;rosidl_typesupport_introspection_cpp
[5.905s] -- Found python_cmake_module: 0.11.1 (/opt/ros/jazzy/share/python_cmake_module/cmake)
[6.271s] -- Found PythonExtra: /home/jeongje/venv/ros/bin/python3  
[7.391s] -- Found Python3: /home/jeongje/venv/ros/bin/python3 (found version "3.12.3") found components: Interpreter Development NumPy Development.Module Development.Embed 
[7.537s] -- Found Python3: /home/jeongje/venv/ros/bin/python3 (found version "3.12.3") found components: Interpreter 
[7.563s] -- Added test 'cppcheck' to perform static code analysis on C / C++ code
[7.565s] -- Configured cppcheck include dirs: 
[7.565s] -- Configured cppcheck exclude dirs and/or files: 
[7.570s] -- Added test 'flake8' to check Python code syntax and style conventions
[7.571s] -- Configured 'flake8' exclude dirs and/or files: 
[7.577s] -- Added test 'lint_cmake' to check CMake code style
[7.582s] -- Added test 'pep257' to check Python code against some of the docstring style conventions in PEP 257
[7.597s] -- Added test 'uncrustify' to check C / C++ code style
[7.598s] -- Configured uncrustify additional arguments: 
[7.603s] -- Added test 'xmllint' to check XML markup files
[7.621s] -- Configuring done (7.6s)
[7.660s] -- Generating done (0.0s)
[7.668s] -- Build files have been written to: /home/jeongje/final_project_ws/host/build/host_pkg
[7.676s] Invoked command in '/home/jeongje/final_project_ws/host/build/host_pkg' returned '0': CMAKE_PREFIX_PATH=${CMAKE_PREFIX_PATH}:/home/jeongje/turtlebot3_ws/install/turtlebot3_teleop:/home/jeongje/turtlebot3_ws/install/turtlebot3_example:/home/jeongje/robot_pinky/install/vicpinky_bringup:/home/jeongje/robot_pinky/install/pinky_llm:/opt/ros/jazzy DEBUGINFOD_URLS=https://debuginfod.ubuntu.com VIRTUAL_ENV_PROMPT=(ros) /usr/bin/cmake /home/jeongje/final_project_ws/host/src/host_pkg -DCMAKE_INSTALL_PREFIX=/home/jeongje/final_project_ws/host/install/host_pkg
[7.677s] Invoking command in '/home/jeongje/final_project_ws/host/build/host_pkg': CMAKE_PREFIX_PATH=${CMAKE_PREFIX_PATH}:/home/jeongje/turtlebot3_ws/install/turtlebot3_teleop:/home/jeongje/turtlebot3_ws/install/turtlebot3_example:/home/jeongje/robot_pinky/install/vicpinky_bringup:/home/jeongje/robot_pinky/install/pinky_llm:/opt/ros/jazzy DEBUGINFOD_URLS=https://debuginfod.ubuntu.com VIRTUAL_ENV_PROMPT=(ros) /usr/bin/cmake --build /home/jeongje/final_project_ws/host/build/host_pkg -- -j16 -l16
[7.783s] [  5%] [34m[1mGenerating Rust code for ROS interfaces[0m
[7.783s] [  5%] [34m[1mGenerating type hashes for ROS interfaces[0m
[7.806s] [  5%] Built target ament_cmake_python_copy_host_pkg
[7.984s] [  5%] Built target host_pkg__rosidl_generator_type_description
[7.992s] [  8%] [34m[1mGenerating C code for ROS interfaces[0m
[8.000s] [ 11%] [34m[1mGenerating C++ code for ROS interfaces[0m
[8.047s] [ 11%] Built target host_pkg__rs
[8.063s] running egg_info
[8.077s] creating host_pkg.egg-info
[8.077s] writing host_pkg.egg-info/PKG-INFO
[8.077s] writing dependency_links to host_pkg.egg-info/dependency_links.txt
[8.077s] writing top-level names to host_pkg.egg-info/top_level.txt
[8.078s] writing manifest file 'host_pkg.egg-info/SOURCES.txt'
[8.112s] reading manifest file 'host_pkg.egg-info/SOURCES.txt'
[8.113s] writing manifest file 'host_pkg.egg-info/SOURCES.txt'
[8.132s] [ 11%] Built target ament_cmake_python_build_host_pkg_egg
[8.306s] [ 11%] Built target host_pkg__cpp
[8.331s] [ 14%] [32mBuilding C object CMakeFiles/host_pkg__rosidl_generator_c.dir/rosidl_generator_c/host_pkg/action/detail/burger1__description.c.o[0m
[8.331s] [ 17%] [32mBuilding C object CMakeFiles/host_pkg__rosidl_generator_c.dir/rosidl_generator_c/host_pkg/action/detail/burger1__functions.c.o[0m
[8.332s] [ 20%] [32mBuilding C object CMakeFiles/host_pkg__rosidl_generator_c.dir/rosidl_generator_c/host_pkg/action/detail/burger1__type_support.c.o[0m
[8.683s] [ 22%] [32m[1mLinking C shared library libhost_pkg__rosidl_generator_c.so[0m
[8.804s] [ 22%] Built target host_pkg__rosidl_generator_c
[8.835s] [ 25%] [34m[1mGenerating C type support for eProsima Fast-RTPS[0m
[8.836s] [ 28%] [34m[1mGenerating C++ type support for eProsima Fast-RTPS[0m
[8.836s] [ 31%] [34m[1mGenerating C introspection for ROS interfaces[0m
[8.837s] [ 40%] [34m[1mGenerating C type support dispatch for ROS interfaces[0m
[8.838s] [ 40%] [34m[1mGenerating C++ introspection for ROS interfaces[0m
[8.838s] [ 40%] [34m[1mGenerating C++ type support dispatch for ROS interfaces[0m
[9.131s] [ 42%] [32mBuilding CXX object CMakeFiles/host_pkg__rosidl_typesupport_c.dir/rosidl_typesupport_c/host_pkg/action/burger1__type_support.cpp.o[0m
[9.134s] [ 45%] [32mBuilding CXX object CMakeFiles/host_pkg__rosidl_typesupport_cpp.dir/rosidl_typesupport_cpp/host_pkg/action/burger1__type_support.cpp.o[0m
[9.171s] [ 48%] [32m[1mLinking CXX shared library libhost_pkg__rosidl_typesupport_c.so[0m
[9.203s] [ 51%] [32mBuilding C object CMakeFiles/host_pkg__rosidl_typesupport_introspection_c.dir/rosidl_typesupport_introspection_c/host_pkg/action/detail/burger1__type_support.c.o[0m
[9.204s] [ 51%] Built target host_pkg__rosidl_typesupport_c
[9.211s] [ 54%] [32mBuilding CXX object CMakeFiles/host_pkg__rosidl_typesupport_introspection_cpp.dir/rosidl_typesupport_introspection_cpp/host_pkg/action/detail/burger1__type_support.cpp.o[0m
[9.249s] [ 57%] [32mBuilding CXX object CMakeFiles/host_pkg__rosidl_typesupport_fastrtps_cpp.dir/rosidl_typesupport_fastrtps_cpp/host_pkg/action/detail/dds_fastrtps/burger1__type_support.cpp.o[0m
[9.254s] [ 60%] [32m[1mLinking C shared library libhost_pkg__rosidl_typesupport_introspection_c.so[0m
[9.279s] [ 60%] Built target host_pkg__rosidl_typesupport_introspection_c
[9.301s] [ 62%] [32mBuilding CXX object CMakeFiles/host_pkg__rosidl_typesupport_fastrtps_c.dir/rosidl_typesupport_fastrtps_c/host_pkg/action/detail/burger1__type_support_c.cpp.o[0m
[9.610s] [ 65%] [32m[1mLinking CXX shared library libhost_pkg__rosidl_typesupport_cpp.so[0m
[9.673s] [ 65%] Built target host_pkg__rosidl_typesupport_cpp
[9.711s] [ 68%] [32m[1mLinking CXX shared library libhost_pkg__rosidl_typesupport_fastrtps_c.so[0m
[9.740s] [ 71%] [32m[1mLinking CXX shared library libhost_pkg__rosidl_typesupport_introspection_cpp.so[0m
[9.772s] [ 71%] Built target host_pkg__rosidl_typesupport_fastrtps_c
[9.801s] [ 71%] Built target host_pkg__rosidl_typesupport_introspection_cpp
[9.896s] [ 74%] [32m[1mLinking CXX shared library libhost_pkg__rosidl_typesupport_fastrtps_cpp.so[0m
[9.954s] [ 74%] Built target host_pkg__rosidl_typesupport_fastrtps_cpp
[9.989s] [ 74%] Built target host_pkg
[10.047s] [ 77%] [34m[1mGenerating Python code for ROS interfaces[0m
[10.569s] [ 77%] Built target host_pkg__py
[10.605s] [ 80%] [32mBuilding C object CMakeFiles/host_pkg__rosidl_generator_py.dir/rosidl_generator_py/host_pkg/action/_burger1_s.c.o[0m
[10.879s] [ 82%] [32m[1mLinking C shared library libhost_pkg__rosidl_generator_py.so[0m
[10.985s] [ 82%] Built target host_pkg__rosidl_generator_py
[11.050s] [ 88%] [32mBuilding C object CMakeFiles/host_pkg_s__rosidl_typesupport_fastrtps_c.dir/rosidl_generator_py/host_pkg/_host_pkg_s.ep.rosidl_typesupport_fastrtps_c.c.o[0m
[11.050s] [ 88%] [32mBuilding C object CMakeFiles/host_pkg_s__rosidl_typesupport_c.dir/rosidl_generator_py/host_pkg/_host_pkg_s.ep.rosidl_typesupport_c.c.o[0m
[11.052s] [ 91%] [32mBuilding C object CMakeFiles/host_pkg_s__rosidl_typesupport_introspection_c.dir/rosidl_generator_py/host_pkg/_host_pkg_s.ep.rosidl_typesupport_introspection_c.c.o[0m
[11.249s] [ 97%] [32m[1mLinking C shared module rosidl_generator_py/host_pkg/host_pkg_s__rosidl_typesupport_c.so[0m
[11.249s] [ 97%] [32m[1mLinking C shared module rosidl_generator_py/host_pkg/host_pkg_s__rosidl_typesupport_introspection_c.so[0m
[11.257s] [100%] [32m[1mLinking C shared module rosidl_generator_py/host_pkg/host_pkg_s__rosidl_typesupport_fastrtps_c.so[0m
[11.304s] [100%] Built target host_pkg_s__rosidl_typesupport_c
[11.305s] [100%] Built target host_pkg_s__rosidl_typesupport_introspection_c
[11.341s] [100%] Built target host_pkg_s__rosidl_typesupport_fastrtps_c
[11.377s] Invoked command in '/home/jeongje/final_project_ws/host/build/host_pkg' returned '0': CMAKE_PREFIX_PATH=${CMAKE_PREFIX_PATH}:/home/jeongje/turtlebot3_ws/install/turtlebot3_teleop:/home/jeongje/turtlebot3_ws/install/turtlebot3_example:/home/jeongje/robot_pinky/install/vicpinky_bringup:/home/jeongje/robot_pinky/install/pinky_llm:/opt/ros/jazzy DEBUGINFOD_URLS=https://debuginfod.ubuntu.com VIRTUAL_ENV_PROMPT=(ros) /usr/bin/cmake --build /home/jeongje/final_project_ws/host/build/host_pkg -- -j16 -l16
[11.407s] Invoking command in '/home/jeongje/final_project_ws/host/build/host_pkg': CMAKE_PREFIX_PATH=${CMAKE_PREFIX_PATH}:/home/jeongje/turtlebot3_ws/install/turtlebot3_teleop:/home/jeongje/turtlebot3_ws/install/turtlebot3_example:/home/jeongje/robot_pinky/install/vicpinky_bringup:/home/jeongje/robot_pinky/install/pinky_llm:/opt/ros/jazzy DEBUGINFOD_URLS=https://debuginfod.ubuntu.com VIRTUAL_ENV_PROMPT=(ros) /usr/bin/cmake --install /home/jeongje/final_project_ws/host/build/host_pkg
[11.432s] -- Install configuration: ""
[11.433s] -- Installing: /home/jeongje/final_project_ws/host/install/host_pkg/share/ament_index/resource_index/rosidl_interfaces/host_pkg
[11.433s] -- Installing: /home/jeongje/final_project_ws/host/install/host_pkg/share/host_pkg/action/Burger1.json
[11.434s] -- Installing: /home/jeongje/final_project_ws/host/install/host_pkg/include/host_pkg/host_pkg
[11.434s] -- Installing: /home/jeongje/final_project_ws/host/install/host_pkg/include/host_pkg/host_pkg/msg
[11.435s] -- Installing: /home/jeongje/final_project_ws/host/install/host_pkg/include/host_pkg/host_pkg/msg/rosidl_generator_c__visibility_control.h
[11.435s] -- Installing: /home/jeongje/final_project_ws/host/install/host_pkg/include/host_pkg/host_pkg/action
[11.435s] -- Installing: /home/jeongje/final_project_ws/host/install/host_pkg/include/host_pkg/host_pkg/action/detail
[11.436s] -- Installing: /home/jeongje/final_project_ws/host/install/host_pkg/include/host_pkg/host_pkg/action/detail/burger1__type_support.h
[11.436s] -- Installing: /home/jeongje/final_project_ws/host/install/host_pkg/include/host_pkg/host_pkg/action/detail/burger1__description.c
[11.436s] -- Installing: /home/jeongje/final_project_ws/host/install/host_pkg/include/host_pkg/host_pkg/action/detail/burger1__functions.h
[11.437s] -- Installing: /home/jeongje/final_project_ws/host/install/host_pkg/include/host_pkg/host_pkg/action/detail/burger1__struct.h
[11.437s] -- Installing: /home/jeongje/final_project_ws/host/install/host_pkg/include/host_pkg/host_pkg/action/detail/burger1__functions.c
[11.437s] -- Installing: /home/jeongje/final_project_ws/host/install/host_pkg/include/host_pkg/host_pkg/action/detail/burger1__type_support.c
[11.438s] -- Installing: /home/jeongje/final_project_ws/host/install/host_pkg/include/host_pkg/host_pkg/action/burger1.h
[11.438s] -- Installing: /home/jeongje/final_project_ws/host/install/host_pkg/share/host_pkg/environment/library_path.sh
[11.438s] -- Installing: /home/jeongje/final_project_ws/host/install/host_pkg/share/host_pkg/environment/library_path.dsv
[11.438s] -- Installing: /home/jeongje/final_project_ws/host/install/host_pkg/lib/libhost_pkg__rosidl_generator_c.so
[11.439s] -- Set non-toolchain portion of runtime path of "/home/jeongje/final_project_ws/host/install/host_pkg/lib/libhost_pkg__rosidl_generator_c.so" to ""
[11.440s] -- Up-to-date: /home/jeongje/final_project_ws/host/install/host_pkg/include/host_pkg/host_pkg
[11.440s] -- Up-to-date: /home/jeongje/final_project_ws/host/install/host_pkg/include/host_pkg/host_pkg/msg
[11.441s] -- Installing: /home/jeongje/final_project_ws/host/install/host_pkg/include/host_pkg/host_pkg/msg/rosidl_typesupport_fastrtps_c__visibility_control.h
[11.441s] -- Up-to-date: /home/jeongje/final_project_ws/host/install/host_pkg/include/host_pkg/host_pkg/action
[11.441s] -- Up-to-date: /home/jeongje/final_project_ws/host/install/host_pkg/include/host_pkg/host_pkg/action/detail
[11.441s] -- Installing: /home/jeongje/final_project_ws/host/install/host_pkg/include/host_pkg/host_pkg/action/detail/burger1__rosidl_typesupport_fastrtps_c.h
[11.441s] -- Installing: /home/jeongje/final_project_ws/host/install/host_pkg/lib/libhost_pkg__rosidl_typesupport_fastrtps_c.so
[11.441s] -- Set non-toolchain portion of runtime path of "/home/jeongje/final_project_ws/host/install/host_pkg/lib/libhost_pkg__rosidl_typesupport_fastrtps_c.so" to ""
[11.441s] -- Up-to-date: /home/jeongje/final_project_ws/host/install/host_pkg/include/host_pkg/host_pkg
[11.441s] -- Up-to-date: /home/jeongje/final_project_ws/host/install/host_pkg/include/host_pkg/host_pkg/msg
[11.442s] -- Installing: /home/jeongje/final_project_ws/host/install/host_pkg/include/host_pkg/host_pkg/msg/rosidl_generator_cpp__visibility_control.hpp
[11.442s] -- Up-to-date: /home/jeongje/final_project_ws/host/install/host_pkg/include/host_pkg/host_pkg/action
[11.442s] -- Installing: /home/jeongje/final_project_ws/host/install/host_pkg/include/host_pkg/host_pkg/action/burger1.hpp
[11.442s] -- Up-to-date: /home/jeongje/final_project_ws/host/install/host_pkg/include/host_pkg/host_pkg/action/detail
[11.442s] -- Installing: /home/jeongje/final_project_ws/host/install/host_pkg/include/host_pkg/host_pkg/action/detail/burger1__type_support.hpp
[11.442s] -- Installing: /home/jeongje/final_project_ws/host/install/host_pkg/include/host_pkg/host_pkg/action/detail/burger1__traits.hpp
[11.442s] -- Installing: /home/jeongje/final_project_ws/host/install/host_pkg/include/host_pkg/host_pkg/action/detail/burger1__struct.hpp
[11.442s] -- Installing: /home/jeongje/final_project_ws/host/install/host_pkg/include/host_pkg/host_pkg/action/detail/burger1__builder.hpp
[11.442s] -- Up-to-date: /home/jeongje/final_project_ws/host/install/host_pkg/include/host_pkg/host_pkg
[11.442s] -- Up-to-date: /home/jeongje/final_project_ws/host/install/host_pkg/include/host_pkg/host_pkg/msg
[11.442s] -- Installing: /home/jeongje/final_project_ws/host/install/host_pkg/include/host_pkg/host_pkg/msg/rosidl_typesupport_fastrtps_cpp__visibility_control.h
[11.442s] -- Up-to-date: /home/jeongje/final_project_ws/host/install/host_pkg/include/host_pkg/host_pkg/action
[11.442s] -- Up-to-date: /home/jeongje/final_project_ws/host/install/host_pkg/include/host_pkg/host_pkg/action/detail
[11.442s] -- Installing: /home/jeongje/final_project_ws/host/install/host_pkg/include/host_pkg/host_pkg/action/detail/burger1__rosidl_typesupport_fastrtps_cpp.hpp
[11.443s] -- Installing: /home/jeongje/final_project_ws/host/install/host_pkg/include/host_pkg/host_pkg/action/detail/dds_fastrtps
[11.443s] -- Installing: /home/jeongje/final_project_ws/host/install/host_pkg/lib/libhost_pkg__rosidl_typesupport_fastrtps_cpp.so
[11.443s] -- Set non-toolchain portion of runtime path of "/home/jeongje/final_project_ws/host/install/host_pkg/lib/libhost_pkg__rosidl_typesupport_fastrtps_cpp.so" to ""
[11.443s] -- Up-to-date: /home/jeongje/final_project_ws/host/install/host_pkg/include/host_pkg/host_pkg
[11.443s] -- Up-to-date: /home/jeongje/final_project_ws/host/install/host_pkg/include/host_pkg/host_pkg/msg
[11.443s] -- Installing: /home/jeongje/final_project_ws/host/install/host_pkg/include/host_pkg/host_pkg/msg/rosidl_typesupport_introspection_c__visibility_control.h
[11.443s] -- Up-to-date: /home/jeongje/final_project_ws/host/install/host_pkg/include/host_pkg/host_pkg/action
[11.443s] -- Up-to-date: /home/jeongje/final_project_ws/host/install/host_pkg/include/host_pkg/host_pkg/action/detail
[11.443s] -- Installing: /home/jeongje/final_project_ws/host/install/host_pkg/include/host_pkg/host_pkg/action/detail/burger1__rosidl_typesupport_introspection_c.h
[11.443s] -- Installing: /home/jeongje/final_project_ws/host/install/host_pkg/include/host_pkg/host_pkg/action/detail/burger1__type_support.c
[11.443s] -- Installing: /home/jeongje/final_project_ws/host/install/host_pkg/lib/libhost_pkg__rosidl_typesupport_introspection_c.so
[11.443s] -- Set non-toolchain portion of runtime path of "/home/jeongje/final_project_ws/host/install/host_pkg/lib/libhost_pkg__rosidl_typesupport_introspection_c.so" to ""
[11.443s] -- Installing: /home/jeongje/final_project_ws/host/install/host_pkg/lib/libhost_pkg__rosidl_typesupport_c.so
[11.443s] -- Set non-toolchain portion of runtime path of "/home/jeongje/final_project_ws/host/install/host_pkg/lib/libhost_pkg__rosidl_typesupport_c.so" to ""
[11.444s] -- Up-to-date: /home/jeongje/final_project_ws/host/install/host_pkg/include/host_pkg/host_pkg
[11.444s] -- Up-to-date: /home/jeongje/final_project_ws/host/install/host_pkg/include/host_pkg/host_pkg/action
[11.444s] -- Up-to-date: /home/jeongje/final_project_ws/host/install/host_pkg/include/host_pkg/host_pkg/action/detail
[11.444s] -- Installing: /home/jeongje/final_project_ws/host/install/host_pkg/include/host_pkg/host_pkg/action/detail/burger1__rosidl_typesupport_introspection_cpp.hpp
[11.444s] -- Installing: /home/jeongje/final_project_ws/host/install/host_pkg/include/host_pkg/host_pkg/action/detail/burger1__type_support.cpp
[11.444s] -- Installing: /home/jeongje/final_project_ws/host/install/host_pkg/lib/libhost_pkg__rosidl_typesupport_introspection_cpp.so
[11.444s] -- Set non-toolchain portion of runtime path of "/home/jeongje/final_project_ws/host/install/host_pkg/lib/libhost_pkg__rosidl_typesupport_introspection_cpp.so" to ""
[11.444s] -- Installing: /home/jeongje/final_project_ws/host/install/host_pkg/lib/libhost_pkg__rosidl_typesupport_cpp.so
[11.444s] -- Set non-toolchain portion of runtime path of "/home/jeongje/final_project_ws/host/install/host_pkg/lib/libhost_pkg__rosidl_typesupport_cpp.so" to ""
[11.444s] -- Installing: /home/jeongje/final_project_ws/host/install/host_pkg/share/host_pkg/environment/pythonpath.sh
[11.444s] -- Installing: /home/jeongje/final_project_ws/host/install/host_pkg/share/host_pkg/environment/pythonpath.dsv
[11.444s] -- Installing: /home/jeongje/final_project_ws/host/install/host_pkg/lib/python3.12/site-packages/host_pkg-0.0.0-py3.12.egg-info
[11.445s] -- Installing: /home/jeongje/final_project_ws/host/install/host_pkg/lib/python3.12/site-packages/host_pkg-0.0.0-py3.12.egg-info/top_level.txt
[11.445s] -- Installing: /home/jeongje/final_project_ws/host/install/host_pkg/lib/python3.12/site-packages/host_pkg-0.0.0-py3.12.egg-info/dependency_links.txt
[11.445s] -- Installing: /home/jeongje/final_project_ws/host/install/host_pkg/lib/python3.12/site-packages/host_pkg-0.0.0-py3.12.egg-info/SOURCES.txt
[11.445s] -- Installing: /home/jeongje/final_project_ws/host/install/host_pkg/lib/python3.12/site-packages/host_pkg-0.0.0-py3.12.egg-info/PKG-INFO
[11.445s] -- Installing: /home/jeongje/final_project_ws/host/install/host_pkg/lib/python3.12/site-packages/host_pkg
[11.445s] -- Installing: /home/jeongje/final_project_ws/host/install/host_pkg/lib/python3.12/site-packages/host_pkg/__init__.py
[11.445s] -- Installing: /home/jeongje/final_project_ws/host/install/host_pkg/lib/python3.12/site-packages/host_pkg/_host_pkg_s.ep.rosidl_typesupport_introspection_c.c
[11.445s] -- Installing: /home/jeongje/final_project_ws/host/install/host_pkg/lib/python3.12/site-packages/host_pkg/_host_pkg_s.ep.rosidl_typesupport_fastrtps_c.c
[11.445s] -- Installing: /home/jeongje/final_project_ws/host/install/host_pkg/lib/python3.12/site-packages/host_pkg/host_pkg_s__rosidl_typesupport_introspection_c.so
[11.445s] -- Installing: /home/jeongje/final_project_ws/host/install/host_pkg/lib/python3.12/site-packages/host_pkg/action
[11.445s] -- Installing: /home/jeongje/final_project_ws/host/install/host_pkg/lib/python3.12/site-packages/host_pkg/action/__init__.py
[11.445s] -- Installing: /home/jeongje/final_project_ws/host/install/host_pkg/lib/python3.12/site-packages/host_pkg/action/_burger1_s.c
[11.445s] -- Installing: /home/jeongje/final_project_ws/host/install/host_pkg/lib/python3.12/site-packages/host_pkg/action/_burger1.py
[11.445s] -- Installing: /home/jeongje/final_project_ws/host/install/host_pkg/lib/python3.12/site-packages/host_pkg/host_pkg_s__rosidl_typesupport_c.so
[11.446s] -- Installing: /home/jeongje/final_project_ws/host/install/host_pkg/lib/python3.12/site-packages/host_pkg/_host_pkg_s.ep.rosidl_typesupport_c.c
[11.446s] -- Installing: /home/jeongje/final_project_ws/host/install/host_pkg/lib/python3.12/site-packages/host_pkg/host_pkg_s__rosidl_typesupport_fastrtps_c.so
[11.525s] Listing '/home/jeongje/final_project_ws/host/install/host_pkg/lib/python3.12/site-packages/host_pkg'...
[11.525s] Compiling '/home/jeongje/final_project_ws/host/install/host_pkg/lib/python3.12/site-packages/host_pkg/__init__.py'...
[11.525s] Listing '/home/jeongje/final_project_ws/host/install/host_pkg/lib/python3.12/site-packages/host_pkg/action'...
[11.525s] Compiling '/home/jeongje/final_project_ws/host/install/host_pkg/lib/python3.12/site-packages/host_pkg/action/__init__.py'...
[11.525s] Compiling '/home/jeongje/final_project_ws/host/install/host_pkg/lib/python3.12/site-packages/host_pkg/action/_burger1.py'...
[11.530s] -- Installing: /home/jeongje/final_project_ws/host/install/host_pkg/lib/python3.12/site-packages/host_pkg/host_pkg_s__rosidl_typesupport_fastrtps_c.so
[11.530s] -- Set non-toolchain portion of runtime path of "/home/jeongje/final_project_ws/host/install/host_pkg/lib/python3.12/site-packages/host_pkg/host_pkg_s__rosidl_typesupport_fastrtps_c.so" to ""
[11.530s] -- Installing: /home/jeongje/final_project_ws/host/install/host_pkg/lib/python3.12/site-packages/host_pkg/host_pkg_s__rosidl_typesupport_introspection_c.so
[11.530s] -- Set non-toolchain portion of runtime path of "/home/jeongje/final_project_ws/host/install/host_pkg/lib/python3.12/site-packages/host_pkg/host_pkg_s__rosidl_typesupport_introspection_c.so" to ""
[11.531s] -- Installing: /home/jeongje/final_project_ws/host/install/host_pkg/lib/python3.12/site-packages/host_pkg/host_pkg_s__rosidl_typesupport_c.so
[11.531s] -- Set non-toolchain portion of runtime path of "/home/jeongje/final_project_ws/host/install/host_pkg/lib/python3.12/site-packages/host_pkg/host_pkg_s__rosidl_typesupport_c.so" to ""
[11.531s] -- Installing: /home/jeongje/final_project_ws/host/install/host_pkg/lib/libhost_pkg__rosidl_generator_py.so
[11.531s] -- Set non-toolchain portion of runtime path of "/home/jeongje/final_project_ws/host/install/host_pkg/lib/libhost_pkg__rosidl_generator_py.so" to ""
[11.531s] -- Installing: /home/jeongje/final_project_ws/host/install/host_pkg/share/ament_index/resource_index/rust_packages/host_pkg
[11.531s] -- Installing: /home/jeongje/final_project_ws/host/install/host_pkg/share/host_pkg/rust
[11.531s] -- Installing: /home/jeongje/final_project_ws/host/install/host_pkg/share/host_pkg/rust/src
[11.531s] -- Installing: /home/jeongje/final_project_ws/host/install/host_pkg/share/host_pkg/rust/src/lib.rs
[11.531s] -- Installing: /home/jeongje/final_project_ws/host/install/host_pkg/share/host_pkg/rust/src/action.rs
[11.531s] -- Installing: /home/jeongje/final_project_ws/host/install/host_pkg/share/host_pkg/rust/src/action
[11.531s] -- Installing: /home/jeongje/final_project_ws/host/install/host_pkg/share/host_pkg/rust/src/action/rmw.rs
[11.532s] -- Installing: /home/jeongje/final_project_ws/host/install/host_pkg/share/host_pkg/rust/Cargo.toml
[11.532s] -- Installing: /home/jeongje/final_project_ws/host/install/host_pkg/share/host_pkg/rust/build.rs
[11.532s] -- Installing: /home/jeongje/final_project_ws/host/install/host_pkg/share/host_pkg/action/Burger1.idl
[11.532s] -- Installing: /home/jeongje/final_project_ws/host/install/host_pkg/share/host_pkg/action/Burger1.action
[11.532s] -- Installing: /home/jeongje/final_project_ws/host/install/host_pkg/share/ament_index/resource_index/package_run_dependencies/host_pkg
[11.532s] -- Installing: /home/jeongje/final_project_ws/host/install/host_pkg/share/ament_index/resource_index/parent_prefix_path/host_pkg
[11.532s] -- Installing: /home/jeongje/final_project_ws/host/install/host_pkg/share/host_pkg/environment/ament_prefix_path.sh
[11.532s] -- Installing: /home/jeongje/final_project_ws/host/install/host_pkg/share/host_pkg/environment/ament_prefix_path.dsv
[11.532s] -- Installing: /home/jeongje/final_project_ws/host/install/host_pkg/share/host_pkg/environment/path.sh
[11.532s] -- Installing: /home/jeongje/final_project_ws/host/install/host_pkg/share/host_pkg/environment/path.dsv
[11.532s] -- Installing: /home/jeongje/final_project_ws/host/install/host_pkg/share/host_pkg/local_setup.bash
[11.532s] -- Installing: /home/jeongje/final_project_ws/host/install/host_pkg/share/host_pkg/local_setup.sh
[11.532s] -- Installing: /home/jeongje/final_project_ws/host/install/host_pkg/share/host_pkg/local_setup.zsh
[11.533s] -- Installing: /home/jeongje/final_project_ws/host/install/host_pkg/share/host_pkg/local_setup.dsv
[11.533s] -- Installing: /home/jeongje/final_project_ws/host/install/host_pkg/share/host_pkg/package.dsv
[11.533s] -- Installing: /home/jeongje/final_project_ws/host/install/host_pkg/share/ament_index/resource_index/packages/host_pkg
[11.533s] -- Installing: /home/jeongje/final_project_ws/host/install/host_pkg/share/host_pkg/cmake/export_host_pkg__rosidl_generator_cExport.cmake
[11.533s] -- Installing: /home/jeongje/final_project_ws/host/install/host_pkg/share/host_pkg/cmake/export_host_pkg__rosidl_generator_cExport-noconfig.cmake
[11.533s] -- Installing: /home/jeongje/final_project_ws/host/install/host_pkg/share/host_pkg/cmake/export_host_pkg__rosidl_typesupport_fastrtps_cExport.cmake
[11.533s] -- Installing: /home/jeongje/final_project_ws/host/install/host_pkg/share/host_pkg/cmake/export_host_pkg__rosidl_typesupport_fastrtps_cExport-noconfig.cmake
[11.533s] -- Installing: /home/jeongje/final_project_ws/host/install/host_pkg/share/host_pkg/cmake/export_host_pkg__rosidl_generator_cppExport.cmake
[11.533s] -- Installing: /home/jeongje/final_project_ws/host/install/host_pkg/share/host_pkg/cmake/export_host_pkg__rosidl_typesupport_fastrtps_cppExport.cmake
[11.533s] -- Installing: /home/jeongje/final_project_ws/host/install/host_pkg/share/host_pkg/cmake/export_host_pkg__rosidl_typesupport_fastrtps_cppExport-noconfig.cmake
[11.533s] -- Installing: /home/jeongje/final_project_ws/host/install/host_pkg/share/host_pkg/cmake/host_pkg__rosidl_typesupport_introspection_cExport.cmake
[11.533s] -- Installing: /home/jeongje/final_project_ws/host/install/host_pkg/share/host_pkg/cmake/host_pkg__rosidl_typesupport_introspection_cExport-noconfig.cmake
[11.534s] -- Installing: /home/jeongje/final_project_ws/host/install/host_pkg/share/host_pkg/cmake/host_pkg__rosidl_typesupport_cExport.cmake
[11.534s] -- Installing: /home/jeongje/final_project_ws/host/install/host_pkg/share/host_pkg/cmake/host_pkg__rosidl_typesupport_cExport-noconfig.cmake
[11.534s] -- Installing: /home/jeongje/final_project_ws/host/install/host_pkg/share/host_pkg/cmake/host_pkg__rosidl_typesupport_introspection_cppExport.cmake
[11.534s] -- Installing: /home/jeongje/final_project_ws/host/install/host_pkg/share/host_pkg/cmake/host_pkg__rosidl_typesupport_introspection_cppExport-noconfig.cmake
[11.534s] -- Installing: /home/jeongje/final_project_ws/host/install/host_pkg/share/host_pkg/cmake/host_pkg__rosidl_typesupport_cppExport.cmake
[11.534s] -- Installing: /home/jeongje/final_project_ws/host/install/host_pkg/share/host_pkg/cmake/host_pkg__rosidl_typesupport_cppExport-noconfig.cmake
[11.534s] -- Installing: /home/jeongje/final_project_ws/host/install/host_pkg/share/host_pkg/cmake/export_host_pkg__rosidl_generator_pyExport.cmake
[11.534s] -- Installing: /home/jeongje/final_project_ws/host/install/host_pkg/share/host_pkg/cmake/export_host_pkg__rosidl_generator_pyExport-noconfig.cmake
[11.534s] -- Installing: /home/jeongje/final_project_ws/host/install/host_pkg/share/host_pkg/cmake/rosidl_cmake-extras.cmake
[11.534s] -- Installing: /home/jeongje/final_project_ws/host/install/host_pkg/share/host_pkg/cmake/ament_cmake_export_dependencies-extras.cmake
[11.534s] -- Installing: /home/jeongje/final_project_ws/host/install/host_pkg/share/host_pkg/cmake/ament_cmake_export_include_directories-extras.cmake
[11.534s] -- Installing: /home/jeongje/final_project_ws/host/install/host_pkg/share/host_pkg/cmake/ament_cmake_export_libraries-extras.cmake
[11.534s] -- Installing: /home/jeongje/final_project_ws/host/install/host_pkg/share/host_pkg/cmake/ament_cmake_export_targets-extras.cmake
[11.534s] -- Installing: /home/jeongje/final_project_ws/host/install/host_pkg/share/host_pkg/cmake/rosidl_cmake_export_typesupport_targets-extras.cmake
[11.534s] -- Installing: /home/jeongje/final_project_ws/host/install/host_pkg/share/host_pkg/cmake/rosidl_cmake_export_typesupport_libraries-extras.cmake
[11.534s] -- Installing: /home/jeongje/final_project_ws/host/install/host_pkg/share/host_pkg/cmake/rosidl_cmake_aggregate_target-extras.cmake
[11.534s] -- Installing: /home/jeongje/final_project_ws/host/install/host_pkg/share/host_pkg/cmake/host_pkgConfig.cmake
[11.535s] -- Installing: /home/jeongje/final_project_ws/host/install/host_pkg/share/host_pkg/cmake/host_pkgConfig-version.cmake
[11.535s] -- Installing: /home/jeongje/final_project_ws/host/install/host_pkg/share/host_pkg/package.xml
[11.535s] Invoked command in '/home/jeongje/final_project_ws/host/build/host_pkg' returned '0': CMAKE_PREFIX_PATH=${CMAKE_PREFIX_PATH}:/home/jeongje/turtlebot3_ws/install/turtlebot3_teleop:/home/jeongje/turtlebot3_ws/install/turtlebot3_example:/home/jeongje/robot_pinky/install/vicpinky_bringup:/home/jeongje/robot_pinky/install/pinky_llm:/opt/ros/jazzy DEBUGINFOD_URLS=https://debuginfod.ubuntu.com VIRTUAL_ENV_PROMPT=(ros) /usr/bin/cmake --install /home/jeongje/final_project_ws/host/build/host_pkg
