[0.203s] DEBUG:colcon:Command line arguments: ['/usr/bin/colcon', 'build', '--packages-select', 'host_pkg']
[0.203s] DEBUG:colcon:Parsed command line arguments: Namespace(log_base=None, log_level=None, verb_name='build', build_base='build', install_base='install', merge_install=False, symlink_install=False, test_result_base=None, continue_on_error=False, executor='parallel', parallel_workers=16, event_handlers=None, ignore_user_meta=False, metas=['./colcon.meta'], base_paths=['.'], packages_ignore=None, packages_ignore_regex=None, paths=None, packages_up_to=None, packages_up_to_regex=None, packages_above=None, packages_above_and_dependencies=None, packages_above_depth=None, packages_select_by_dep=None, packages_skip_by_dep=None, packages_skip_up_to=None, packages_select_build_failed=False, packages_skip_build_finished=False, packages_select_test_failures=False, packages_skip_test_passed=False, packages_select=['host_pkg'], packages_skip=None, packages_select_regex=None, packages_skip_regex=None, packages_start=None, packages_end=None, allow_overriding=[], cmake_args=None, cmake_target=None, cmake_target_skip_unavailable=False, cmake_clean_cache=False, cmake_clean_first=False, cmake_force_configure=False, ament_cmake_args=None, catkin_cmake_args=None, catkin_skip_building_tests=False, mixin_files=None, mixin=None, verb_parser=<colcon_mixin.mixin.mixin_argument.MixinArgumentDecorator object at 0x7f704bb97a40>, verb_extension=<colcon_core.verb.build.BuildVerb object at 0x7f704bb97470>, main=<bound method BuildVerb.main of <colcon_core.verb.build.BuildVerb object at 0x7f704bb97470>>, mixin_verb=('build',))
[0.228s] Level 1:colcon.colcon_core.package_discovery:discover_packages(colcon_meta) check parameters
[0.228s] Level 1:colcon.colcon_core.package_discovery:discover_packages(recursive) check parameters
[0.228s] Level 1:colcon.colcon_core.package_discovery:discover_packages(ignore) check parameters
[0.228s] Level 1:colcon.colcon_core.package_discovery:discover_packages(path) check parameters
[0.228s] Level 1:colcon.colcon_core.package_discovery:discover_packages(colcon_meta) discover
[0.228s] Level 1:colcon.colcon_core.package_discovery:discover_packages(recursive) discover
[0.228s] INFO:colcon.colcon_core.package_discovery:Crawling recursively for packages in '/home/jeongje/final_project_ws/host'
[0.229s] Level 1:colcon.colcon_core.package_identification:_identify(.) by extensions ['ignore', 'ignore_ament_install']
[0.229s] Level 1:colcon.colcon_core.package_identification:_identify(.) by extension 'ignore'
[0.229s] Level 1:colcon.colcon_core.package_identification:_identify(.) by extension 'ignore_ament_install'
[0.229s] Level 1:colcon.colcon_core.package_identification:_identify(.) by extensions ['colcon_pkg']
[0.229s] Level 1:colcon.colcon_core.package_identification:_identify(.) by extension 'colcon_pkg'
[0.229s] Level 1:colcon.colcon_core.package_identification:_identify(.) by extensions ['colcon_meta']
[0.229s] Level 1:colcon.colcon_core.package_identification:_identify(.) by extension 'colcon_meta'
[0.229s] Level 1:colcon.colcon_core.package_identification:_identify(.) by extensions ['ros']
[0.229s] Level 1:colcon.colcon_core.package_identification:_identify(.) by extension 'ros'
[0.246s] Level 1:colcon.colcon_core.package_identification:_identify(.) by extensions ['cmake', 'python']
[0.246s] Level 1:colcon.colcon_core.package_identification:_identify(.) by extension 'cmake'
[0.246s] Level 1:colcon.colcon_core.package_identification:_identify(.) by extension 'python'
[0.246s] Level 1:colcon.colcon_core.package_identification:_identify(.) by extensions ['python_setup_py']
[0.246s] Level 1:colcon.colcon_core.package_identification:_identify(.) by extension 'python_setup_py'
[0.246s] Level 1:colcon.colcon_core.package_identification:_identify(build) by extensions ['ignore', 'ignore_ament_install']
[0.246s] Level 1:colcon.colcon_core.package_identification:_identify(build) by extension 'ignore'
[0.246s] Level 1:colcon.colcon_core.package_identification:_identify(build) ignored
[0.247s] Level 1:colcon.colcon_core.package_identification:_identify(install) by extensions ['ignore', 'ignore_ament_install']
[0.247s] Level 1:colcon.colcon_core.package_identification:_identify(install) by extension 'ignore'
[0.247s] Level 1:colcon.colcon_core.package_identification:_identify(install) ignored
[0.247s] Level 1:colcon.colcon_core.package_identification:_identify(log) by extensions ['ignore', 'ignore_ament_install']
[0.247s] Level 1:colcon.colcon_core.package_identification:_identify(log) by extension 'ignore'
[0.247s] Level 1:colcon.colcon_core.package_identification:_identify(log) ignored
[0.247s] Level 1:colcon.colcon_core.package_identification:_identify(src) by extensions ['ignore', 'ignore_ament_install']
[0.247s] Level 1:colcon.colcon_core.package_identification:_identify(src) by extension 'ignore'
[0.247s] Level 1:colcon.colcon_core.package_identification:_identify(src) by extension 'ignore_ament_install'
[0.247s] Level 1:colcon.colcon_core.package_identification:_identify(src) by extensions ['colcon_pkg']
[0.247s] Level 1:colcon.colcon_core.package_identification:_identify(src) by extension 'colcon_pkg'
[0.247s] Level 1:colcon.colcon_core.package_identification:_identify(src) by extensions ['colcon_meta']
[0.247s] Level 1:colcon.colcon_core.package_identification:_identify(src) by extension 'colcon_meta'
[0.247s] Level 1:colcon.colcon_core.package_identification:_identify(src) by extensions ['ros']
[0.247s] Level 1:colcon.colcon_core.package_identification:_identify(src) by extension 'ros'
[0.247s] Level 1:colcon.colcon_core.package_identification:_identify(src) by extensions ['cmake', 'python']
[0.247s] Level 1:colcon.colcon_core.package_identification:_identify(src) by extension 'cmake'
[0.247s] Level 1:colcon.colcon_core.package_identification:_identify(src) by extension 'python'
[0.247s] Level 1:colcon.colcon_core.package_identification:_identify(src) by extensions ['python_setup_py']
[0.247s] Level 1:colcon.colcon_core.package_identification:_identify(src) by extension 'python_setup_py'
[0.247s] Level 1:colcon.colcon_core.package_identification:_identify(src/host_pkg) by extensions ['ignore', 'ignore_ament_install']
[0.247s] Level 1:colcon.colcon_core.package_identification:_identify(src/host_pkg) by extension 'ignore'
[0.247s] Level 1:colcon.colcon_core.package_identification:_identify(src/host_pkg) by extension 'ignore_ament_install'
[0.247s] Level 1:colcon.colcon_core.package_identification:_identify(src/host_pkg) by extensions ['colcon_pkg']
[0.247s] Level 1:colcon.colcon_core.package_identification:_identify(src/host_pkg) by extension 'colcon_pkg'
[0.247s] Level 1:colcon.colcon_core.package_identification:_identify(src/host_pkg) by extensions ['colcon_meta']
[0.247s] Level 1:colcon.colcon_core.package_identification:_identify(src/host_pkg) by extension 'colcon_meta'
[0.247s] Level 1:colcon.colcon_core.package_identification:_identify(src/host_pkg) by extensions ['ros']
[0.247s] Level 1:colcon.colcon_core.package_identification:_identify(src/host_pkg) by extension 'ros'
[0.249s] DEBUG:colcon.colcon_core.package_identification:Package 'src/host_pkg' with type 'ros.ament_cmake' and name 'host_pkg'
[0.249s] Level 1:colcon.colcon_core.package_discovery:discover_packages(recursive) using defaults
[0.249s] Level 1:colcon.colcon_core.package_discovery:discover_packages(ignore) discover
[0.249s] Level 1:colcon.colcon_core.package_discovery:discover_packages(ignore) using defaults
[0.249s] Level 1:colcon.colcon_core.package_discovery:discover_packages(path) discover
[0.249s] Level 1:colcon.colcon_core.package_discovery:discover_packages(path) using defaults
[0.261s] Level 1:colcon.colcon_core.package_discovery:discover_packages(prefix_path) check parameters
[0.261s] Level 1:colcon.colcon_core.package_discovery:discover_packages(prefix_path) discover
[0.261s] WARNING:colcon.colcon_ros.prefix_path.ament:The path '/home/jeongje/final_project_ws/host/install/host_pkg' in the environment variable AMENT_PREFIX_PATH doesn't exist
[0.262s] WARNING:colcon.colcon_ros.prefix_path.catkin:The path '/home/jeongje/final_project_ws/host/install/host_pkg' in the environment variable CMAKE_PREFIX_PATH doesn't exist
[0.262s] DEBUG:colcon.colcon_installed_package_information.package_discovery:Found 0 installed packages in /home/jeongje/final_project_ws/host/install
[0.263s] DEBUG:colcon.colcon_installed_package_information.package_discovery:Found 15 installed packages in /home/jeongje/turtlebot3_ws/install
[0.263s] DEBUG:colcon.colcon_installed_package_information.package_discovery:Found 6 installed packages in /home/jeongje/robot_pinky/install
[0.265s] DEBUG:colcon.colcon_installed_package_information.package_discovery:Found 402 installed packages in /opt/ros/jazzy
[0.268s] Level 1:colcon.colcon_core.package_discovery:discover_packages(prefix_path) using defaults
[0.330s] Level 5:colcon.colcon_core.verb:set package 'host_pkg' build argument 'cmake_args' from command line to 'None'
[0.330s] Level 5:colcon.colcon_core.verb:set package 'host_pkg' build argument 'cmake_target' from command line to 'None'
[0.330s] Level 5:colcon.colcon_core.verb:set package 'host_pkg' build argument 'cmake_target_skip_unavailable' from command line to 'False'
[0.330s] Level 5:colcon.colcon_core.verb:set package 'host_pkg' build argument 'cmake_clean_cache' from command line to 'False'
[0.330s] Level 5:colcon.colcon_core.verb:set package 'host_pkg' build argument 'cmake_clean_first' from command line to 'False'
[0.330s] Level 5:colcon.colcon_core.verb:set package 'host_pkg' build argument 'cmake_force_configure' from command line to 'False'
[0.330s] Level 5:colcon.colcon_core.verb:set package 'host_pkg' build argument 'ament_cmake_args' from command line to 'None'
[0.330s] Level 5:colcon.colcon_core.verb:set package 'host_pkg' build argument 'catkin_cmake_args' from command line to 'None'
[0.330s] Level 5:colcon.colcon_core.verb:set package 'host_pkg' build argument 'catkin_skip_building_tests' from command line to 'False'
[0.331s] DEBUG:colcon.colcon_core.verb:Building package 'host_pkg' with the following arguments: {'ament_cmake_args': None, 'build_base': '/home/jeongje/final_project_ws/host/build/host_pkg', 'catkin_cmake_args': None, 'catkin_skip_building_tests': False, 'cmake_args': None, 'cmake_clean_cache': False, 'cmake_clean_first': False, 'cmake_force_configure': False, 'cmake_target': None, 'cmake_target_skip_unavailable': False, 'install_base': '/home/jeongje/final_project_ws/host/install/host_pkg', 'merge_install': False, 'path': '/home/jeongje/final_project_ws/host/src/host_pkg', 'symlink_install': False, 'test_result_base': None}
[0.331s] INFO:colcon.colcon_core.executor:Executing jobs using 'parallel' executor
[0.332s] DEBUG:colcon.colcon_parallel_executor.executor.parallel:run_until_complete
[0.332s] INFO:colcon.colcon_ros.task.ament_cmake.build:Building ROS package in '/home/jeongje/final_project_ws/host/src/host_pkg' with build type 'ament_cmake'
[0.332s] INFO:colcon.colcon_cmake.task.cmake.build:Building CMake package in '/home/jeongje/final_project_ws/host/src/host_pkg'
[0.334s] INFO:colcon.colcon_core.plugin_system:Skipping extension 'colcon_core.shell.bat': Not used on non-Windows systems
[0.334s] INFO:colcon.colcon_core.shell:Skip shell extension 'powershell' for command environment: Not usable outside of PowerShell
[0.335s] DEBUG:colcon.colcon_core.shell:Skip shell extension 'dsv' for command environment
[0.347s] DEBUG:colcon.colcon_core.event_handler.log_command:Invoking command in '/home/jeongje/final_project_ws/host/build/host_pkg': CMAKE_PREFIX_PATH=${CMAKE_PREFIX_PATH}:/home/jeongje/turtlebot3_ws/install/turtlebot3_teleop:/home/jeongje/turtlebot3_ws/install/turtlebot3_example:/home/jeongje/robot_pinky/install/vicpinky_bringup:/home/jeongje/robot_pinky/install/pinky_llm:/opt/ros/jazzy DEBUGINFOD_URLS=https://debuginfod.ubuntu.com VIRTUAL_ENV_PROMPT=(ros) /usr/bin/cmake /home/jeongje/final_project_ws/host/src/host_pkg -DCMAKE_INSTALL_PREFIX=/home/jeongje/final_project_ws/host/install/host_pkg
[8.009s] DEBUG:colcon.colcon_core.event_handler.log_command:Invoked command in '/home/jeongje/final_project_ws/host/build/host_pkg' returned '0': CMAKE_PREFIX_PATH=${CMAKE_PREFIX_PATH}:/home/jeongje/turtlebot3_ws/install/turtlebot3_teleop:/home/jeongje/turtlebot3_ws/install/turtlebot3_example:/home/jeongje/robot_pinky/install/vicpinky_bringup:/home/jeongje/robot_pinky/install/pinky_llm:/opt/ros/jazzy DEBUGINFOD_URLS=https://debuginfod.ubuntu.com VIRTUAL_ENV_PROMPT=(ros) /usr/bin/cmake /home/jeongje/final_project_ws/host/src/host_pkg -DCMAKE_INSTALL_PREFIX=/home/jeongje/final_project_ws/host/install/host_pkg
[8.009s] DEBUG:colcon.colcon_core.event_handler.log_command:Invoking command in '/home/jeongje/final_project_ws/host/build/host_pkg': CMAKE_PREFIX_PATH=${CMAKE_PREFIX_PATH}:/home/jeongje/turtlebot3_ws/install/turtlebot3_teleop:/home/jeongje/turtlebot3_ws/install/turtlebot3_example:/home/jeongje/robot_pinky/install/vicpinky_bringup:/home/jeongje/robot_pinky/install/pinky_llm:/opt/ros/jazzy DEBUGINFOD_URLS=https://debuginfod.ubuntu.com VIRTUAL_ENV_PROMPT=(ros) /usr/bin/cmake --build /home/jeongje/final_project_ws/host/build/host_pkg -- -j16 -l16
[11.709s] DEBUG:colcon.colcon_core.event_handler.log_command:Invoked command in '/home/jeongje/final_project_ws/host/build/host_pkg' returned '0': CMAKE_PREFIX_PATH=${CMAKE_PREFIX_PATH}:/home/jeongje/turtlebot3_ws/install/turtlebot3_teleop:/home/jeongje/turtlebot3_ws/install/turtlebot3_example:/home/jeongje/robot_pinky/install/vicpinky_bringup:/home/jeongje/robot_pinky/install/pinky_llm:/opt/ros/jazzy DEBUGINFOD_URLS=https://debuginfod.ubuntu.com VIRTUAL_ENV_PROMPT=(ros) /usr/bin/cmake --build /home/jeongje/final_project_ws/host/build/host_pkg -- -j16 -l16
[11.741s] DEBUG:colcon.colcon_core.event_handler.log_command:Invoking command in '/home/jeongje/final_project_ws/host/build/host_pkg': CMAKE_PREFIX_PATH=${CMAKE_PREFIX_PATH}:/home/jeongje/turtlebot3_ws/install/turtlebot3_teleop:/home/jeongje/turtlebot3_ws/install/turtlebot3_example:/home/jeongje/robot_pinky/install/vicpinky_bringup:/home/jeongje/robot_pinky/install/pinky_llm:/opt/ros/jazzy DEBUGINFOD_URLS=https://debuginfod.ubuntu.com VIRTUAL_ENV_PROMPT=(ros) /usr/bin/cmake --install /home/jeongje/final_project_ws/host/build/host_pkg
[11.867s] Level 1:colcon.colcon_core.environment:create_environment_scripts_only(host_pkg)
[11.868s] DEBUG:colcon.colcon_core.event_handler.log_command:Invoked command in '/home/jeongje/final_project_ws/host/build/host_pkg' returned '0': CMAKE_PREFIX_PATH=${CMAKE_PREFIX_PATH}:/home/jeongje/turtlebot3_ws/install/turtlebot3_teleop:/home/jeongje/turtlebot3_ws/install/turtlebot3_example:/home/jeongje/robot_pinky/install/vicpinky_bringup:/home/jeongje/robot_pinky/install/pinky_llm:/opt/ros/jazzy DEBUGINFOD_URLS=https://debuginfod.ubuntu.com VIRTUAL_ENV_PROMPT=(ros) /usr/bin/cmake --install /home/jeongje/final_project_ws/host/build/host_pkg
[11.869s] Level 1:colcon.colcon_core.environment:checking '/home/jeongje/final_project_ws/host/install/host_pkg' for CMake module files
[11.870s] Level 1:colcon.colcon_core.environment:checking '/home/jeongje/final_project_ws/host/install/host_pkg' for CMake config files
[11.870s] Level 1:colcon.colcon_core.shell:create_environment_hook('host_pkg', 'cmake_prefix_path')
[11.870s] INFO:colcon.colcon_core.shell:Creating environment hook '/home/jeongje/final_project_ws/host/install/host_pkg/share/host_pkg/hook/cmake_prefix_path.ps1'
[11.871s] INFO:colcon.colcon_core.shell:Creating environment descriptor '/home/jeongje/final_project_ws/host/install/host_pkg/share/host_pkg/hook/cmake_prefix_path.dsv'
[11.871s] INFO:colcon.colcon_core.shell:Creating environment hook '/home/jeongje/final_project_ws/host/install/host_pkg/share/host_pkg/hook/cmake_prefix_path.sh'
[11.872s] Level 1:colcon.colcon_core.environment:checking '/home/jeongje/final_project_ws/host/install/host_pkg/lib'
[11.872s] Level 1:colcon.colcon_core.shell:create_environment_hook('host_pkg', 'ld_library_path_lib')
[11.872s] INFO:colcon.colcon_core.shell:Creating environment hook '/home/jeongje/final_project_ws/host/install/host_pkg/share/host_pkg/hook/ld_library_path_lib.ps1'
[11.872s] INFO:colcon.colcon_core.shell:Creating environment descriptor '/home/jeongje/final_project_ws/host/install/host_pkg/share/host_pkg/hook/ld_library_path_lib.dsv'
[11.873s] INFO:colcon.colcon_core.shell:Creating environment hook '/home/jeongje/final_project_ws/host/install/host_pkg/share/host_pkg/hook/ld_library_path_lib.sh'
[11.873s] Level 1:colcon.colcon_core.environment:checking '/home/jeongje/final_project_ws/host/install/host_pkg/bin'
[11.873s] Level 1:colcon.colcon_core.environment:checking '/home/jeongje/final_project_ws/host/install/host_pkg/lib/pkgconfig/host_pkg.pc'
[11.873s] Level 1:colcon.colcon_core.environment:checking '/home/jeongje/final_project_ws/host/install/host_pkg/lib/python3.12/site-packages'
[11.873s] Level 1:colcon.colcon_core.shell:create_environment_hook('host_pkg', 'pythonpath')
[11.874s] INFO:colcon.colcon_core.shell:Creating environment hook '/home/jeongje/final_project_ws/host/install/host_pkg/share/host_pkg/hook/pythonpath.ps1'
[11.874s] INFO:colcon.colcon_core.shell:Creating environment descriptor '/home/jeongje/final_project_ws/host/install/host_pkg/share/host_pkg/hook/pythonpath.dsv'
[11.874s] INFO:colcon.colcon_core.shell:Creating environment hook '/home/jeongje/final_project_ws/host/install/host_pkg/share/host_pkg/hook/pythonpath.sh'
[11.875s] Level 1:colcon.colcon_core.environment:checking '/home/jeongje/final_project_ws/host/install/host_pkg/bin'
[11.875s] INFO:colcon.colcon_core.shell:Creating package script '/home/jeongje/final_project_ws/host/install/host_pkg/share/host_pkg/package.ps1'
[11.876s] INFO:colcon.colcon_core.shell:Creating package descriptor '/home/jeongje/final_project_ws/host/install/host_pkg/share/host_pkg/package.dsv'
[11.876s] INFO:colcon.colcon_core.shell:Creating package script '/home/jeongje/final_project_ws/host/install/host_pkg/share/host_pkg/package.sh'
[11.877s] INFO:colcon.colcon_core.shell:Creating package script '/home/jeongje/final_project_ws/host/install/host_pkg/share/host_pkg/package.bash'
[11.877s] INFO:colcon.colcon_core.shell:Creating package script '/home/jeongje/final_project_ws/host/install/host_pkg/share/host_pkg/package.zsh'
[11.878s] Level 1:colcon.colcon_core.environment:create_file_with_runtime_dependencies(/home/jeongje/final_project_ws/host/install/host_pkg/share/colcon-core/packages/host_pkg)
[11.878s] Level 1:colcon.colcon_core.environment:create_environment_scripts_only(host_pkg)
[11.878s] Level 1:colcon.colcon_core.environment:checking '/home/jeongje/final_project_ws/host/install/host_pkg' for CMake module files
[11.879s] Level 1:colcon.colcon_core.environment:checking '/home/jeongje/final_project_ws/host/install/host_pkg' for CMake config files
[11.879s] Level 1:colcon.colcon_core.shell:create_environment_hook('host_pkg', 'cmake_prefix_path')
[11.879s] INFO:colcon.colcon_core.shell:Creating environment hook '/home/jeongje/final_project_ws/host/install/host_pkg/share/host_pkg/hook/cmake_prefix_path.ps1'
[11.879s] INFO:colcon.colcon_core.shell:Creating environment descriptor '/home/jeongje/final_project_ws/host/install/host_pkg/share/host_pkg/hook/cmake_prefix_path.dsv'
[11.880s] INFO:colcon.colcon_core.shell:Creating environment hook '/home/jeongje/final_project_ws/host/install/host_pkg/share/host_pkg/hook/cmake_prefix_path.sh'
[11.880s] Level 1:colcon.colcon_core.environment:checking '/home/jeongje/final_project_ws/host/install/host_pkg/lib'
[11.880s] Level 1:colcon.colcon_core.shell:create_environment_hook('host_pkg', 'ld_library_path_lib')
[11.880s] INFO:colcon.colcon_core.shell:Creating environment hook '/home/jeongje/final_project_ws/host/install/host_pkg/share/host_pkg/hook/ld_library_path_lib.ps1'
[11.881s] INFO:colcon.colcon_core.shell:Creating environment descriptor '/home/jeongje/final_project_ws/host/install/host_pkg/share/host_pkg/hook/ld_library_path_lib.dsv'
[11.881s] INFO:colcon.colcon_core.shell:Creating environment hook '/home/jeongje/final_project_ws/host/install/host_pkg/share/host_pkg/hook/ld_library_path_lib.sh'
[11.881s] Level 1:colcon.colcon_core.environment:checking '/home/jeongje/final_project_ws/host/install/host_pkg/bin'
[11.881s] Level 1:colcon.colcon_core.environment:checking '/home/jeongje/final_project_ws/host/install/host_pkg/lib/pkgconfig/host_pkg.pc'
[11.882s] Level 1:colcon.colcon_core.environment:checking '/home/jeongje/final_project_ws/host/install/host_pkg/lib/python3.12/site-packages'
[11.882s] Level 1:colcon.colcon_core.shell:create_environment_hook('host_pkg', 'pythonpath')
[11.882s] INFO:colcon.colcon_core.shell:Creating environment hook '/home/jeongje/final_project_ws/host/install/host_pkg/share/host_pkg/hook/pythonpath.ps1'
[11.882s] INFO:colcon.colcon_core.shell:Creating environment descriptor '/home/jeongje/final_project_ws/host/install/host_pkg/share/host_pkg/hook/pythonpath.dsv'
[11.882s] INFO:colcon.colcon_core.shell:Creating environment hook '/home/jeongje/final_project_ws/host/install/host_pkg/share/host_pkg/hook/pythonpath.sh'
[11.883s] Level 1:colcon.colcon_core.environment:checking '/home/jeongje/final_project_ws/host/install/host_pkg/bin'
[11.884s] INFO:colcon.colcon_core.shell:Creating package script '/home/jeongje/final_project_ws/host/install/host_pkg/share/host_pkg/package.ps1'
[11.887s] INFO:colcon.colcon_core.shell:Creating package descriptor '/home/jeongje/final_project_ws/host/install/host_pkg/share/host_pkg/package.dsv'
[11.888s] INFO:colcon.colcon_core.shell:Creating package script '/home/jeongje/final_project_ws/host/install/host_pkg/share/host_pkg/package.sh'
[11.890s] INFO:colcon.colcon_core.shell:Creating package script '/home/jeongje/final_project_ws/host/install/host_pkg/share/host_pkg/package.bash'
[11.891s] INFO:colcon.colcon_core.shell:Creating package script '/home/jeongje/final_project_ws/host/install/host_pkg/share/host_pkg/package.zsh'
[11.892s] Level 1:colcon.colcon_core.environment:create_file_with_runtime_dependencies(/home/jeongje/final_project_ws/host/install/host_pkg/share/colcon-core/packages/host_pkg)
[11.893s] DEBUG:colcon.colcon_parallel_executor.executor.parallel:closing loop
[11.894s] DEBUG:colcon.colcon_parallel_executor.executor.parallel:loop closed
[11.895s] DEBUG:colcon.colcon_parallel_executor.executor.parallel:run_until_complete finished with '0'
[11.895s] DEBUG:colcon.colcon_core.event_reactor:joining thread
[11.914s] INFO:colcon.colcon_core.plugin_system:Skipping extension 'colcon_notification.desktop_notification.terminal_notifier': Not used on non-Darwin systems
[11.915s] INFO:colcon.colcon_core.plugin_system:Skipping extension 'colcon_notification.desktop_notification.win32': Not used on non-Windows systems
[11.915s] INFO:colcon.colcon_notification.desktop_notification:Sending desktop notification using 'notify2'
[11.958s] DEBUG:colcon.colcon_core.event_reactor:joined thread
[11.958s] INFO:colcon.colcon_core.shell:Creating prefix script '/home/jeongje/final_project_ws/host/install/local_setup.ps1'
[11.961s] INFO:colcon.colcon_core.shell:Creating prefix util module '/home/jeongje/final_project_ws/host/install/_local_setup_util_ps1.py'
[11.964s] INFO:colcon.colcon_core.shell:Creating prefix chain script '/home/jeongje/final_project_ws/host/install/setup.ps1'
[11.970s] INFO:colcon.colcon_core.shell:Creating prefix script '/home/jeongje/final_project_ws/host/install/local_setup.sh'
[11.971s] INFO:colcon.colcon_core.shell:Creating prefix util module '/home/jeongje/final_project_ws/host/install/_local_setup_util_sh.py'
[11.973s] INFO:colcon.colcon_core.shell:Creating prefix chain script '/home/jeongje/final_project_ws/host/install/setup.sh'
[11.978s] INFO:colcon.colcon_core.shell:Creating prefix script '/home/jeongje/final_project_ws/host/install/local_setup.bash'
[11.980s] INFO:colcon.colcon_core.shell:Creating prefix chain script '/home/jeongje/final_project_ws/host/install/setup.bash'
[11.984s] INFO:colcon.colcon_core.shell:Creating prefix script '/home/jeongje/final_project_ws/host/install/local_setup.zsh'
[11.986s] INFO:colcon.colcon_core.shell:Creating prefix chain script '/home/jeongje/final_project_ws/host/install/setup.zsh'
