[0.016s] Invoking command in '/home/jeongje/final_project_ws/host/build/host_pkg': CMAKE_PREFIX_PATH=${CMAKE_PREFIX_PATH}:/home/jeongje/turtlebot3_ws/install/turtlebot3_teleop:/home/jeongje/turtlebot3_ws/install/turtlebot3_example:/home/jeongje/robot_pinky/install/vicpinky_bringup:/home/jeongje/robot_pinky/install/pinky_llm:/opt/ros/jazzy DEBUGINFOD_URLS=https://debuginfod.ubuntu.com /usr/bin/cmake --build /home/jeongje/final_project_ws/host/build/host_pkg -- -j16 -l16
[0.081s] -- Found ament_cmake: 2.5.6 (/opt/ros/jazzy/share/ament_cmake/cmake)
[0.452s] -- Found rclcpp: 28.1.21 (/opt/ros/jazzy/share/rclcpp/cmake)
[0.523s] -- Found rosidl_generator_c: 4.6.9 (/opt/ros/jazzy/share/rosidl_generator_c/cmake)
[0.535s] -- Found rosidl_generator_cpp: 4.6.9 (/opt/ros/jazzy/share/rosidl_generator_cpp/cmake)
[0.583s] -- Using all available rosidl_typesupport_c: rosidl_typesupport_fastrtps_c;rosidl_typesupport_introspection_c
[0.649s] -- Using all available rosidl_typesupport_cpp: rosidl_typesupport_fastrtps_cpp;rosidl_typesupport_introspection_cpp
[0.927s] -- Found rmw_implementation_cmake: 7.3.3 (/opt/ros/jazzy/share/rmw_implementation_cmake/cmake)
[0.937s] -- Found rmw_fastrtps_cpp: 8.4.4 (/opt/ros/jazzy/share/rmw_fastrtps_cpp/cmake)
[1.216s] -- Using RMW implementation 'rmw_fastrtps_cpp' as default
[1.525s] -- Found rclpy: 7.1.11 (/opt/ros/jazzy/share/rclpy/cmake)
[1.526s] -- Found rclcpp_action: 28.1.21 (/opt/ros/jazzy/share/rclcpp_action/cmake)
[1.595s] -- Found rosidl_default_generators: 1.6.1 (/opt/ros/jazzy/share/rosidl_default_generators/cmake)
[1.610s] -- Found rosidl_adapter: 4.6.9 (/opt/ros/jazzy/share/rosidl_adapter/cmake)
[1.613s] -- Found ament_lint_auto: 0.17.5 (/opt/ros/jazzy/share/ament_lint_auto/cmake)
[2.372s] -- Found ament_cmake_ros: 0.12.1 (/opt/ros/jazzy/share/ament_cmake_ros/cmake)
[2.674s] -- Using all available rosidl_typesupport_c: rosidl_typesupport_fastrtps_c;rosidl_typesupport_introspection_c
[2.816s] -- Using all available rosidl_typesupport_cpp: rosidl_typesupport_fastrtps_cpp;rosidl_typesupport_introspection_cpp
[2.819s] -- Found python_cmake_module: 0.11.1 (/opt/ros/jazzy/share/python_cmake_module/cmake)
[3.440s] -- Found Python3: /home/jeongje/venv/ros/bin/python3 (found version "3.12.3") found components: Interpreter Development NumPy Development.Module Development.Embed 
[3.582s] -- Found Python3: /home/jeongje/venv/ros/bin/python3 (found version "3.12.3") found components: Interpreter 
[3.614s] -- Added test 'cppcheck' to perform static code analysis on C / C++ code
[3.616s] -- Configured cppcheck include dirs: 
[3.616s] -- Configured cppcheck exclude dirs and/or files: 
[3.619s] -- Added test 'flake8' to check Python code syntax and style conventions
[3.620s] -- Configured 'flake8' exclude dirs and/or files: 
[3.624s] -- Added test 'lint_cmake' to check CMake code style
[3.627s] -- Added test 'pep257' to check Python code against some of the docstring style conventions in PEP 257
[3.643s] -- Added test 'uncrustify' to check C / C++ code style
[3.644s] -- Configured uncrustify additional arguments: 
[3.647s] -- Added test 'xmllint' to check XML markup files
[3.667s] -- Configuring done (3.6s)
[3.812s] -- Generating done (0.1s)
[3.828s] -- Build files have been written to: /home/jeongje/final_project_ws/host/build/host_pkg
[3.902s] [  2%] Built target host_pkg__rosidl_generator_type_description
[3.933s] [  5%] Built target host_pkg__rs
[3.935s] [  5%] Built target ament_cmake_python_copy_host_pkg
[3.974s] [  8%] Built target host_pkg__cpp
[4.000s] [ 11%] [32mBuilding C object CMakeFiles/host_pkg__rosidl_generator_c.dir/rosidl_generator_c/host_pkg/action/detail/burger__functions.c.o[0m
[4.003s] [ 14%] [32mBuilding C object CMakeFiles/host_pkg__rosidl_generator_c.dir/rosidl_generator_c/host_pkg/action/detail/burger__type_support.c.o[0m
[4.007s] [ 17%] [32mBuilding C object CMakeFiles/host_pkg__rosidl_generator_c.dir/rosidl_generator_c/host_pkg/action/detail/burger__description.c.o[0m
[4.211s] [ 20%] [32m[1mLinking C shared library libhost_pkg__rosidl_generator_c.so[0m
[4.271s] [ 22%] Built target host_pkg__rosidl_generator_c
[4.301s] [ 25%] [32mBuilding C object CMakeFiles/host_pkg__rosidl_typesupport_introspection_c.dir/rosidl_typesupport_introspection_c/host_pkg/action/detail/burger__type_support.c.o[0m
[4.304s] [ 31%] [32mBuilding CXX object CMakeFiles/host_pkg__rosidl_typesupport_introspection_cpp.dir/rosidl_typesupport_introspection_cpp/host_pkg/action/detail/burger__type_support.cpp.o[0m
[4.304s] [ 31%] [32mBuilding CXX object CMakeFiles/host_pkg__rosidl_typesupport_fastrtps_c.dir/rosidl_typesupport_fastrtps_c/host_pkg/action/detail/burger__type_support_c.cpp.o[0m
[4.304s] [ 34%] [32mBuilding CXX object CMakeFiles/host_pkg__rosidl_typesupport_cpp.dir/rosidl_typesupport_cpp/host_pkg/action/burger__type_support.cpp.o[0m
[4.305s] [ 37%] [32mBuilding CXX object CMakeFiles/host_pkg__rosidl_typesupport_c.dir/rosidl_typesupport_c/host_pkg/action/burger__type_support.cpp.o[0m
[4.313s] [ 40%] [32mBuilding CXX object CMakeFiles/host_pkg__rosidl_typesupport_fastrtps_cpp.dir/rosidl_typesupport_fastrtps_cpp/host_pkg/action/detail/dds_fastrtps/burger__type_support.cpp.o[0m
[4.320s] running egg_info
[4.340s] writing host_pkg.egg-info/PKG-INFO
[4.340s] writing dependency_links to host_pkg.egg-info/dependency_links.txt
[4.340s] writing top-level names to host_pkg.egg-info/top_level.txt
[4.368s] [ 42%] [32m[1mLinking C shared library libhost_pkg__rosidl_typesupport_introspection_c.so[0m
[4.391s] reading manifest file 'host_pkg.egg-info/SOURCES.txt'
[4.392s] writing manifest file 'host_pkg.egg-info/SOURCES.txt'
[4.394s] [ 45%] Built target host_pkg__rosidl_typesupport_introspection_c
[4.397s] [ 48%] [32m[1mLinking CXX shared library libhost_pkg__rosidl_typesupport_c.so[0m
[4.420s] [ 48%] Built target ament_cmake_python_build_host_pkg_egg
[4.433s] [ 51%] Built target host_pkg__rosidl_typesupport_c
[4.809s] [ 54%] [32m[1mLinking CXX shared library libhost_pkg__rosidl_typesupport_fastrtps_c.so[0m
[4.871s] [ 57%] [32m[1mLinking CXX shared library libhost_pkg__rosidl_typesupport_cpp.so[0m
[4.871s] [ 60%] [32m[1mLinking CXX shared library libhost_pkg__rosidl_typesupport_introspection_cpp.so[0m
[4.881s] [ 62%] Built target host_pkg__rosidl_typesupport_fastrtps_c
[4.981s] [ 65%] Built target host_pkg__rosidl_typesupport_introspection_cpp
[4.988s] [ 68%] Built target host_pkg__rosidl_typesupport_cpp
[5.331s] [ 71%] [32m[1mLinking CXX shared library libhost_pkg__rosidl_typesupport_fastrtps_cpp.so[0m
[5.488s] [ 74%] Built target host_pkg__rosidl_typesupport_fastrtps_cpp
[5.550s] [ 74%] Built target host_pkg
[5.615s] [ 77%] Built target host_pkg__py
[5.675s] [ 80%] [32mBuilding C object CMakeFiles/host_pkg__rosidl_generator_py.dir/rosidl_generator_py/host_pkg/action/_burger_s.c.o[0m
[6.199s] [ 82%] [32m[1mLinking C shared library libhost_pkg__rosidl_generator_py.so[0m
[6.276s] [ 82%] Built target host_pkg__rosidl_generator_py
[6.322s] [ 91%] [32mBuilding C object CMakeFiles/host_pkg_s__rosidl_typesupport_fastrtps_c.dir/rosidl_generator_py/host_pkg/_host_pkg_s.ep.rosidl_typesupport_fastrtps_c.c.o[0m
[6.322s] [ 91%] [32mBuilding C object CMakeFiles/host_pkg_s__rosidl_typesupport_introspection_c.dir/rosidl_generator_py/host_pkg/_host_pkg_s.ep.rosidl_typesupport_introspection_c.c.o[0m
[6.323s] [ 91%] [32mBuilding C object CMakeFiles/host_pkg_s__rosidl_typesupport_c.dir/rosidl_generator_py/host_pkg/_host_pkg_s.ep.rosidl_typesupport_c.c.o[0m
[6.537s] [ 94%] [32m[1mLinking C shared module rosidl_generator_py/host_pkg/host_pkg_s__rosidl_typesupport_introspection_c.so[0m
[6.551s] [ 97%] [32m[1mLinking C shared module rosidl_generator_py/host_pkg/host_pkg_s__rosidl_typesupport_c.so[0m
[6.559s] [100%] [32m[1mLinking C shared module rosidl_generator_py/host_pkg/host_pkg_s__rosidl_typesupport_fastrtps_c.so[0m
[6.609s] [100%] Built target host_pkg_s__rosidl_typesupport_introspection_c
[6.638s] [100%] Built target host_pkg_s__rosidl_typesupport_c
[6.656s] [100%] Built target host_pkg_s__rosidl_typesupport_fastrtps_c
[6.687s] Invoked command in '/home/jeongje/final_project_ws/host/build/host_pkg' returned '0': CMAKE_PREFIX_PATH=${CMAKE_PREFIX_PATH}:/home/jeongje/turtlebot3_ws/install/turtlebot3_teleop:/home/jeongje/turtlebot3_ws/install/turtlebot3_example:/home/jeongje/robot_pinky/install/vicpinky_bringup:/home/jeongje/robot_pinky/install/pinky_llm:/opt/ros/jazzy DEBUGINFOD_URLS=https://debuginfod.ubuntu.com /usr/bin/cmake --build /home/jeongje/final_project_ws/host/build/host_pkg -- -j16 -l16
[6.695s] Invoking command in '/home/jeongje/final_project_ws/host/build/host_pkg': CMAKE_PREFIX_PATH=${CMAKE_PREFIX_PATH}:/home/jeongje/turtlebot3_ws/install/turtlebot3_teleop:/home/jeongje/turtlebot3_ws/install/turtlebot3_example:/home/jeongje/robot_pinky/install/vicpinky_bringup:/home/jeongje/robot_pinky/install/pinky_llm:/opt/ros/jazzy DEBUGINFOD_URLS=https://debuginfod.ubuntu.com /usr/bin/cmake --install /home/jeongje/final_project_ws/host/build/host_pkg
[6.718s] -- Install configuration: ""
[6.718s] -- Up-to-date: /home/jeongje/final_project_ws/host/install/host_pkg/share/ament_index/resource_index/rosidl_interfaces/host_pkg
[6.719s] -- Up-to-date: /home/jeongje/final_project_ws/host/install/host_pkg/share/host_pkg/action/Burger.json
[6.719s] -- Up-to-date: /home/jeongje/final_project_ws/host/install/host_pkg/include/host_pkg/host_pkg
[6.719s] -- Up-to-date: /home/jeongje/final_project_ws/host/install/host_pkg/include/host_pkg/host_pkg/msg
[6.719s] -- Up-to-date: /home/jeongje/final_project_ws/host/install/host_pkg/include/host_pkg/host_pkg/msg/rosidl_generator_c__visibility_control.h
[6.720s] -- Up-to-date: /home/jeongje/final_project_ws/host/install/host_pkg/include/host_pkg/host_pkg/action
[6.720s] -- Up-to-date: /home/jeongje/final_project_ws/host/install/host_pkg/include/host_pkg/host_pkg/action/detail
[6.720s] -- Up-to-date: /home/jeongje/final_project_ws/host/install/host_pkg/include/host_pkg/host_pkg/action/detail/burger1__type_support.h
[6.720s] -- Up-to-date: /home/jeongje/final_project_ws/host/install/host_pkg/include/host_pkg/host_pkg/action/detail/burger1__description.c
[6.721s] -- Up-to-date: /home/jeongje/final_project_ws/host/install/host_pkg/include/host_pkg/host_pkg/action/detail/burger__type_support.h
[6.721s] -- Up-to-date: /home/jeongje/final_project_ws/host/install/host_pkg/include/host_pkg/host_pkg/action/detail/burger__type_support.c
[6.721s] -- Up-to-date: /home/jeongje/final_project_ws/host/install/host_pkg/include/host_pkg/host_pkg/action/detail/burger1__functions.h
[6.721s] -- Up-to-date: /home/jeongje/final_project_ws/host/install/host_pkg/include/host_pkg/host_pkg/action/detail/burger__description.c
[6.721s] -- Up-to-date: /home/jeongje/final_project_ws/host/install/host_pkg/include/host_pkg/host_pkg/action/detail/burger__functions.h
[6.721s] -- Up-to-date: /home/jeongje/final_project_ws/host/install/host_pkg/include/host_pkg/host_pkg/action/detail/burger1__struct.h
[6.721s] -- Up-to-date: /home/jeongje/final_project_ws/host/install/host_pkg/include/host_pkg/host_pkg/action/detail/burger__struct.h
[6.721s] -- Up-to-date: /home/jeongje/final_project_ws/host/install/host_pkg/include/host_pkg/host_pkg/action/detail/burger1__functions.c
[6.721s] -- Up-to-date: /home/jeongje/final_project_ws/host/install/host_pkg/include/host_pkg/host_pkg/action/detail/burger1__type_support.c
[6.721s] -- Up-to-date: /home/jeongje/final_project_ws/host/install/host_pkg/include/host_pkg/host_pkg/action/detail/burger__functions.c
[6.721s] -- Up-to-date: /home/jeongje/final_project_ws/host/install/host_pkg/include/host_pkg/host_pkg/action/burger1.h
[6.722s] -- Up-to-date: /home/jeongje/final_project_ws/host/install/host_pkg/include/host_pkg/host_pkg/action/burger.h
[6.722s] -- Installing: /home/jeongje/final_project_ws/host/install/host_pkg/share/host_pkg/environment/library_path.sh
[6.722s] -- Up-to-date: /home/jeongje/final_project_ws/host/install/host_pkg/share/host_pkg/environment/library_path.dsv
[6.722s] -- Installing: /home/jeongje/final_project_ws/host/install/host_pkg/lib/libhost_pkg__rosidl_generator_c.so
[6.722s] -- Set non-toolchain portion of runtime path of "/home/jeongje/final_project_ws/host/install/host_pkg/lib/libhost_pkg__rosidl_generator_c.so" to ""
[6.722s] -- Up-to-date: /home/jeongje/final_project_ws/host/install/host_pkg/include/host_pkg/host_pkg
[6.722s] -- Up-to-date: /home/jeongje/final_project_ws/host/install/host_pkg/include/host_pkg/host_pkg/msg
[6.722s] -- Up-to-date: /home/jeongje/final_project_ws/host/install/host_pkg/include/host_pkg/host_pkg/msg/rosidl_typesupport_fastrtps_c__visibility_control.h
[6.722s] -- Up-to-date: /home/jeongje/final_project_ws/host/install/host_pkg/include/host_pkg/host_pkg/action
[6.722s] -- Up-to-date: /home/jeongje/final_project_ws/host/install/host_pkg/include/host_pkg/host_pkg/action/detail
[6.722s] -- Up-to-date: /home/jeongje/final_project_ws/host/install/host_pkg/include/host_pkg/host_pkg/action/detail/burger1__rosidl_typesupport_fastrtps_c.h
[6.722s] -- Up-to-date: /home/jeongje/final_project_ws/host/install/host_pkg/include/host_pkg/host_pkg/action/detail/burger__rosidl_typesupport_fastrtps_c.h
[6.723s] -- Installing: /home/jeongje/final_project_ws/host/install/host_pkg/lib/libhost_pkg__rosidl_typesupport_fastrtps_c.so
[6.723s] -- Set non-toolchain portion of runtime path of "/home/jeongje/final_project_ws/host/install/host_pkg/lib/libhost_pkg__rosidl_typesupport_fastrtps_c.so" to ""
[6.723s] -- Up-to-date: /home/jeongje/final_project_ws/host/install/host_pkg/include/host_pkg/host_pkg
[6.723s] -- Up-to-date: /home/jeongje/final_project_ws/host/install/host_pkg/include/host_pkg/host_pkg/msg
[6.723s] -- Up-to-date: /home/jeongje/final_project_ws/host/install/host_pkg/include/host_pkg/host_pkg/msg/rosidl_generator_cpp__visibility_control.hpp
[6.723s] -- Up-to-date: /home/jeongje/final_project_ws/host/install/host_pkg/include/host_pkg/host_pkg/action
[6.723s] -- Up-to-date: /home/jeongje/final_project_ws/host/install/host_pkg/include/host_pkg/host_pkg/action/burger.hpp
[6.723s] -- Up-to-date: /home/jeongje/final_project_ws/host/install/host_pkg/include/host_pkg/host_pkg/action/burger1.hpp
[6.723s] -- Up-to-date: /home/jeongje/final_project_ws/host/install/host_pkg/include/host_pkg/host_pkg/action/detail
[6.723s] -- Up-to-date: /home/jeongje/final_project_ws/host/install/host_pkg/include/host_pkg/host_pkg/action/detail/burger__type_support.hpp
[6.723s] -- Up-to-date: /home/jeongje/final_project_ws/host/install/host_pkg/include/host_pkg/host_pkg/action/detail/burger1__type_support.hpp
[6.723s] -- Up-to-date: /home/jeongje/final_project_ws/host/install/host_pkg/include/host_pkg/host_pkg/action/detail/burger__traits.hpp
[6.724s] -- Up-to-date: /home/jeongje/final_project_ws/host/install/host_pkg/include/host_pkg/host_pkg/action/detail/burger__struct.hpp
[6.724s] -- Up-to-date: /home/jeongje/final_project_ws/host/install/host_pkg/include/host_pkg/host_pkg/action/detail/burger1__traits.hpp
[6.724s] -- Up-to-date: /home/jeongje/final_project_ws/host/install/host_pkg/include/host_pkg/host_pkg/action/detail/burger1__struct.hpp
[6.724s] -- Up-to-date: /home/jeongje/final_project_ws/host/install/host_pkg/include/host_pkg/host_pkg/action/detail/burger__builder.hpp
[6.724s] -- Up-to-date: /home/jeongje/final_project_ws/host/install/host_pkg/include/host_pkg/host_pkg/action/detail/burger1__builder.hpp
[6.724s] -- Up-to-date: /home/jeongje/final_project_ws/host/install/host_pkg/include/host_pkg/host_pkg
[6.724s] -- Up-to-date: /home/jeongje/final_project_ws/host/install/host_pkg/include/host_pkg/host_pkg/msg
[6.724s] -- Up-to-date: /home/jeongje/final_project_ws/host/install/host_pkg/include/host_pkg/host_pkg/msg/rosidl_typesupport_fastrtps_cpp__visibility_control.h
[6.724s] -- Up-to-date: /home/jeongje/final_project_ws/host/install/host_pkg/include/host_pkg/host_pkg/action
[6.724s] -- Up-to-date: /home/jeongje/final_project_ws/host/install/host_pkg/include/host_pkg/host_pkg/action/detail
[6.724s] -- Installing: /home/jeongje/final_project_ws/host/install/host_pkg/include/host_pkg/host_pkg/action/detail/burger__rosidl_typesupport_fastrtps_cpp.hpp
[6.724s] -- Up-to-date: /home/jeongje/final_project_ws/host/install/host_pkg/include/host_pkg/host_pkg/action/detail/burger1__rosidl_typesupport_fastrtps_cpp.hpp
[6.724s] -- Up-to-date: /home/jeongje/final_project_ws/host/install/host_pkg/include/host_pkg/host_pkg/action/detail/dds_fastrtps
[6.724s] -- Installing: /home/jeongje/final_project_ws/host/install/host_pkg/lib/libhost_pkg__rosidl_typesupport_fastrtps_cpp.so
[6.725s] -- Set non-toolchain portion of runtime path of "/home/jeongje/final_project_ws/host/install/host_pkg/lib/libhost_pkg__rosidl_typesupport_fastrtps_cpp.so" to ""
[6.725s] -- Up-to-date: /home/jeongje/final_project_ws/host/install/host_pkg/include/host_pkg/host_pkg
[6.725s] -- Up-to-date: /home/jeongje/final_project_ws/host/install/host_pkg/include/host_pkg/host_pkg/msg
[6.725s] -- Up-to-date: /home/jeongje/final_project_ws/host/install/host_pkg/include/host_pkg/host_pkg/msg/rosidl_typesupport_introspection_c__visibility_control.h
[6.725s] -- Up-to-date: /home/jeongje/final_project_ws/host/install/host_pkg/include/host_pkg/host_pkg/action
[6.725s] -- Up-to-date: /home/jeongje/final_project_ws/host/install/host_pkg/include/host_pkg/host_pkg/action/detail
[6.725s] -- Up-to-date: /home/jeongje/final_project_ws/host/install/host_pkg/include/host_pkg/host_pkg/action/detail/burger__rosidl_typesupport_introspection_c.h
[6.725s] -- Up-to-date: /home/jeongje/final_project_ws/host/install/host_pkg/include/host_pkg/host_pkg/action/detail/burger1__rosidl_typesupport_introspection_c.h
[6.725s] -- Up-to-date: /home/jeongje/final_project_ws/host/install/host_pkg/include/host_pkg/host_pkg/action/detail/burger__type_support.c
[6.725s] -- Up-to-date: /home/jeongje/final_project_ws/host/install/host_pkg/include/host_pkg/host_pkg/action/detail/burger1__type_support.c
[6.725s] -- Installing: /home/jeongje/final_project_ws/host/install/host_pkg/lib/libhost_pkg__rosidl_typesupport_introspection_c.so
[6.725s] -- Set non-toolchain portion of runtime path of "/home/jeongje/final_project_ws/host/install/host_pkg/lib/libhost_pkg__rosidl_typesupport_introspection_c.so" to ""
[6.725s] -- Installing: /home/jeongje/final_project_ws/host/install/host_pkg/lib/libhost_pkg__rosidl_typesupport_c.so
[6.725s] -- Set non-toolchain portion of runtime path of "/home/jeongje/final_project_ws/host/install/host_pkg/lib/libhost_pkg__rosidl_typesupport_c.so" to ""
[6.725s] -- Up-to-date: /home/jeongje/final_project_ws/host/install/host_pkg/include/host_pkg/host_pkg
[6.725s] -- Up-to-date: /home/jeongje/final_project_ws/host/install/host_pkg/include/host_pkg/host_pkg/action
[6.725s] -- Up-to-date: /home/jeongje/final_project_ws/host/install/host_pkg/include/host_pkg/host_pkg/action/detail
[6.725s] -- Up-to-date: /home/jeongje/final_project_ws/host/install/host_pkg/include/host_pkg/host_pkg/action/detail/burger1__rosidl_typesupport_introspection_cpp.hpp
[6.726s] -- Up-to-date: /home/jeongje/final_project_ws/host/install/host_pkg/include/host_pkg/host_pkg/action/detail/burger__type_support.cpp
[6.726s] -- Up-to-date: /home/jeongje/final_project_ws/host/install/host_pkg/include/host_pkg/host_pkg/action/detail/burger1__type_support.cpp
[6.726s] -- Up-to-date: /home/jeongje/final_project_ws/host/install/host_pkg/include/host_pkg/host_pkg/action/detail/burger__rosidl_typesupport_introspection_cpp.hpp
[6.726s] -- Installing: /home/jeongje/final_project_ws/host/install/host_pkg/lib/libhost_pkg__rosidl_typesupport_introspection_cpp.so
[6.726s] -- Set non-toolchain portion of runtime path of "/home/jeongje/final_project_ws/host/install/host_pkg/lib/libhost_pkg__rosidl_typesupport_introspection_cpp.so" to ""
[6.726s] -- Installing: /home/jeongje/final_project_ws/host/install/host_pkg/lib/libhost_pkg__rosidl_typesupport_cpp.so
[6.726s] -- Set non-toolchain portion of runtime path of "/home/jeongje/final_project_ws/host/install/host_pkg/lib/libhost_pkg__rosidl_typesupport_cpp.so" to ""
[6.726s] -- Up-to-date: /home/jeongje/final_project_ws/host/install/host_pkg/share/host_pkg/environment/pythonpath.sh
[6.726s] -- Up-to-date: /home/jeongje/final_project_ws/host/install/host_pkg/share/host_pkg/environment/pythonpath.dsv
[6.726s] -- Up-to-date: /home/jeongje/final_project_ws/host/install/host_pkg/lib/python3.12/site-packages/host_pkg-0.0.0-py3.12.egg-info
[6.726s] -- Installing: /home/jeongje/final_project_ws/host/install/host_pkg/lib/python3.12/site-packages/host_pkg-0.0.0-py3.12.egg-info/top_level.txt
[6.726s] -- Installing: /home/jeongje/final_project_ws/host/install/host_pkg/lib/python3.12/site-packages/host_pkg-0.0.0-py3.12.egg-info/dependency_links.txt
[6.726s] -- Installing: /home/jeongje/final_project_ws/host/install/host_pkg/lib/python3.12/site-packages/host_pkg-0.0.0-py3.12.egg-info/SOURCES.txt
[6.726s] -- Installing: /home/jeongje/final_project_ws/host/install/host_pkg/lib/python3.12/site-packages/host_pkg-0.0.0-py3.12.egg-info/PKG-INFO
[6.726s] -- Up-to-date: /home/jeongje/final_project_ws/host/install/host_pkg/lib/python3.12/site-packages/host_pkg
[6.726s] -- Installing: /home/jeongje/final_project_ws/host/install/host_pkg/lib/python3.12/site-packages/host_pkg/__init__.py
[6.726s] -- Up-to-date: /home/jeongje/final_project_ws/host/install/host_pkg/lib/python3.12/site-packages/host_pkg/_host_pkg_s.ep.rosidl_typesupport_introspection_c.c
[6.726s] -- Up-to-date: /home/jeongje/final_project_ws/host/install/host_pkg/lib/python3.12/site-packages/host_pkg/_host_pkg_s.ep.rosidl_typesupport_fastrtps_c.c
[6.727s] -- Installing: /home/jeongje/final_project_ws/host/install/host_pkg/lib/python3.12/site-packages/host_pkg/host_pkg_s__rosidl_typesupport_introspection_c.so
[6.727s] -- Up-to-date: /home/jeongje/final_project_ws/host/install/host_pkg/lib/python3.12/site-packages/host_pkg/action
[6.727s] -- Up-to-date: /home/jeongje/final_project_ws/host/install/host_pkg/lib/python3.12/site-packages/host_pkg/action/__init__.py
[6.727s] -- Up-to-date: /home/jeongje/final_project_ws/host/install/host_pkg/lib/python3.12/site-packages/host_pkg/action/_burger1_s.c
[6.727s] -- Up-to-date: /home/jeongje/final_project_ws/host/install/host_pkg/lib/python3.12/site-packages/host_pkg/action/_burger_s.c
[6.727s] -- Up-to-date: /home/jeongje/final_project_ws/host/install/host_pkg/lib/python3.12/site-packages/host_pkg/action/_burger1.py
[6.727s] -- Up-to-date: /home/jeongje/final_project_ws/host/install/host_pkg/lib/python3.12/site-packages/host_pkg/action/_burger.py
[6.727s] -- Installing: /home/jeongje/final_project_ws/host/install/host_pkg/lib/python3.12/site-packages/host_pkg/host_pkg_s__rosidl_typesupport_c.so
[6.727s] -- Up-to-date: /home/jeongje/final_project_ws/host/install/host_pkg/lib/python3.12/site-packages/host_pkg/_host_pkg_s.ep.rosidl_typesupport_c.c
[6.727s] -- Installing: /home/jeongje/final_project_ws/host/install/host_pkg/lib/python3.12/site-packages/host_pkg/host_pkg_s__rosidl_typesupport_fastrtps_c.so
[6.812s] Listing '/home/jeongje/final_project_ws/host/install/host_pkg/lib/python3.12/site-packages/host_pkg'...
[6.813s] Compiling '/home/jeongje/final_project_ws/host/install/host_pkg/lib/python3.12/site-packages/host_pkg/__init__.py'...
[6.813s] Listing '/home/jeongje/final_project_ws/host/install/host_pkg/lib/python3.12/site-packages/host_pkg/action'...
[6.813s] Compiling '/home/jeongje/final_project_ws/host/install/host_pkg/lib/python3.12/site-packages/host_pkg/action/_burger1.py'...
[6.835s] -- Installing: /home/jeongje/final_project_ws/host/install/host_pkg/lib/python3.12/site-packages/host_pkg/host_pkg_s__rosidl_typesupport_fastrtps_c.so
[6.836s] -- Set non-toolchain portion of runtime path of "/home/jeongje/final_project_ws/host/install/host_pkg/lib/python3.12/site-packages/host_pkg/host_pkg_s__rosidl_typesupport_fastrtps_c.so" to ""
[6.837s] -- Installing: /home/jeongje/final_project_ws/host/install/host_pkg/lib/python3.12/site-packages/host_pkg/host_pkg_s__rosidl_typesupport_introspection_c.so
[6.838s] -- Set non-toolchain portion of runtime path of "/home/jeongje/final_project_ws/host/install/host_pkg/lib/python3.12/site-packages/host_pkg/host_pkg_s__rosidl_typesupport_introspection_c.so" to ""
[6.838s] -- Installing: /home/jeongje/final_project_ws/host/install/host_pkg/lib/python3.12/site-packages/host_pkg/host_pkg_s__rosidl_typesupport_c.so
[6.839s] -- Set non-toolchain portion of runtime path of "/home/jeongje/final_project_ws/host/install/host_pkg/lib/python3.12/site-packages/host_pkg/host_pkg_s__rosidl_typesupport_c.so" to ""
[6.840s] -- Installing: /home/jeongje/final_project_ws/host/install/host_pkg/lib/libhost_pkg__rosidl_generator_py.so
[6.842s] -- Set non-toolchain portion of runtime path of "/home/jeongje/final_project_ws/host/install/host_pkg/lib/libhost_pkg__rosidl_generator_py.so" to ""
[6.842s] -- Up-to-date: /home/jeongje/final_project_ws/host/install/host_pkg/share/ament_index/resource_index/rust_packages/host_pkg
[6.842s] -- Up-to-date: /home/jeongje/final_project_ws/host/install/host_pkg/share/host_pkg/rust
[6.843s] -- Up-to-date: /home/jeongje/final_project_ws/host/install/host_pkg/share/host_pkg/rust/src
[6.843s] -- Up-to-date: /home/jeongje/final_project_ws/host/install/host_pkg/share/host_pkg/rust/src/lib.rs
[6.843s] -- Installing: /home/jeongje/final_project_ws/host/install/host_pkg/share/host_pkg/rust/src/action.rs
[6.844s] -- Up-to-date: /home/jeongje/final_project_ws/host/install/host_pkg/share/host_pkg/rust/src/action
[6.844s] -- Up-to-date: /home/jeongje/final_project_ws/host/install/host_pkg/share/host_pkg/rust/src/action/rmw.rs
[6.845s] -- Installing: /home/jeongje/final_project_ws/host/install/host_pkg/share/host_pkg/rust/Cargo.toml
[6.845s] -- Installing: /home/jeongje/final_project_ws/host/install/host_pkg/share/host_pkg/rust/build.rs
[6.845s] -- Up-to-date: /home/jeongje/final_project_ws/host/install/host_pkg/share/host_pkg/action/Burger.idl
[6.846s] -- Up-to-date: /home/jeongje/final_project_ws/host/install/host_pkg/share/host_pkg/action/Burger.action
[6.846s] -- Up-to-date: /home/jeongje/final_project_ws/host/install/host_pkg/share/ament_index/resource_index/package_run_dependencies/host_pkg
[6.846s] -- Up-to-date: /home/jeongje/final_project_ws/host/install/host_pkg/share/ament_index/resource_index/parent_prefix_path/host_pkg
[6.847s] -- Installing: /home/jeongje/final_project_ws/host/install/host_pkg/share/host_pkg/environment/ament_prefix_path.sh
[6.847s] -- Up-to-date: /home/jeongje/final_project_ws/host/install/host_pkg/share/host_pkg/environment/ament_prefix_path.dsv
[6.848s] -- Installing: /home/jeongje/final_project_ws/host/install/host_pkg/share/host_pkg/environment/path.sh
[6.848s] -- Up-to-date: /home/jeongje/final_project_ws/host/install/host_pkg/share/host_pkg/environment/path.dsv
[6.848s] -- Up-to-date: /home/jeongje/final_project_ws/host/install/host_pkg/share/host_pkg/local_setup.bash
[6.848s] -- Up-to-date: /home/jeongje/final_project_ws/host/install/host_pkg/share/host_pkg/local_setup.sh
[6.848s] -- Up-to-date: /home/jeongje/final_project_ws/host/install/host_pkg/share/host_pkg/local_setup.zsh
[6.848s] -- Up-to-date: /home/jeongje/final_project_ws/host/install/host_pkg/share/host_pkg/local_setup.dsv
[6.848s] -- Up-to-date: /home/jeongje/final_project_ws/host/install/host_pkg/share/host_pkg/package.dsv
[6.848s] -- Up-to-date: /home/jeongje/final_project_ws/host/install/host_pkg/share/ament_index/resource_index/packages/host_pkg
[6.848s] -- Up-to-date: /home/jeongje/final_project_ws/host/install/host_pkg/share/host_pkg/cmake/export_host_pkg__rosidl_generator_cExport.cmake
[6.848s] -- Up-to-date: /home/jeongje/final_project_ws/host/install/host_pkg/share/host_pkg/cmake/export_host_pkg__rosidl_generator_cExport-noconfig.cmake
[6.848s] -- Up-to-date: /home/jeongje/final_project_ws/host/install/host_pkg/share/host_pkg/cmake/export_host_pkg__rosidl_typesupport_fastrtps_cExport.cmake
[6.849s] -- Up-to-date: /home/jeongje/final_project_ws/host/install/host_pkg/share/host_pkg/cmake/export_host_pkg__rosidl_typesupport_fastrtps_cExport-noconfig.cmake
[6.849s] -- Up-to-date: /home/jeongje/final_project_ws/host/install/host_pkg/share/host_pkg/cmake/export_host_pkg__rosidl_generator_cppExport.cmake
[6.849s] -- Up-to-date: /home/jeongje/final_project_ws/host/install/host_pkg/share/host_pkg/cmake/export_host_pkg__rosidl_typesupport_fastrtps_cppExport.cmake
[6.849s] -- Up-to-date: /home/jeongje/final_project_ws/host/install/host_pkg/share/host_pkg/cmake/export_host_pkg__rosidl_typesupport_fastrtps_cppExport-noconfig.cmake
[6.849s] -- Up-to-date: /home/jeongje/final_project_ws/host/install/host_pkg/share/host_pkg/cmake/host_pkg__rosidl_typesupport_introspection_cExport.cmake
[6.849s] -- Up-to-date: /home/jeongje/final_project_ws/host/install/host_pkg/share/host_pkg/cmake/host_pkg__rosidl_typesupport_introspection_cExport-noconfig.cmake
[6.849s] -- Up-to-date: /home/jeongje/final_project_ws/host/install/host_pkg/share/host_pkg/cmake/host_pkg__rosidl_typesupport_cExport.cmake
[6.849s] -- Up-to-date: /home/jeongje/final_project_ws/host/install/host_pkg/share/host_pkg/cmake/host_pkg__rosidl_typesupport_cExport-noconfig.cmake
[6.849s] -- Up-to-date: /home/jeongje/final_project_ws/host/install/host_pkg/share/host_pkg/cmake/host_pkg__rosidl_typesupport_introspection_cppExport.cmake
[6.849s] -- Up-to-date: /home/jeongje/final_project_ws/host/install/host_pkg/share/host_pkg/cmake/host_pkg__rosidl_typesupport_introspection_cppExport-noconfig.cmake
[6.849s] -- Up-to-date: /home/jeongje/final_project_ws/host/install/host_pkg/share/host_pkg/cmake/host_pkg__rosidl_typesupport_cppExport.cmake
[6.849s] -- Up-to-date: /home/jeongje/final_project_ws/host/install/host_pkg/share/host_pkg/cmake/host_pkg__rosidl_typesupport_cppExport-noconfig.cmake
[6.849s] -- Up-to-date: /home/jeongje/final_project_ws/host/install/host_pkg/share/host_pkg/cmake/export_host_pkg__rosidl_generator_pyExport.cmake
[6.849s] -- Up-to-date: /home/jeongje/final_project_ws/host/install/host_pkg/share/host_pkg/cmake/export_host_pkg__rosidl_generator_pyExport-noconfig.cmake
[6.849s] -- Up-to-date: /home/jeongje/final_project_ws/host/install/host_pkg/share/host_pkg/cmake/rosidl_cmake-extras.cmake
[6.850s] -- Up-to-date: /home/jeongje/final_project_ws/host/install/host_pkg/share/host_pkg/cmake/ament_cmake_export_dependencies-extras.cmake
[6.850s] -- Up-to-date: /home/jeongje/final_project_ws/host/install/host_pkg/share/host_pkg/cmake/ament_cmake_export_include_directories-extras.cmake
[6.850s] -- Up-to-date: /home/jeongje/final_project_ws/host/install/host_pkg/share/host_pkg/cmake/ament_cmake_export_libraries-extras.cmake
[6.850s] -- Up-to-date: /home/jeongje/final_project_ws/host/install/host_pkg/share/host_pkg/cmake/ament_cmake_export_targets-extras.cmake
[6.850s] -- Up-to-date: /home/jeongje/final_project_ws/host/install/host_pkg/share/host_pkg/cmake/rosidl_cmake_export_typesupport_targets-extras.cmake
[6.850s] -- Up-to-date: /home/jeongje/final_project_ws/host/install/host_pkg/share/host_pkg/cmake/rosidl_cmake_export_typesupport_libraries-extras.cmake
[6.850s] -- Up-to-date: /home/jeongje/final_project_ws/host/install/host_pkg/share/host_pkg/cmake/rosidl_cmake_aggregate_target-extras.cmake
[6.850s] -- Up-to-date: /home/jeongje/final_project_ws/host/install/host_pkg/share/host_pkg/cmake/host_pkgConfig.cmake
[6.850s] -- Up-to-date: /home/jeongje/final_project_ws/host/install/host_pkg/share/host_pkg/cmake/host_pkgConfig-version.cmake
[6.850s] -- Up-to-date: /home/jeongje/final_project_ws/host/install/host_pkg/share/host_pkg/package.xml
[6.851s] Invoked command in '/home/jeongje/final_project_ws/host/build/host_pkg' returned '0': CMAKE_PREFIX_PATH=${CMAKE_PREFIX_PATH}:/home/jeongje/turtlebot3_ws/install/turtlebot3_teleop:/home/jeongje/turtlebot3_ws/install/turtlebot3_example:/home/jeongje/robot_pinky/install/vicpinky_bringup:/home/jeongje/robot_pinky/install/pinky_llm:/opt/ros/jazzy DEBUGINFOD_URLS=https://debuginfod.ubuntu.com /usr/bin/cmake --install /home/jeongje/final_project_ws/host/build/host_pkg
