[0.010s] Invoking command in '/home/jeongje/final_project_ws/host/build/host_pkg': CMAKE_PREFIX_PATH=${CMAKE_PREFIX_PATH}:/home/jeongje/turtlebot3_ws/install/turtlebot3_teleop:/home/jeongje/turtlebot3_ws/install/turtlebot3_example:/home/jeongje/robot_pinky/install/vicpinky_bringup:/home/jeongje/robot_pinky/install/pinky_llm:/opt/ros/jazzy DEBUGINFOD_URLS=https://debuginfod.ubuntu.com /usr/bin/cmake --build /home/jeongje/final_project_ws/host/build/host_pkg -- -j16 -l16
[0.127s] [  2%] Built target host_pkg__rs
[0.128s] [  4%] Built target host_pkg__rosidl_generator_type_description
[0.157s] [  4%] Built target ament_cmake_python_copy_host_pkg
[0.193s] [  6%] Built target host_pkg__cpp
[0.203s] [ 24%] Built target host_pkg__rosidl_generator_c
[0.277s] [ 33%] Built target host_pkg__rosidl_typesupport_c
[0.278s] [ 42%] Built target host_pkg__rosidl_typesupport_introspection_c
[0.286s] [ 60%] Built target host_pkg__rosidl_typesupport_introspection_cpp
[0.287s] [ 60%] Built target host_pkg__rosidl_typesupport_fastrtps_c
[0.287s] [ 68%] Built target host_pkg__rosidl_typesupport_cpp
[0.288s] [ 77%] Built target host_pkg__rosidl_typesupport_fastrtps_cpp
[0.343s] [ 77%] Built target host_pkg
[0.385s] [ 80%] Built target host_pkg__py
[0.450s] [ 86%] Built target host_pkg__rosidl_generator_py
[0.479s] [100%] Built target host_pkg_s__rosidl_typesupport_c
[0.480s] [100%] Built target host_pkg_s__rosidl_typesupport_fastrtps_c
[0.480s] [100%] Built target host_pkg_s__rosidl_typesupport_introspection_c
[0.619s] running egg_info
[0.637s] writing host_pkg.egg-info/PKG-INFO
[0.637s] writing dependency_links to host_pkg.egg-info/dependency_links.txt
[0.637s] writing top-level names to host_pkg.egg-info/top_level.txt
[0.683s] reading manifest file 'host_pkg.egg-info/SOURCES.txt'
[0.683s] writing manifest file 'host_pkg.egg-info/SOURCES.txt'
[0.700s] [100%] Built target ament_cmake_python_build_host_pkg_egg
[0.709s] Invoked command in '/home/jeongje/final_project_ws/host/build/host_pkg' returned '0': CMAKE_PREFIX_PATH=${CMAKE_PREFIX_PATH}:/home/jeongje/turtlebot3_ws/install/turtlebot3_teleop:/home/jeongje/turtlebot3_ws/install/turtlebot3_example:/home/jeongje/robot_pinky/install/vicpinky_bringup:/home/jeongje/robot_pinky/install/pinky_llm:/opt/ros/jazzy DEBUGINFOD_URLS=https://debuginfod.ubuntu.com /usr/bin/cmake --build /home/jeongje/final_project_ws/host/build/host_pkg -- -j16 -l16
[0.716s] Invoking command in '/home/jeongje/final_project_ws/host/build/host_pkg': CMAKE_PREFIX_PATH=${CMAKE_PREFIX_PATH}:/home/jeongje/turtlebot3_ws/install/turtlebot3_teleop:/home/jeongje/turtlebot3_ws/install/turtlebot3_example:/home/jeongje/robot_pinky/install/vicpinky_bringup:/home/jeongje/robot_pinky/install/pinky_llm:/opt/ros/jazzy DEBUGINFOD_URLS=https://debuginfod.ubuntu.com /usr/bin/cmake --install /home/jeongje/final_project_ws/host/build/host_pkg
[0.725s] -- Install configuration: ""
[0.725s] -- Up-to-date: /home/jeongje/final_project_ws/host/install/host_pkg/share/ament_index/resource_index/rosidl_interfaces/host_pkg
[0.725s] -- Up-to-date: /home/jeongje/final_project_ws/host/install/host_pkg/share/host_pkg/action/Burger.json
[0.725s] -- Up-to-date: /home/jeongje/final_project_ws/host/install/host_pkg/share/host_pkg/action/Arm.json
[0.725s] -- Up-to-date: /home/jeongje/final_project_ws/host/install/host_pkg/include/host_pkg/host_pkg
[0.726s] -- Up-to-date: /home/jeongje/final_project_ws/host/install/host_pkg/include/host_pkg/host_pkg/msg
[0.726s] -- Up-to-date: /home/jeongje/final_project_ws/host/install/host_pkg/include/host_pkg/host_pkg/msg/rosidl_generator_c__visibility_control.h
[0.726s] -- Up-to-date: /home/jeongje/final_project_ws/host/install/host_pkg/include/host_pkg/host_pkg/action
[0.726s] -- Up-to-date: /home/jeongje/final_project_ws/host/install/host_pkg/include/host_pkg/host_pkg/action/arm.h
[0.727s] -- Up-to-date: /home/jeongje/final_project_ws/host/install/host_pkg/include/host_pkg/host_pkg/action/detail
[0.727s] -- Up-to-date: /home/jeongje/final_project_ws/host/install/host_pkg/include/host_pkg/host_pkg/action/detail/arm__functions.h
[0.727s] -- Up-to-date: /home/jeongje/final_project_ws/host/install/host_pkg/include/host_pkg/host_pkg/action/detail/burger__type_support.h
[0.727s] -- Up-to-date: /home/jeongje/final_project_ws/host/install/host_pkg/include/host_pkg/host_pkg/action/detail/burger__type_support.c
[0.727s] -- Up-to-date: /home/jeongje/final_project_ws/host/install/host_pkg/include/host_pkg/host_pkg/action/detail/arm__functions.c
[0.727s] -- Up-to-date: /home/jeongje/final_project_ws/host/install/host_pkg/include/host_pkg/host_pkg/action/detail/burger__description.c
[0.727s] -- Up-to-date: /home/jeongje/final_project_ws/host/install/host_pkg/include/host_pkg/host_pkg/action/detail/burger__functions.h
[0.727s] -- Up-to-date: /home/jeongje/final_project_ws/host/install/host_pkg/include/host_pkg/host_pkg/action/detail/arm__type_support.c
[0.727s] -- Up-to-date: /home/jeongje/final_project_ws/host/install/host_pkg/include/host_pkg/host_pkg/action/detail/arm__type_support.h
[0.727s] -- Up-to-date: /home/jeongje/final_project_ws/host/install/host_pkg/include/host_pkg/host_pkg/action/detail/burger__struct.h
[0.727s] -- Up-to-date: /home/jeongje/final_project_ws/host/install/host_pkg/include/host_pkg/host_pkg/action/detail/arm__description.c
[0.727s] -- Up-to-date: /home/jeongje/final_project_ws/host/install/host_pkg/include/host_pkg/host_pkg/action/detail/arm__struct.h
[0.728s] -- Up-to-date: /home/jeongje/final_project_ws/host/install/host_pkg/include/host_pkg/host_pkg/action/detail/burger__functions.c
[0.728s] -- Up-to-date: /home/jeongje/final_project_ws/host/install/host_pkg/include/host_pkg/host_pkg/action/burger.h
[0.728s] -- Up-to-date: /home/jeongje/final_project_ws/host/install/host_pkg/share/host_pkg/environment/library_path.sh
[0.728s] -- Up-to-date: /home/jeongje/final_project_ws/host/install/host_pkg/share/host_pkg/environment/library_path.dsv
[0.728s] -- Up-to-date: /home/jeongje/final_project_ws/host/install/host_pkg/lib/libhost_pkg__rosidl_generator_c.so
[0.728s] -- Up-to-date: /home/jeongje/final_project_ws/host/install/host_pkg/include/host_pkg/host_pkg
[0.728s] -- Up-to-date: /home/jeongje/final_project_ws/host/install/host_pkg/include/host_pkg/host_pkg/msg
[0.728s] -- Up-to-date: /home/jeongje/final_project_ws/host/install/host_pkg/include/host_pkg/host_pkg/msg/rosidl_typesupport_fastrtps_c__visibility_control.h
[0.728s] -- Up-to-date: /home/jeongje/final_project_ws/host/install/host_pkg/include/host_pkg/host_pkg/action
[0.728s] -- Up-to-date: /home/jeongje/final_project_ws/host/install/host_pkg/include/host_pkg/host_pkg/action/detail
[0.728s] -- Up-to-date: /home/jeongje/final_project_ws/host/install/host_pkg/include/host_pkg/host_pkg/action/detail/arm__rosidl_typesupport_fastrtps_c.h
[0.728s] -- Up-to-date: /home/jeongje/final_project_ws/host/install/host_pkg/include/host_pkg/host_pkg/action/detail/burger__rosidl_typesupport_fastrtps_c.h
[0.728s] -- Up-to-date: /home/jeongje/final_project_ws/host/install/host_pkg/lib/libhost_pkg__rosidl_typesupport_fastrtps_c.so
[0.728s] -- Up-to-date: /home/jeongje/final_project_ws/host/install/host_pkg/include/host_pkg/host_pkg
[0.728s] -- Up-to-date: /home/jeongje/final_project_ws/host/install/host_pkg/include/host_pkg/host_pkg/msg
[0.728s] -- Up-to-date: /home/jeongje/final_project_ws/host/install/host_pkg/include/host_pkg/host_pkg/msg/rosidl_generator_cpp__visibility_control.hpp
[0.728s] -- Up-to-date: /home/jeongje/final_project_ws/host/install/host_pkg/include/host_pkg/host_pkg/action
[0.729s] -- Up-to-date: /home/jeongje/final_project_ws/host/install/host_pkg/include/host_pkg/host_pkg/action/burger.hpp
[0.729s] -- Up-to-date: /home/jeongje/final_project_ws/host/install/host_pkg/include/host_pkg/host_pkg/action/detail
[0.729s] -- Up-to-date: /home/jeongje/final_project_ws/host/install/host_pkg/include/host_pkg/host_pkg/action/detail/arm__struct.hpp
[0.729s] -- Up-to-date: /home/jeongje/final_project_ws/host/install/host_pkg/include/host_pkg/host_pkg/action/detail/burger__type_support.hpp
[0.729s] -- Up-to-date: /home/jeongje/final_project_ws/host/install/host_pkg/include/host_pkg/host_pkg/action/detail/arm__builder.hpp
[0.729s] -- Up-to-date: /home/jeongje/final_project_ws/host/install/host_pkg/include/host_pkg/host_pkg/action/detail/burger__traits.hpp
[0.729s] -- Up-to-date: /home/jeongje/final_project_ws/host/install/host_pkg/include/host_pkg/host_pkg/action/detail/burger__struct.hpp
[0.729s] -- Up-to-date: /home/jeongje/final_project_ws/host/install/host_pkg/include/host_pkg/host_pkg/action/detail/burger__builder.hpp
[0.729s] -- Up-to-date: /home/jeongje/final_project_ws/host/install/host_pkg/include/host_pkg/host_pkg/action/detail/arm__traits.hpp
[0.729s] -- Up-to-date: /home/jeongje/final_project_ws/host/install/host_pkg/include/host_pkg/host_pkg/action/detail/arm__type_support.hpp
[0.729s] -- Up-to-date: /home/jeongje/final_project_ws/host/install/host_pkg/include/host_pkg/host_pkg/action/arm.hpp
[0.729s] -- Up-to-date: /home/jeongje/final_project_ws/host/install/host_pkg/include/host_pkg/host_pkg
[0.729s] -- Up-to-date: /home/jeongje/final_project_ws/host/install/host_pkg/include/host_pkg/host_pkg/msg
[0.729s] -- Up-to-date: /home/jeongje/final_project_ws/host/install/host_pkg/include/host_pkg/host_pkg/msg/rosidl_typesupport_fastrtps_cpp__visibility_control.h
[0.729s] -- Up-to-date: /home/jeongje/final_project_ws/host/install/host_pkg/include/host_pkg/host_pkg/action
[0.729s] -- Up-to-date: /home/jeongje/final_project_ws/host/install/host_pkg/include/host_pkg/host_pkg/action/detail
[0.729s] -- Up-to-date: /home/jeongje/final_project_ws/host/install/host_pkg/include/host_pkg/host_pkg/action/detail/burger__rosidl_typesupport_fastrtps_cpp.hpp
[0.729s] -- Up-to-date: /home/jeongje/final_project_ws/host/install/host_pkg/include/host_pkg/host_pkg/action/detail/arm__rosidl_typesupport_fastrtps_cpp.hpp
[0.729s] -- Up-to-date: /home/jeongje/final_project_ws/host/install/host_pkg/include/host_pkg/host_pkg/action/detail/dds_fastrtps
[0.729s] -- Up-to-date: /home/jeongje/final_project_ws/host/install/host_pkg/lib/libhost_pkg__rosidl_typesupport_fastrtps_cpp.so
[0.729s] -- Up-to-date: /home/jeongje/final_project_ws/host/install/host_pkg/include/host_pkg/host_pkg
[0.729s] -- Up-to-date: /home/jeongje/final_project_ws/host/install/host_pkg/include/host_pkg/host_pkg/msg
[0.730s] -- Up-to-date: /home/jeongje/final_project_ws/host/install/host_pkg/include/host_pkg/host_pkg/msg/rosidl_typesupport_introspection_c__visibility_control.h
[0.730s] -- Up-to-date: /home/jeongje/final_project_ws/host/install/host_pkg/include/host_pkg/host_pkg/action
[0.730s] -- Up-to-date: /home/jeongje/final_project_ws/host/install/host_pkg/include/host_pkg/host_pkg/action/detail
[0.730s] -- Up-to-date: /home/jeongje/final_project_ws/host/install/host_pkg/include/host_pkg/host_pkg/action/detail/burger__rosidl_typesupport_introspection_c.h
[0.730s] -- Up-to-date: /home/jeongje/final_project_ws/host/install/host_pkg/include/host_pkg/host_pkg/action/detail/burger__type_support.c
[0.730s] -- Up-to-date: /home/jeongje/final_project_ws/host/install/host_pkg/include/host_pkg/host_pkg/action/detail/arm__type_support.c
[0.730s] -- Up-to-date: /home/jeongje/final_project_ws/host/install/host_pkg/include/host_pkg/host_pkg/action/detail/arm__rosidl_typesupport_introspection_c.h
[0.730s] -- Up-to-date: /home/jeongje/final_project_ws/host/install/host_pkg/lib/libhost_pkg__rosidl_typesupport_introspection_c.so
[0.730s] -- Up-to-date: /home/jeongje/final_project_ws/host/install/host_pkg/lib/libhost_pkg__rosidl_typesupport_c.so
[0.730s] -- Up-to-date: /home/jeongje/final_project_ws/host/install/host_pkg/include/host_pkg/host_pkg
[0.730s] -- Up-to-date: /home/jeongje/final_project_ws/host/install/host_pkg/include/host_pkg/host_pkg/action
[0.730s] -- Up-to-date: /home/jeongje/final_project_ws/host/install/host_pkg/include/host_pkg/host_pkg/action/detail
[0.730s] -- Up-to-date: /home/jeongje/final_project_ws/host/install/host_pkg/include/host_pkg/host_pkg/action/detail/arm__type_support.cpp
[0.730s] -- Up-to-date: /home/jeongje/final_project_ws/host/install/host_pkg/include/host_pkg/host_pkg/action/detail/burger__type_support.cpp
[0.730s] -- Up-to-date: /home/jeongje/final_project_ws/host/install/host_pkg/include/host_pkg/host_pkg/action/detail/arm__rosidl_typesupport_introspection_cpp.hpp
[0.730s] -- Up-to-date: /home/jeongje/final_project_ws/host/install/host_pkg/include/host_pkg/host_pkg/action/detail/burger__rosidl_typesupport_introspection_cpp.hpp
[0.730s] -- Up-to-date: /home/jeongje/final_project_ws/host/install/host_pkg/lib/libhost_pkg__rosidl_typesupport_introspection_cpp.so
[0.730s] -- Up-to-date: /home/jeongje/final_project_ws/host/install/host_pkg/lib/libhost_pkg__rosidl_typesupport_cpp.so
[0.730s] -- Up-to-date: /home/jeongje/final_project_ws/host/install/host_pkg/share/host_pkg/environment/pythonpath.sh
[0.730s] -- Up-to-date: /home/jeongje/final_project_ws/host/install/host_pkg/share/host_pkg/environment/pythonpath.dsv
[0.730s] -- Up-to-date: /home/jeongje/final_project_ws/host/install/host_pkg/lib/python3.12/site-packages/host_pkg-0.0.0-py3.12.egg-info
[0.731s] -- Installing: /home/jeongje/final_project_ws/host/install/host_pkg/lib/python3.12/site-packages/host_pkg-0.0.0-py3.12.egg-info/top_level.txt
[0.731s] -- Installing: /home/jeongje/final_project_ws/host/install/host_pkg/lib/python3.12/site-packages/host_pkg-0.0.0-py3.12.egg-info/dependency_links.txt
[0.731s] -- Installing: /home/jeongje/final_project_ws/host/install/host_pkg/lib/python3.12/site-packages/host_pkg-0.0.0-py3.12.egg-info/SOURCES.txt
[0.731s] -- Installing: /home/jeongje/final_project_ws/host/install/host_pkg/lib/python3.12/site-packages/host_pkg-0.0.0-py3.12.egg-info/PKG-INFO
[0.731s] -- Up-to-date: /home/jeongje/final_project_ws/host/install/host_pkg/lib/python3.12/site-packages/host_pkg
[0.731s] -- Up-to-date: /home/jeongje/final_project_ws/host/install/host_pkg/lib/python3.12/site-packages/host_pkg/__init__.py
[0.731s] -- Up-to-date: /home/jeongje/final_project_ws/host/install/host_pkg/lib/python3.12/site-packages/host_pkg/_host_pkg_s.ep.rosidl_typesupport_introspection_c.c
[0.731s] -- Up-to-date: /home/jeongje/final_project_ws/host/install/host_pkg/lib/python3.12/site-packages/host_pkg/_host_pkg_s.ep.rosidl_typesupport_fastrtps_c.c
[0.731s] -- Up-to-date: /home/jeongje/final_project_ws/host/install/host_pkg/lib/python3.12/site-packages/host_pkg/host_pkg_s__rosidl_typesupport_introspection_c.so
[0.731s] -- Up-to-date: /home/jeongje/final_project_ws/host/install/host_pkg/lib/python3.12/site-packages/host_pkg/action
[0.731s] -- Up-to-date: /home/jeongje/final_project_ws/host/install/host_pkg/lib/python3.12/site-packages/host_pkg/action/__init__.py
[0.731s] -- Up-to-date: /home/jeongje/final_project_ws/host/install/host_pkg/lib/python3.12/site-packages/host_pkg/action/_burger_s.c
[0.731s] -- Up-to-date: /home/jeongje/final_project_ws/host/install/host_pkg/lib/python3.12/site-packages/host_pkg/action/_arm_s.c
[0.731s] -- Up-to-date: /home/jeongje/final_project_ws/host/install/host_pkg/lib/python3.12/site-packages/host_pkg/action/_arm.py
[0.731s] -- Up-to-date: /home/jeongje/final_project_ws/host/install/host_pkg/lib/python3.12/site-packages/host_pkg/action/_burger.py
[0.731s] -- Up-to-date: /home/jeongje/final_project_ws/host/install/host_pkg/lib/python3.12/site-packages/host_pkg/host_pkg_s__rosidl_typesupport_c.so
[0.731s] -- Up-to-date: /home/jeongje/final_project_ws/host/install/host_pkg/lib/python3.12/site-packages/host_pkg/_host_pkg_s.ep.rosidl_typesupport_c.c
[0.731s] -- Up-to-date: /home/jeongje/final_project_ws/host/install/host_pkg/lib/python3.12/site-packages/host_pkg/host_pkg_s__rosidl_typesupport_fastrtps_c.so
[0.756s] Listing '/home/jeongje/final_project_ws/host/install/host_pkg/lib/python3.12/site-packages/host_pkg'...
[0.756s] Listing '/home/jeongje/final_project_ws/host/install/host_pkg/lib/python3.12/site-packages/host_pkg/action'...
[0.760s] -- Up-to-date: /home/jeongje/final_project_ws/host/install/host_pkg/lib/python3.12/site-packages/host_pkg/host_pkg_s__rosidl_typesupport_fastrtps_c.so
[0.760s] -- Up-to-date: /home/jeongje/final_project_ws/host/install/host_pkg/lib/python3.12/site-packages/host_pkg/host_pkg_s__rosidl_typesupport_introspection_c.so
[0.761s] -- Up-to-date: /home/jeongje/final_project_ws/host/install/host_pkg/lib/python3.12/site-packages/host_pkg/host_pkg_s__rosidl_typesupport_c.so
[0.761s] -- Up-to-date: /home/jeongje/final_project_ws/host/install/host_pkg/lib/libhost_pkg__rosidl_generator_py.so
[0.761s] -- Up-to-date: /home/jeongje/final_project_ws/host/install/host_pkg/share/ament_index/resource_index/rust_packages/host_pkg
[0.761s] -- Up-to-date: /home/jeongje/final_project_ws/host/install/host_pkg/share/host_pkg/rust
[0.761s] -- Up-to-date: /home/jeongje/final_project_ws/host/install/host_pkg/share/host_pkg/rust/src
[0.761s] -- Up-to-date: /home/jeongje/final_project_ws/host/install/host_pkg/share/host_pkg/rust/src/lib.rs
[0.761s] -- Up-to-date: /home/jeongje/final_project_ws/host/install/host_pkg/share/host_pkg/rust/src/action.rs
[0.761s] -- Up-to-date: /home/jeongje/final_project_ws/host/install/host_pkg/share/host_pkg/rust/src/action
[0.761s] -- Up-to-date: /home/jeongje/final_project_ws/host/install/host_pkg/share/host_pkg/rust/src/action/rmw.rs
[0.761s] -- Up-to-date: /home/jeongje/final_project_ws/host/install/host_pkg/share/host_pkg/rust/Cargo.toml
[0.761s] -- Up-to-date: /home/jeongje/final_project_ws/host/install/host_pkg/share/host_pkg/rust/build.rs
[0.762s] -- Up-to-date: /home/jeongje/final_project_ws/host/install/host_pkg/share/host_pkg/action/Burger.idl
[0.762s] -- Up-to-date: /home/jeongje/final_project_ws/host/install/host_pkg/share/host_pkg/action/Arm.idl
[0.762s] -- Up-to-date: /home/jeongje/final_project_ws/host/install/host_pkg/share/host_pkg/action/Burger.action
[0.762s] -- Up-to-date: /home/jeongje/final_project_ws/host/install/host_pkg/share/host_pkg/action/Arm.action
[0.762s] -- Up-to-date: /home/jeongje/final_project_ws/host/install/host_pkg/share/ament_index/resource_index/package_run_dependencies/host_pkg
[0.762s] -- Up-to-date: /home/jeongje/final_project_ws/host/install/host_pkg/share/ament_index/resource_index/parent_prefix_path/host_pkg
[0.762s] -- Up-to-date: /home/jeongje/final_project_ws/host/install/host_pkg/share/host_pkg/environment/ament_prefix_path.sh
[0.762s] -- Up-to-date: /home/jeongje/final_project_ws/host/install/host_pkg/share/host_pkg/environment/ament_prefix_path.dsv
[0.762s] -- Up-to-date: /home/jeongje/final_project_ws/host/install/host_pkg/share/host_pkg/environment/path.sh
[0.762s] -- Up-to-date: /home/jeongje/final_project_ws/host/install/host_pkg/share/host_pkg/environment/path.dsv
[0.762s] -- Up-to-date: /home/jeongje/final_project_ws/host/install/host_pkg/share/host_pkg/local_setup.bash
[0.762s] -- Up-to-date: /home/jeongje/final_project_ws/host/install/host_pkg/share/host_pkg/local_setup.sh
[0.763s] -- Up-to-date: /home/jeongje/final_project_ws/host/install/host_pkg/share/host_pkg/local_setup.zsh
[0.763s] -- Up-to-date: /home/jeongje/final_project_ws/host/install/host_pkg/share/host_pkg/local_setup.dsv
[0.763s] -- Installing: /home/jeongje/final_project_ws/host/install/host_pkg/share/host_pkg/package.dsv
[0.763s] -- Up-to-date: /home/jeongje/final_project_ws/host/install/host_pkg/share/ament_index/resource_index/packages/host_pkg
[0.763s] -- Up-to-date: /home/jeongje/final_project_ws/host/install/host_pkg/share/host_pkg/cmake/export_host_pkg__rosidl_generator_cExport.cmake
[0.763s] -- Up-to-date: /home/jeongje/final_project_ws/host/install/host_pkg/share/host_pkg/cmake/export_host_pkg__rosidl_generator_cExport-noconfig.cmake
[0.763s] -- Up-to-date: /home/jeongje/final_project_ws/host/install/host_pkg/share/host_pkg/cmake/export_host_pkg__rosidl_typesupport_fastrtps_cExport.cmake
[0.763s] -- Up-to-date: /home/jeongje/final_project_ws/host/install/host_pkg/share/host_pkg/cmake/export_host_pkg__rosidl_typesupport_fastrtps_cExport-noconfig.cmake
[0.763s] -- Up-to-date: /home/jeongje/final_project_ws/host/install/host_pkg/share/host_pkg/cmake/export_host_pkg__rosidl_generator_cppExport.cmake
[0.763s] -- Up-to-date: /home/jeongje/final_project_ws/host/install/host_pkg/share/host_pkg/cmake/export_host_pkg__rosidl_typesupport_fastrtps_cppExport.cmake
[0.763s] -- Up-to-date: /home/jeongje/final_project_ws/host/install/host_pkg/share/host_pkg/cmake/export_host_pkg__rosidl_typesupport_fastrtps_cppExport-noconfig.cmake
[0.763s] -- Up-to-date: /home/jeongje/final_project_ws/host/install/host_pkg/share/host_pkg/cmake/host_pkg__rosidl_typesupport_introspection_cExport.cmake
[0.763s] -- Up-to-date: /home/jeongje/final_project_ws/host/install/host_pkg/share/host_pkg/cmake/host_pkg__rosidl_typesupport_introspection_cExport-noconfig.cmake
[0.763s] -- Up-to-date: /home/jeongje/final_project_ws/host/install/host_pkg/share/host_pkg/cmake/host_pkg__rosidl_typesupport_cExport.cmake
[0.763s] -- Up-to-date: /home/jeongje/final_project_ws/host/install/host_pkg/share/host_pkg/cmake/host_pkg__rosidl_typesupport_cExport-noconfig.cmake
[0.763s] -- Up-to-date: /home/jeongje/final_project_ws/host/install/host_pkg/share/host_pkg/cmake/host_pkg__rosidl_typesupport_introspection_cppExport.cmake
[0.764s] -- Up-to-date: /home/jeongje/final_project_ws/host/install/host_pkg/share/host_pkg/cmake/host_pkg__rosidl_typesupport_introspection_cppExport-noconfig.cmake
[0.764s] -- Up-to-date: /home/jeongje/final_project_ws/host/install/host_pkg/share/host_pkg/cmake/host_pkg__rosidl_typesupport_cppExport.cmake
[0.764s] -- Up-to-date: /home/jeongje/final_project_ws/host/install/host_pkg/share/host_pkg/cmake/host_pkg__rosidl_typesupport_cppExport-noconfig.cmake
[0.764s] -- Up-to-date: /home/jeongje/final_project_ws/host/install/host_pkg/share/host_pkg/cmake/export_host_pkg__rosidl_generator_pyExport.cmake
[0.765s] -- Up-to-date: /home/jeongje/final_project_ws/host/install/host_pkg/share/host_pkg/cmake/export_host_pkg__rosidl_generator_pyExport-noconfig.cmake
[0.765s] -- Up-to-date: /home/jeongje/final_project_ws/host/install/host_pkg/share/host_pkg/cmake/rosidl_cmake-extras.cmake
[0.765s] -- Up-to-date: /home/jeongje/final_project_ws/host/install/host_pkg/share/host_pkg/cmake/ament_cmake_export_dependencies-extras.cmake
[0.765s] -- Up-to-date: /home/jeongje/final_project_ws/host/install/host_pkg/share/host_pkg/cmake/ament_cmake_export_include_directories-extras.cmake
[0.765s] -- Up-to-date: /home/jeongje/final_project_ws/host/install/host_pkg/share/host_pkg/cmake/ament_cmake_export_libraries-extras.cmake
[0.766s] -- Up-to-date: /home/jeongje/final_project_ws/host/install/host_pkg/share/host_pkg/cmake/ament_cmake_export_targets-extras.cmake
[0.766s] -- Up-to-date: /home/jeongje/final_project_ws/host/install/host_pkg/share/host_pkg/cmake/rosidl_cmake_export_typesupport_targets-extras.cmake
[0.766s] -- Up-to-date: /home/jeongje/final_project_ws/host/install/host_pkg/share/host_pkg/cmake/rosidl_cmake_export_typesupport_libraries-extras.cmake
[0.766s] -- Up-to-date: /home/jeongje/final_project_ws/host/install/host_pkg/share/host_pkg/cmake/rosidl_cmake_aggregate_target-extras.cmake
[0.766s] -- Up-to-date: /home/jeongje/final_project_ws/host/install/host_pkg/share/host_pkg/cmake/host_pkgConfig.cmake
[0.767s] -- Up-to-date: /home/jeongje/final_project_ws/host/install/host_pkg/share/host_pkg/cmake/host_pkgConfig-version.cmake
[0.767s] -- Up-to-date: /home/jeongje/final_project_ws/host/install/host_pkg/share/host_pkg/package.xml
[0.767s] Invoked command in '/home/jeongje/final_project_ws/host/build/host_pkg' returned '0': CMAKE_PREFIX_PATH=${CMAKE_PREFIX_PATH}:/home/jeongje/turtlebot3_ws/install/turtlebot3_teleop:/home/jeongje/turtlebot3_ws/install/turtlebot3_example:/home/jeongje/robot_pinky/install/vicpinky_bringup:/home/jeongje/robot_pinky/install/pinky_llm:/opt/ros/jazzy DEBUGINFOD_URLS=https://debuginfod.ubuntu.com /usr/bin/cmake --install /home/jeongje/final_project_ws/host/build/host_pkg
