[0.099s] DEBUG:colcon:Command line arguments: ['/usr/bin/colcon', 'build']
[0.099s] DEBUG:colcon:Parsed command line arguments: Namespace(log_base=None, log_level=None, verb_name='build', build_base='build', install_base='install', merge_install=False, symlink_install=False, test_result_base=None, continue_on_error=False, executor='parallel', parallel_workers=16, event_handlers=None, ignore_user_meta=False, metas=['./colcon.meta'], base_paths=['.'], packages_ignore=None, packages_ignore_regex=None, paths=None, packages_up_to=None, packages_up_to_regex=None, packages_above=None, packages_above_and_dependencies=None, packages_above_depth=None, packages_select_by_dep=None, packages_skip_by_dep=None, packages_skip_up_to=None, packages_select_build_failed=False, packages_skip_build_finished=False, packages_select_test_failures=False, packages_skip_test_passed=False, packages_select=None, packages_skip=None, packages_select_regex=None, packages_skip_regex=None, packages_start=None, packages_end=None, allow_overriding=[], cmake_args=None, cmake_target=None, cmake_target_skip_unavailable=False, cmake_clean_cache=False, cmake_clean_first=False, cmake_force_configure=False, ament_cmake_args=None, catkin_cmake_args=None, catkin_skip_building_tests=False, mixin_files=None, mixin=None, verb_parser=<colcon_mixin.mixin.mixin_argument.MixinArgumentDecorator object at 0x712da368fe30>, verb_extension=<colcon_core.verb.build.BuildVerb object at 0x712da368f800>, main=<bound method BuildVerb.main of <colcon_core.verb.build.BuildVerb object at 0x712da368f800>>, mixin_verb=('build',))
[0.124s] Level 1:colcon.colcon_core.package_discovery:discover_packages(colcon_meta) check parameters
[0.124s] Level 1:colcon.colcon_core.package_discovery:discover_packages(recursive) check parameters
[0.124s] Level 1:colcon.colcon_core.package_discovery:discover_packages(ignore) check parameters
[0.124s] Level 1:colcon.colcon_core.package_discovery:discover_packages(path) check parameters
[0.124s] Level 1:colcon.colcon_core.package_discovery:discover_packages(colcon_meta) discover
[0.124s] Level 1:colcon.colcon_core.package_discovery:discover_packages(recursive) discover
[0.124s] INFO:colcon.colcon_core.package_discovery:Crawling recursively for packages in '/home/jeongje/final_project_ws/host'
[0.124s] Level 1:colcon.colcon_core.package_identification:_identify(.) by extensions ['ignore', 'ignore_ament_install']
[0.124s] Level 1:colcon.colcon_core.package_identification:_identify(.) by extension 'ignore'
[0.124s] Level 1:colcon.colcon_core.package_identification:_identify(.) by extension 'ignore_ament_install'
[0.125s] Level 1:colcon.colcon_core.package_identification:_identify(.) by extensions ['colcon_pkg']
[0.125s] Level 1:colcon.colcon_core.package_identification:_identify(.) by extension 'colcon_pkg'
[0.125s] Level 1:colcon.colcon_core.package_identification:_identify(.) by extensions ['colcon_meta']
[0.125s] Level 1:colcon.colcon_core.package_identification:_identify(.) by extension 'colcon_meta'
[0.125s] Level 1:colcon.colcon_core.package_identification:_identify(.) by extensions ['ros']
[0.125s] Level 1:colcon.colcon_core.package_identification:_identify(.) by extension 'ros'
[0.141s] Level 1:colcon.colcon_core.package_identification:_identify(.) by extensions ['cmake', 'python']
[0.141s] Level 1:colcon.colcon_core.package_identification:_identify(.) by extension 'cmake'
[0.141s] Level 1:colcon.colcon_core.package_identification:_identify(.) by extension 'python'
[0.141s] Level 1:colcon.colcon_core.package_identification:_identify(.) by extensions ['python_setup_py']
[0.141s] Level 1:colcon.colcon_core.package_identification:_identify(.) by extension 'python_setup_py'
[0.141s] Level 1:colcon.colcon_core.package_identification:_identify(build) by extensions ['ignore', 'ignore_ament_install']
[0.142s] Level 1:colcon.colcon_core.package_identification:_identify(build) by extension 'ignore'
[0.142s] Level 1:colcon.colcon_core.package_identification:_identify(build) ignored
[0.142s] Level 1:colcon.colcon_core.package_identification:_identify(install) by extensions ['ignore', 'ignore_ament_install']
[0.142s] Level 1:colcon.colcon_core.package_identification:_identify(install) by extension 'ignore'
[0.142s] Level 1:colcon.colcon_core.package_identification:_identify(install) ignored
[0.142s] Level 1:colcon.colcon_core.package_identification:_identify(log) by extensions ['ignore', 'ignore_ament_install']
[0.142s] Level 1:colcon.colcon_core.package_identification:_identify(log) by extension 'ignore'
[0.142s] Level 1:colcon.colcon_core.package_identification:_identify(log) ignored
[0.142s] Level 1:colcon.colcon_core.package_identification:_identify(src) by extensions ['ignore', 'ignore_ament_install']
[0.142s] Level 1:colcon.colcon_core.package_identification:_identify(src) by extension 'ignore'
[0.142s] Level 1:colcon.colcon_core.package_identification:_identify(src) by extension 'ignore_ament_install'
[0.142s] Level 1:colcon.colcon_core.package_identification:_identify(src) by extensions ['colcon_pkg']
[0.142s] Level 1:colcon.colcon_core.package_identification:_identify(src) by extension 'colcon_pkg'
[0.142s] Level 1:colcon.colcon_core.package_identification:_identify(src) by extensions ['colcon_meta']
[0.142s] Level 1:colcon.colcon_core.package_identification:_identify(src) by extension 'colcon_meta'
[0.142s] Level 1:colcon.colcon_core.package_identification:_identify(src) by extensions ['ros']
[0.142s] Level 1:colcon.colcon_core.package_identification:_identify(src) by extension 'ros'
[0.142s] Level 1:colcon.colcon_core.package_identification:_identify(src) by extensions ['cmake', 'python']
[0.142s] Level 1:colcon.colcon_core.package_identification:_identify(src) by extension 'cmake'
[0.142s] Level 1:colcon.colcon_core.package_identification:_identify(src) by extension 'python'
[0.142s] Level 1:colcon.colcon_core.package_identification:_identify(src) by extensions ['python_setup_py']
[0.142s] Level 1:colcon.colcon_core.package_identification:_identify(src) by extension 'python_setup_py'
[0.142s] Level 1:colcon.colcon_core.package_identification:_identify(src/host_pkg) by extensions ['ignore', 'ignore_ament_install']
[0.142s] Level 1:colcon.colcon_core.package_identification:_identify(src/host_pkg) by extension 'ignore'
[0.142s] Level 1:colcon.colcon_core.package_identification:_identify(src/host_pkg) by extension 'ignore_ament_install'
[0.142s] Level 1:colcon.colcon_core.package_identification:_identify(src/host_pkg) by extensions ['colcon_pkg']
[0.142s] Level 1:colcon.colcon_core.package_identification:_identify(src/host_pkg) by extension 'colcon_pkg'
[0.142s] Level 1:colcon.colcon_core.package_identification:_identify(src/host_pkg) by extensions ['colcon_meta']
[0.142s] Level 1:colcon.colcon_core.package_identification:_identify(src/host_pkg) by extension 'colcon_meta'
[0.142s] Level 1:colcon.colcon_core.package_identification:_identify(src/host_pkg) by extensions ['ros']
[0.142s] Level 1:colcon.colcon_core.package_identification:_identify(src/host_pkg) by extension 'ros'
[0.145s] DEBUG:colcon.colcon_core.package_identification:Package 'src/host_pkg' with type 'ros.ament_cmake' and name 'host_pkg'
[0.145s] Level 1:colcon.colcon_core.package_discovery:discover_packages(recursive) using defaults
[0.145s] Level 1:colcon.colcon_core.package_discovery:discover_packages(ignore) discover
[0.145s] Level 1:colcon.colcon_core.package_discovery:discover_packages(ignore) using defaults
[0.145s] Level 1:colcon.colcon_core.package_discovery:discover_packages(path) discover
[0.145s] Level 1:colcon.colcon_core.package_discovery:discover_packages(path) using defaults
[0.162s] Level 1:colcon.colcon_core.package_discovery:discover_packages(prefix_path) check parameters
[0.162s] Level 1:colcon.colcon_core.package_discovery:discover_packages(prefix_path) discover
[0.164s] WARNING:colcon.colcon_ros.prefix_path.ament:The path '/home/jeongje/final_project_ws/host/install/host_pkg' in the environment variable AMENT_PREFIX_PATH doesn't exist
[0.165s] WARNING:colcon.colcon_ros.prefix_path.catkin:The path '/home/jeongje/final_project_ws/host/install/host_pkg' in the environment variable CMAKE_PREFIX_PATH doesn't exist
[0.166s] DEBUG:colcon.colcon_installed_package_information.package_discovery:Found 0 installed packages in /home/jeongje/final_project_ws/host/install
[0.168s] DEBUG:colcon.colcon_installed_package_information.package_discovery:Found 15 installed packages in /home/jeongje/turtlebot3_ws/install
[0.169s] DEBUG:colcon.colcon_installed_package_information.package_discovery:Found 6 installed packages in /home/jeongje/robot_pinky/install
[0.174s] DEBUG:colcon.colcon_installed_package_information.package_discovery:Found 408 installed packages in /opt/ros/jazzy
[0.179s] Level 1:colcon.colcon_core.package_discovery:discover_packages(prefix_path) using defaults
[0.289s] Level 5:colcon.colcon_core.verb:set package 'host_pkg' build argument 'cmake_args' from command line to 'None'
[0.289s] Level 5:colcon.colcon_core.verb:set package 'host_pkg' build argument 'cmake_target' from command line to 'None'
[0.289s] Level 5:colcon.colcon_core.verb:set package 'host_pkg' build argument 'cmake_target_skip_unavailable' from command line to 'False'
[0.289s] Level 5:colcon.colcon_core.verb:set package 'host_pkg' build argument 'cmake_clean_cache' from command line to 'False'
[0.289s] Level 5:colcon.colcon_core.verb:set package 'host_pkg' build argument 'cmake_clean_first' from command line to 'False'
[0.289s] Level 5:colcon.colcon_core.verb:set package 'host_pkg' build argument 'cmake_force_configure' from command line to 'False'
[0.289s] Level 5:colcon.colcon_core.verb:set package 'host_pkg' build argument 'ament_cmake_args' from command line to 'None'
[0.289s] Level 5:colcon.colcon_core.verb:set package 'host_pkg' build argument 'catkin_cmake_args' from command line to 'None'
[0.289s] Level 5:colcon.colcon_core.verb:set package 'host_pkg' build argument 'catkin_skip_building_tests' from command line to 'False'
[0.289s] DEBUG:colcon.colcon_core.verb:Building package 'host_pkg' with the following arguments: {'ament_cmake_args': None, 'build_base': '/home/jeongje/final_project_ws/host/build/host_pkg', 'catkin_cmake_args': None, 'catkin_skip_building_tests': False, 'cmake_args': None, 'cmake_clean_cache': False, 'cmake_clean_first': False, 'cmake_force_configure': False, 'cmake_target': None, 'cmake_target_skip_unavailable': False, 'install_base': '/home/jeongje/final_project_ws/host/install/host_pkg', 'merge_install': False, 'path': '/home/jeongje/final_project_ws/host/src/host_pkg', 'symlink_install': False, 'test_result_base': None}
[0.289s] INFO:colcon.colcon_core.executor:Executing jobs using 'parallel' executor
[0.290s] DEBUG:colcon.colcon_parallel_executor.executor.parallel:run_until_complete
[0.291s] INFO:colcon.colcon_ros.task.ament_cmake.build:Building ROS package in '/home/jeongje/final_project_ws/host/src/host_pkg' with build type 'ament_cmake'
[0.291s] INFO:colcon.colcon_cmake.task.cmake.build:Building CMake package in '/home/jeongje/final_project_ws/host/src/host_pkg'
[0.292s] INFO:colcon.colcon_core.plugin_system:Skipping extension 'colcon_core.shell.bat': Not used on non-Windows systems
[0.292s] INFO:colcon.colcon_core.shell:Skip shell extension 'powershell' for command environment: Not usable outside of PowerShell
[0.292s] DEBUG:colcon.colcon_core.shell:Skip shell extension 'dsv' for command environment
[0.300s] DEBUG:colcon.colcon_core.event_handler.log_command:Invoking command in '/home/jeongje/final_project_ws/host/build/host_pkg': CMAKE_PREFIX_PATH=${CMAKE_PREFIX_PATH}:/home/jeongje/turtlebot3_ws/install/turtlebot3_teleop:/home/jeongje/turtlebot3_ws/install/turtlebot3_example:/home/jeongje/robot_pinky/install/vicpinky_bringup:/home/jeongje/robot_pinky/install/pinky_llm:/opt/ros/jazzy DEBUGINFOD_URLS=https://debuginfod.ubuntu.com /usr/bin/cmake /home/jeongje/final_project_ws/host/src/host_pkg -DCMAKE_INSTALL_PREFIX=/home/jeongje/final_project_ws/host/install/host_pkg
[5.902s] DEBUG:colcon.colcon_core.event_handler.log_command:Invoked command in '/home/jeongje/final_project_ws/host/build/host_pkg' returned '0': CMAKE_PREFIX_PATH=${CMAKE_PREFIX_PATH}:/home/jeongje/turtlebot3_ws/install/turtlebot3_teleop:/home/jeongje/turtlebot3_ws/install/turtlebot3_example:/home/jeongje/robot_pinky/install/vicpinky_bringup:/home/jeongje/robot_pinky/install/pinky_llm:/opt/ros/jazzy DEBUGINFOD_URLS=https://debuginfod.ubuntu.com /usr/bin/cmake /home/jeongje/final_project_ws/host/src/host_pkg -DCMAKE_INSTALL_PREFIX=/home/jeongje/final_project_ws/host/install/host_pkg
[5.903s] DEBUG:colcon.colcon_core.event_handler.log_command:Invoking command in '/home/jeongje/final_project_ws/host/build/host_pkg': CMAKE_PREFIX_PATH=${CMAKE_PREFIX_PATH}:/home/jeongje/turtlebot3_ws/install/turtlebot3_teleop:/home/jeongje/turtlebot3_ws/install/turtlebot3_example:/home/jeongje/robot_pinky/install/vicpinky_bringup:/home/jeongje/robot_pinky/install/pinky_llm:/opt/ros/jazzy DEBUGINFOD_URLS=https://debuginfod.ubuntu.com /usr/bin/cmake --build /home/jeongje/final_project_ws/host/build/host_pkg -- -j16 -l16
[10.458s] DEBUG:colcon.colcon_core.event_handler.log_command:Invoked command in '/home/jeongje/final_project_ws/host/build/host_pkg' returned '0': CMAKE_PREFIX_PATH=${CMAKE_PREFIX_PATH}:/home/jeongje/turtlebot3_ws/install/turtlebot3_teleop:/home/jeongje/turtlebot3_ws/install/turtlebot3_example:/home/jeongje/robot_pinky/install/vicpinky_bringup:/home/jeongje/robot_pinky/install/pinky_llm:/opt/ros/jazzy DEBUGINFOD_URLS=https://debuginfod.ubuntu.com /usr/bin/cmake --build /home/jeongje/final_project_ws/host/build/host_pkg -- -j16 -l16
[10.466s] DEBUG:colcon.colcon_core.event_handler.log_command:Invoking command in '/home/jeongje/final_project_ws/host/build/host_pkg': CMAKE_PREFIX_PATH=${CMAKE_PREFIX_PATH}:/home/jeongje/turtlebot3_ws/install/turtlebot3_teleop:/home/jeongje/turtlebot3_ws/install/turtlebot3_example:/home/jeongje/robot_pinky/install/vicpinky_bringup:/home/jeongje/robot_pinky/install/pinky_llm:/opt/ros/jazzy DEBUGINFOD_URLS=https://debuginfod.ubuntu.com /usr/bin/cmake --install /home/jeongje/final_project_ws/host/build/host_pkg
[10.568s] Level 1:colcon.colcon_core.environment:create_environment_scripts_only(host_pkg)
[10.568s] DEBUG:colcon.colcon_core.event_handler.log_command:Invoked command in '/home/jeongje/final_project_ws/host/build/host_pkg' returned '0': CMAKE_PREFIX_PATH=${CMAKE_PREFIX_PATH}:/home/jeongje/turtlebot3_ws/install/turtlebot3_teleop:/home/jeongje/turtlebot3_ws/install/turtlebot3_example:/home/jeongje/robot_pinky/install/vicpinky_bringup:/home/jeongje/robot_pinky/install/pinky_llm:/opt/ros/jazzy DEBUGINFOD_URLS=https://debuginfod.ubuntu.com /usr/bin/cmake --install /home/jeongje/final_project_ws/host/build/host_pkg
[10.570s] Level 1:colcon.colcon_core.environment:checking '/home/jeongje/final_project_ws/host/install/host_pkg' for CMake module files
[10.570s] Level 1:colcon.colcon_core.environment:checking '/home/jeongje/final_project_ws/host/install/host_pkg' for CMake config files
[10.570s] Level 1:colcon.colcon_core.shell:create_environment_hook('host_pkg', 'cmake_prefix_path')
[10.570s] INFO:colcon.colcon_core.shell:Creating environment hook '/home/jeongje/final_project_ws/host/install/host_pkg/share/host_pkg/hook/cmake_prefix_path.ps1'
[10.571s] INFO:colcon.colcon_core.shell:Creating environment descriptor '/home/jeongje/final_project_ws/host/install/host_pkg/share/host_pkg/hook/cmake_prefix_path.dsv'
[10.571s] INFO:colcon.colcon_core.shell:Creating environment hook '/home/jeongje/final_project_ws/host/install/host_pkg/share/host_pkg/hook/cmake_prefix_path.sh'
[10.572s] Level 1:colcon.colcon_core.environment:checking '/home/jeongje/final_project_ws/host/install/host_pkg/lib'
[10.572s] Level 1:colcon.colcon_core.shell:create_environment_hook('host_pkg', 'ld_library_path_lib')
[10.572s] INFO:colcon.colcon_core.shell:Creating environment hook '/home/jeongje/final_project_ws/host/install/host_pkg/share/host_pkg/hook/ld_library_path_lib.ps1'
[10.572s] INFO:colcon.colcon_core.shell:Creating environment descriptor '/home/jeongje/final_project_ws/host/install/host_pkg/share/host_pkg/hook/ld_library_path_lib.dsv'
[10.573s] INFO:colcon.colcon_core.shell:Creating environment hook '/home/jeongje/final_project_ws/host/install/host_pkg/share/host_pkg/hook/ld_library_path_lib.sh'
[10.573s] Level 1:colcon.colcon_core.environment:checking '/home/jeongje/final_project_ws/host/install/host_pkg/bin'
[10.573s] Level 1:colcon.colcon_core.environment:checking '/home/jeongje/final_project_ws/host/install/host_pkg/lib/pkgconfig/host_pkg.pc'
[10.573s] Level 1:colcon.colcon_core.environment:checking '/home/jeongje/final_project_ws/host/install/host_pkg/lib/python3.12/site-packages'
[10.573s] Level 1:colcon.colcon_core.shell:create_environment_hook('host_pkg', 'pythonpath')
[10.573s] INFO:colcon.colcon_core.shell:Creating environment hook '/home/jeongje/final_project_ws/host/install/host_pkg/share/host_pkg/hook/pythonpath.ps1'
[10.574s] INFO:colcon.colcon_core.shell:Creating environment descriptor '/home/jeongje/final_project_ws/host/install/host_pkg/share/host_pkg/hook/pythonpath.dsv'
[10.574s] INFO:colcon.colcon_core.shell:Creating environment hook '/home/jeongje/final_project_ws/host/install/host_pkg/share/host_pkg/hook/pythonpath.sh'
[10.574s] Level 1:colcon.colcon_core.environment:checking '/home/jeongje/final_project_ws/host/install/host_pkg/bin'
[10.575s] INFO:colcon.colcon_core.shell:Creating package script '/home/jeongje/final_project_ws/host/install/host_pkg/share/host_pkg/package.ps1'
[10.575s] INFO:colcon.colcon_core.shell:Creating package descriptor '/home/jeongje/final_project_ws/host/install/host_pkg/share/host_pkg/package.dsv'
[10.576s] INFO:colcon.colcon_core.shell:Creating package script '/home/jeongje/final_project_ws/host/install/host_pkg/share/host_pkg/package.sh'
[10.576s] INFO:colcon.colcon_core.shell:Creating package script '/home/jeongje/final_project_ws/host/install/host_pkg/share/host_pkg/package.bash'
[10.577s] INFO:colcon.colcon_core.shell:Creating package script '/home/jeongje/final_project_ws/host/install/host_pkg/share/host_pkg/package.zsh'
[10.577s] Level 1:colcon.colcon_core.environment:create_file_with_runtime_dependencies(/home/jeongje/final_project_ws/host/install/host_pkg/share/colcon-core/packages/host_pkg)
[10.578s] Level 1:colcon.colcon_core.environment:create_environment_scripts_only(host_pkg)
[10.578s] Level 1:colcon.colcon_core.environment:checking '/home/jeongje/final_project_ws/host/install/host_pkg' for CMake module files
[10.578s] Level 1:colcon.colcon_core.environment:checking '/home/jeongje/final_project_ws/host/install/host_pkg' for CMake config files
[10.579s] Level 1:colcon.colcon_core.shell:create_environment_hook('host_pkg', 'cmake_prefix_path')
[10.579s] INFO:colcon.colcon_core.shell:Creating environment hook '/home/jeongje/final_project_ws/host/install/host_pkg/share/host_pkg/hook/cmake_prefix_path.ps1'
[10.579s] INFO:colcon.colcon_core.shell:Creating environment descriptor '/home/jeongje/final_project_ws/host/install/host_pkg/share/host_pkg/hook/cmake_prefix_path.dsv'
[10.579s] INFO:colcon.colcon_core.shell:Creating environment hook '/home/jeongje/final_project_ws/host/install/host_pkg/share/host_pkg/hook/cmake_prefix_path.sh'
[10.580s] Level 1:colcon.colcon_core.environment:checking '/home/jeongje/final_project_ws/host/install/host_pkg/lib'
[10.580s] Level 1:colcon.colcon_core.shell:create_environment_hook('host_pkg', 'ld_library_path_lib')
[10.580s] INFO:colcon.colcon_core.shell:Creating environment hook '/home/jeongje/final_project_ws/host/install/host_pkg/share/host_pkg/hook/ld_library_path_lib.ps1'
[10.580s] INFO:colcon.colcon_core.shell:Creating environment descriptor '/home/jeongje/final_project_ws/host/install/host_pkg/share/host_pkg/hook/ld_library_path_lib.dsv'
[10.581s] INFO:colcon.colcon_core.shell:Creating environment hook '/home/jeongje/final_project_ws/host/install/host_pkg/share/host_pkg/hook/ld_library_path_lib.sh'
[10.581s] Level 1:colcon.colcon_core.environment:checking '/home/jeongje/final_project_ws/host/install/host_pkg/bin'
[10.581s] Level 1:colcon.colcon_core.environment:checking '/home/jeongje/final_project_ws/host/install/host_pkg/lib/pkgconfig/host_pkg.pc'
[10.581s] Level 1:colcon.colcon_core.environment:checking '/home/jeongje/final_project_ws/host/install/host_pkg/lib/python3.12/site-packages'
[10.581s] Level 1:colcon.colcon_core.shell:create_environment_hook('host_pkg', 'pythonpath')
[10.581s] INFO:colcon.colcon_core.shell:Creating environment hook '/home/jeongje/final_project_ws/host/install/host_pkg/share/host_pkg/hook/pythonpath.ps1'
[10.582s] INFO:colcon.colcon_core.shell:Creating environment descriptor '/home/jeongje/final_project_ws/host/install/host_pkg/share/host_pkg/hook/pythonpath.dsv'
[10.582s] INFO:colcon.colcon_core.shell:Creating environment hook '/home/jeongje/final_project_ws/host/install/host_pkg/share/host_pkg/hook/pythonpath.sh'
[10.582s] Level 1:colcon.colcon_core.environment:checking '/home/jeongje/final_project_ws/host/install/host_pkg/bin'
[10.583s] INFO:colcon.colcon_core.shell:Creating package script '/home/jeongje/final_project_ws/host/install/host_pkg/share/host_pkg/package.ps1'
[10.584s] INFO:colcon.colcon_core.shell:Creating package descriptor '/home/jeongje/final_project_ws/host/install/host_pkg/share/host_pkg/package.dsv'
[10.584s] INFO:colcon.colcon_core.shell:Creating package script '/home/jeongje/final_project_ws/host/install/host_pkg/share/host_pkg/package.sh'
[10.584s] INFO:colcon.colcon_core.shell:Creating package script '/home/jeongje/final_project_ws/host/install/host_pkg/share/host_pkg/package.bash'
[10.585s] INFO:colcon.colcon_core.shell:Creating package script '/home/jeongje/final_project_ws/host/install/host_pkg/share/host_pkg/package.zsh'
[10.585s] Level 1:colcon.colcon_core.environment:create_file_with_runtime_dependencies(/home/jeongje/final_project_ws/host/install/host_pkg/share/colcon-core/packages/host_pkg)
[10.585s] DEBUG:colcon.colcon_parallel_executor.executor.parallel:closing loop
[10.585s] DEBUG:colcon.colcon_parallel_executor.executor.parallel:loop closed
[10.585s] DEBUG:colcon.colcon_parallel_executor.executor.parallel:run_until_complete finished with '0'
[10.585s] DEBUG:colcon.colcon_core.event_reactor:joining thread
[10.590s] INFO:colcon.colcon_core.plugin_system:Skipping extension 'colcon_notification.desktop_notification.terminal_notifier': Not used on non-Darwin systems
[10.590s] INFO:colcon.colcon_core.plugin_system:Skipping extension 'colcon_notification.desktop_notification.win32': Not used on non-Windows systems
[10.590s] INFO:colcon.colcon_notification.desktop_notification:Sending desktop notification using 'notify2'
[10.643s] DEBUG:colcon.colcon_core.event_reactor:joined thread
[10.644s] INFO:colcon.colcon_core.shell:Creating prefix script '/home/jeongje/final_project_ws/host/install/local_setup.ps1'
[10.647s] INFO:colcon.colcon_core.shell:Creating prefix util module '/home/jeongje/final_project_ws/host/install/_local_setup_util_ps1.py'
[10.651s] INFO:colcon.colcon_core.shell:Creating prefix chain script '/home/jeongje/final_project_ws/host/install/setup.ps1'
[10.652s] INFO:colcon.colcon_core.shell:Creating prefix script '/home/jeongje/final_project_ws/host/install/local_setup.sh'
[10.653s] INFO:colcon.colcon_core.shell:Creating prefix util module '/home/jeongje/final_project_ws/host/install/_local_setup_util_sh.py'
[10.653s] INFO:colcon.colcon_core.shell:Creating prefix chain script '/home/jeongje/final_project_ws/host/install/setup.sh'
[10.654s] INFO:colcon.colcon_core.shell:Creating prefix script '/home/jeongje/final_project_ws/host/install/local_setup.bash'
[10.655s] INFO:colcon.colcon_core.shell:Creating prefix chain script '/home/jeongje/final_project_ws/host/install/setup.bash'
[10.656s] INFO:colcon.colcon_core.shell:Creating prefix script '/home/jeongje/final_project_ws/host/install/local_setup.zsh'
[10.656s] INFO:colcon.colcon_core.shell:Creating prefix chain script '/home/jeongje/final_project_ws/host/install/setup.zsh'
