[0.010s] Invoking command in '/home/jeongje/final_project_ws/host/build/host_pkg': CMAKE_PREFIX_PATH=${CMAKE_PREFIX_PATH}:/home/jeongje/turtlebot3_ws/install/turtlebot3_teleop:/home/jeongje/turtlebot3_ws/install/turtlebot3_example:/home/jeongje/robot_pinky/install/vicpinky_bringup:/home/jeongje/robot_pinky/install/pinky_llm:/opt/ros/jazzy DEBUGINFOD_URLS=https://debuginfod.ubuntu.com VIRTUAL_ENV_PROMPT=(ros) /usr/bin/cmake --build /home/jeongje/final_project_ws/host/build/host_pkg -- -j16 -l16
[0.121s] [  2%] Built target host_pkg__rs
[0.126s] [  5%] Built target host_pkg__rosidl_generator_type_description
[0.141s] [  5%] Built target ament_cmake_python_copy_host_pkg
[0.179s] [  8%] Built target host_pkg__cpp
[0.187s] [ 22%] Built target host_pkg__rosidl_generator_c
[0.258s] [ 31%] Built target host_pkg__rosidl_typesupport_c
[0.259s] [ 40%] Built target host_pkg__rosidl_typesupport_introspection_c
[0.261s] [ 48%] Built target host_pkg__rosidl_typesupport_fastrtps_c
[0.261s] [ 57%] Built target host_pkg__rosidl_typesupport_fastrtps_cpp
[0.263s] [ 68%] Built target host_pkg__rosidl_typesupport_cpp
[0.263s] [ 74%] Built target host_pkg__rosidl_typesupport_introspection_cpp
[0.326s] [ 74%] Built target host_pkg
[0.391s] [ 77%] Built target host_pkg__py
[0.425s] [ 82%] Built target host_pkg__rosidl_generator_py
[0.444s] [100%] Built target host_pkg_s__rosidl_typesupport_fastrtps_c
[0.444s] [100%] Built target host_pkg_s__rosidl_typesupport_c
[0.445s] [100%] Built target host_pkg_s__rosidl_typesupport_introspection_c
[0.514s] running egg_info
[0.525s] writing host_pkg.egg-info/PKG-INFO
[0.526s] writing dependency_links to host_pkg.egg-info/dependency_links.txt
[0.526s] writing top-level names to host_pkg.egg-info/top_level.txt
[0.558s] reading manifest file 'host_pkg.egg-info/SOURCES.txt'
[0.559s] writing manifest file 'host_pkg.egg-info/SOURCES.txt'
[0.580s] [100%] Built target ament_cmake_python_build_host_pkg_egg
[0.589s] Invoked command in '/home/jeongje/final_project_ws/host/build/host_pkg' returned '0': CMAKE_PREFIX_PATH=${CMAKE_PREFIX_PATH}:/home/jeongje/turtlebot3_ws/install/turtlebot3_teleop:/home/jeongje/turtlebot3_ws/install/turtlebot3_example:/home/jeongje/robot_pinky/install/vicpinky_bringup:/home/jeongje/robot_pinky/install/pinky_llm:/opt/ros/jazzy DEBUGINFOD_URLS=https://debuginfod.ubuntu.com VIRTUAL_ENV_PROMPT=(ros) /usr/bin/cmake --build /home/jeongje/final_project_ws/host/build/host_pkg -- -j16 -l16
[0.605s] Invoking command in '/home/jeongje/final_project_ws/host/build/host_pkg': CMAKE_PREFIX_PATH=${CMAKE_PREFIX_PATH}:/home/jeongje/turtlebot3_ws/install/turtlebot3_teleop:/home/jeongje/turtlebot3_ws/install/turtlebot3_example:/home/jeongje/robot_pinky/install/vicpinky_bringup:/home/jeongje/robot_pinky/install/pinky_llm:/opt/ros/jazzy DEBUGINFOD_URLS=https://debuginfod.ubuntu.com VIRTUAL_ENV_PROMPT=(ros) /usr/bin/cmake --install /home/jeongje/final_project_ws/host/build/host_pkg
[0.631s] -- Install configuration: ""
[0.632s] -- Up-to-date: /home/jeongje/final_project_ws/host/install/host_pkg/share/ament_index/resource_index/rosidl_interfaces/host_pkg
[0.632s] -- Up-to-date: /home/jeongje/final_project_ws/host/install/host_pkg/share/host_pkg/action/Burger1.json
[0.632s] -- Up-to-date: /home/jeongje/final_project_ws/host/install/host_pkg/include/host_pkg/host_pkg
[0.633s] -- Up-to-date: /home/jeongje/final_project_ws/host/install/host_pkg/include/host_pkg/host_pkg/msg
[0.633s] -- Up-to-date: /home/jeongje/final_project_ws/host/install/host_pkg/include/host_pkg/host_pkg/msg/rosidl_generator_c__visibility_control.h
[0.633s] -- Up-to-date: /home/jeongje/final_project_ws/host/install/host_pkg/include/host_pkg/host_pkg/action
[0.634s] -- Up-to-date: /home/jeongje/final_project_ws/host/install/host_pkg/include/host_pkg/host_pkg/action/detail
[0.634s] -- Up-to-date: /home/jeongje/final_project_ws/host/install/host_pkg/include/host_pkg/host_pkg/action/detail/burger1__type_support.h
[0.634s] -- Up-to-date: /home/jeongje/final_project_ws/host/install/host_pkg/include/host_pkg/host_pkg/action/detail/burger1__description.c
[0.635s] -- Up-to-date: /home/jeongje/final_project_ws/host/install/host_pkg/include/host_pkg/host_pkg/action/detail/burger1__functions.h
[0.635s] -- Up-to-date: /home/jeongje/final_project_ws/host/install/host_pkg/include/host_pkg/host_pkg/action/detail/burger1__struct.h
[0.636s] -- Up-to-date: /home/jeongje/final_project_ws/host/install/host_pkg/include/host_pkg/host_pkg/action/detail/burger1__functions.c
[0.636s] -- Up-to-date: /home/jeongje/final_project_ws/host/install/host_pkg/include/host_pkg/host_pkg/action/detail/burger1__type_support.c
[0.636s] -- Up-to-date: /home/jeongje/final_project_ws/host/install/host_pkg/include/host_pkg/host_pkg/action/burger1.h
[0.636s] -- Up-to-date: /home/jeongje/final_project_ws/host/install/host_pkg/share/host_pkg/environment/library_path.sh
[0.636s] -- Up-to-date: /home/jeongje/final_project_ws/host/install/host_pkg/share/host_pkg/environment/library_path.dsv
[0.637s] -- Up-to-date: /home/jeongje/final_project_ws/host/install/host_pkg/lib/libhost_pkg__rosidl_generator_c.so
[0.637s] -- Up-to-date: /home/jeongje/final_project_ws/host/install/host_pkg/include/host_pkg/host_pkg
[0.637s] -- Up-to-date: /home/jeongje/final_project_ws/host/install/host_pkg/include/host_pkg/host_pkg/msg
[0.637s] -- Up-to-date: /home/jeongje/final_project_ws/host/install/host_pkg/include/host_pkg/host_pkg/msg/rosidl_typesupport_fastrtps_c__visibility_control.h
[0.637s] -- Up-to-date: /home/jeongje/final_project_ws/host/install/host_pkg/include/host_pkg/host_pkg/action
[0.637s] -- Up-to-date: /home/jeongje/final_project_ws/host/install/host_pkg/include/host_pkg/host_pkg/action/detail
[0.637s] -- Up-to-date: /home/jeongje/final_project_ws/host/install/host_pkg/include/host_pkg/host_pkg/action/detail/burger1__rosidl_typesupport_fastrtps_c.h
[0.637s] -- Up-to-date: /home/jeongje/final_project_ws/host/install/host_pkg/lib/libhost_pkg__rosidl_typesupport_fastrtps_c.so
[0.637s] -- Up-to-date: /home/jeongje/final_project_ws/host/install/host_pkg/include/host_pkg/host_pkg
[0.637s] -- Up-to-date: /home/jeongje/final_project_ws/host/install/host_pkg/include/host_pkg/host_pkg/msg
[0.637s] -- Up-to-date: /home/jeongje/final_project_ws/host/install/host_pkg/include/host_pkg/host_pkg/msg/rosidl_generator_cpp__visibility_control.hpp
[0.637s] -- Up-to-date: /home/jeongje/final_project_ws/host/install/host_pkg/include/host_pkg/host_pkg/action
[0.637s] -- Up-to-date: /home/jeongje/final_project_ws/host/install/host_pkg/include/host_pkg/host_pkg/action/burger1.hpp
[0.638s] -- Up-to-date: /home/jeongje/final_project_ws/host/install/host_pkg/include/host_pkg/host_pkg/action/detail
[0.638s] -- Up-to-date: /home/jeongje/final_project_ws/host/install/host_pkg/include/host_pkg/host_pkg/action/detail/burger1__type_support.hpp
[0.638s] -- Up-to-date: /home/jeongje/final_project_ws/host/install/host_pkg/include/host_pkg/host_pkg/action/detail/burger1__traits.hpp
[0.638s] -- Up-to-date: /home/jeongje/final_project_ws/host/install/host_pkg/include/host_pkg/host_pkg/action/detail/burger1__struct.hpp
[0.638s] -- Up-to-date: /home/jeongje/final_project_ws/host/install/host_pkg/include/host_pkg/host_pkg/action/detail/burger1__builder.hpp
[0.638s] -- Up-to-date: /home/jeongje/final_project_ws/host/install/host_pkg/include/host_pkg/host_pkg
[0.638s] -- Up-to-date: /home/jeongje/final_project_ws/host/install/host_pkg/include/host_pkg/host_pkg/msg
[0.638s] -- Up-to-date: /home/jeongje/final_project_ws/host/install/host_pkg/include/host_pkg/host_pkg/msg/rosidl_typesupport_fastrtps_cpp__visibility_control.h
[0.638s] -- Up-to-date: /home/jeongje/final_project_ws/host/install/host_pkg/include/host_pkg/host_pkg/action
[0.638s] -- Up-to-date: /home/jeongje/final_project_ws/host/install/host_pkg/include/host_pkg/host_pkg/action/detail
[0.638s] -- Up-to-date: /home/jeongje/final_project_ws/host/install/host_pkg/include/host_pkg/host_pkg/action/detail/burger1__rosidl_typesupport_fastrtps_cpp.hpp
[0.638s] -- Up-to-date: /home/jeongje/final_project_ws/host/install/host_pkg/include/host_pkg/host_pkg/action/detail/dds_fastrtps
[0.638s] -- Up-to-date: /home/jeongje/final_project_ws/host/install/host_pkg/lib/libhost_pkg__rosidl_typesupport_fastrtps_cpp.so
[0.638s] -- Up-to-date: /home/jeongje/final_project_ws/host/install/host_pkg/include/host_pkg/host_pkg
[0.638s] -- Up-to-date: /home/jeongje/final_project_ws/host/install/host_pkg/include/host_pkg/host_pkg/msg
[0.638s] -- Up-to-date: /home/jeongje/final_project_ws/host/install/host_pkg/include/host_pkg/host_pkg/msg/rosidl_typesupport_introspection_c__visibility_control.h
[0.639s] -- Up-to-date: /home/jeongje/final_project_ws/host/install/host_pkg/include/host_pkg/host_pkg/action
[0.639s] -- Up-to-date: /home/jeongje/final_project_ws/host/install/host_pkg/include/host_pkg/host_pkg/action/detail
[0.639s] -- Up-to-date: /home/jeongje/final_project_ws/host/install/host_pkg/include/host_pkg/host_pkg/action/detail/burger1__rosidl_typesupport_introspection_c.h
[0.639s] -- Up-to-date: /home/jeongje/final_project_ws/host/install/host_pkg/include/host_pkg/host_pkg/action/detail/burger1__type_support.c
[0.639s] -- Up-to-date: /home/jeongje/final_project_ws/host/install/host_pkg/lib/libhost_pkg__rosidl_typesupport_introspection_c.so
[0.639s] -- Up-to-date: /home/jeongje/final_project_ws/host/install/host_pkg/lib/libhost_pkg__rosidl_typesupport_c.so
[0.639s] -- Up-to-date: /home/jeongje/final_project_ws/host/install/host_pkg/include/host_pkg/host_pkg
[0.639s] -- Up-to-date: /home/jeongje/final_project_ws/host/install/host_pkg/include/host_pkg/host_pkg/action
[0.639s] -- Up-to-date: /home/jeongje/final_project_ws/host/install/host_pkg/include/host_pkg/host_pkg/action/detail
[0.639s] -- Up-to-date: /home/jeongje/final_project_ws/host/install/host_pkg/include/host_pkg/host_pkg/action/detail/burger1__rosidl_typesupport_introspection_cpp.hpp
[0.639s] -- Up-to-date: /home/jeongje/final_project_ws/host/install/host_pkg/include/host_pkg/host_pkg/action/detail/burger1__type_support.cpp
[0.639s] -- Up-to-date: /home/jeongje/final_project_ws/host/install/host_pkg/lib/libhost_pkg__rosidl_typesupport_introspection_cpp.so
[0.639s] -- Up-to-date: /home/jeongje/final_project_ws/host/install/host_pkg/lib/libhost_pkg__rosidl_typesupport_cpp.so
[0.639s] -- Up-to-date: /home/jeongje/final_project_ws/host/install/host_pkg/share/host_pkg/environment/pythonpath.sh
[0.639s] -- Up-to-date: /home/jeongje/final_project_ws/host/install/host_pkg/share/host_pkg/environment/pythonpath.dsv
[0.639s] -- Up-to-date: /home/jeongje/final_project_ws/host/install/host_pkg/lib/python3.12/site-packages/host_pkg-0.0.0-py3.12.egg-info
[0.640s] -- Installing: /home/jeongje/final_project_ws/host/install/host_pkg/lib/python3.12/site-packages/host_pkg-0.0.0-py3.12.egg-info/top_level.txt
[0.640s] -- Installing: /home/jeongje/final_project_ws/host/install/host_pkg/lib/python3.12/site-packages/host_pkg-0.0.0-py3.12.egg-info/dependency_links.txt
[0.640s] -- Installing: /home/jeongje/final_project_ws/host/install/host_pkg/lib/python3.12/site-packages/host_pkg-0.0.0-py3.12.egg-info/SOURCES.txt
[0.640s] -- Installing: /home/jeongje/final_project_ws/host/install/host_pkg/lib/python3.12/site-packages/host_pkg-0.0.0-py3.12.egg-info/PKG-INFO
[0.640s] -- Up-to-date: /home/jeongje/final_project_ws/host/install/host_pkg/lib/python3.12/site-packages/host_pkg
[0.640s] -- Up-to-date: /home/jeongje/final_project_ws/host/install/host_pkg/lib/python3.12/site-packages/host_pkg/__init__.py
[0.640s] -- Up-to-date: /home/jeongje/final_project_ws/host/install/host_pkg/lib/python3.12/site-packages/host_pkg/_host_pkg_s.ep.rosidl_typesupport_introspection_c.c
[0.640s] -- Up-to-date: /home/jeongje/final_project_ws/host/install/host_pkg/lib/python3.12/site-packages/host_pkg/_host_pkg_s.ep.rosidl_typesupport_fastrtps_c.c
[0.640s] -- Up-to-date: /home/jeongje/final_project_ws/host/install/host_pkg/lib/python3.12/site-packages/host_pkg/host_pkg_s__rosidl_typesupport_introspection_c.so
[0.640s] -- Up-to-date: /home/jeongje/final_project_ws/host/install/host_pkg/lib/python3.12/site-packages/host_pkg/action
[0.640s] -- Up-to-date: /home/jeongje/final_project_ws/host/install/host_pkg/lib/python3.12/site-packages/host_pkg/action/__init__.py
[0.640s] -- Up-to-date: /home/jeongje/final_project_ws/host/install/host_pkg/lib/python3.12/site-packages/host_pkg/action/_burger1_s.c
[0.640s] -- Up-to-date: /home/jeongje/final_project_ws/host/install/host_pkg/lib/python3.12/site-packages/host_pkg/action/_burger1.py
[0.640s] -- Up-to-date: /home/jeongje/final_project_ws/host/install/host_pkg/lib/python3.12/site-packages/host_pkg/host_pkg_s__rosidl_typesupport_c.so
[0.640s] -- Up-to-date: /home/jeongje/final_project_ws/host/install/host_pkg/lib/python3.12/site-packages/host_pkg/_host_pkg_s.ep.rosidl_typesupport_c.c
[0.640s] -- Up-to-date: /home/jeongje/final_project_ws/host/install/host_pkg/lib/python3.12/site-packages/host_pkg/host_pkg_s__rosidl_typesupport_fastrtps_c.so
[0.679s] Listing '/home/jeongje/final_project_ws/host/install/host_pkg/lib/python3.12/site-packages/host_pkg'...
[0.680s] Listing '/home/jeongje/final_project_ws/host/install/host_pkg/lib/python3.12/site-packages/host_pkg/action'...
[0.698s] -- Up-to-date: /home/jeongje/final_project_ws/host/install/host_pkg/lib/python3.12/site-packages/host_pkg/host_pkg_s__rosidl_typesupport_fastrtps_c.so
[0.698s] -- Up-to-date: /home/jeongje/final_project_ws/host/install/host_pkg/lib/python3.12/site-packages/host_pkg/host_pkg_s__rosidl_typesupport_introspection_c.so
[0.699s] -- Up-to-date: /home/jeongje/final_project_ws/host/install/host_pkg/lib/python3.12/site-packages/host_pkg/host_pkg_s__rosidl_typesupport_c.so
[0.700s] -- Up-to-date: /home/jeongje/final_project_ws/host/install/host_pkg/lib/libhost_pkg__rosidl_generator_py.so
[0.701s] -- Up-to-date: /home/jeongje/final_project_ws/host/install/host_pkg/share/ament_index/resource_index/rust_packages/host_pkg
[0.702s] -- Up-to-date: /home/jeongje/final_project_ws/host/install/host_pkg/share/host_pkg/rust
[0.702s] -- Up-to-date: /home/jeongje/final_project_ws/host/install/host_pkg/share/host_pkg/rust/src
[0.703s] -- Up-to-date: /home/jeongje/final_project_ws/host/install/host_pkg/share/host_pkg/rust/src/lib.rs
[0.703s] -- Up-to-date: /home/jeongje/final_project_ws/host/install/host_pkg/share/host_pkg/rust/src/action.rs
[0.704s] -- Up-to-date: /home/jeongje/final_project_ws/host/install/host_pkg/share/host_pkg/rust/src/action
[0.704s] -- Up-to-date: /home/jeongje/final_project_ws/host/install/host_pkg/share/host_pkg/rust/src/action/rmw.rs
[0.704s] -- Up-to-date: /home/jeongje/final_project_ws/host/install/host_pkg/share/host_pkg/rust/Cargo.toml
[0.705s] -- Up-to-date: /home/jeongje/final_project_ws/host/install/host_pkg/share/host_pkg/rust/build.rs
[0.705s] -- Up-to-date: /home/jeongje/final_project_ws/host/install/host_pkg/share/host_pkg/action/Burger1.idl
[0.705s] -- Up-to-date: /home/jeongje/final_project_ws/host/install/host_pkg/share/host_pkg/action/Burger1.action
[0.706s] -- Up-to-date: /home/jeongje/final_project_ws/host/install/host_pkg/share/ament_index/resource_index/package_run_dependencies/host_pkg
[0.706s] -- Up-to-date: /home/jeongje/final_project_ws/host/install/host_pkg/share/ament_index/resource_index/parent_prefix_path/host_pkg
[0.706s] -- Up-to-date: /home/jeongje/final_project_ws/host/install/host_pkg/share/host_pkg/environment/ament_prefix_path.sh
[0.706s] -- Up-to-date: /home/jeongje/final_project_ws/host/install/host_pkg/share/host_pkg/environment/ament_prefix_path.dsv
[0.706s] -- Up-to-date: /home/jeongje/final_project_ws/host/install/host_pkg/share/host_pkg/environment/path.sh
[0.706s] -- Up-to-date: /home/jeongje/final_project_ws/host/install/host_pkg/share/host_pkg/environment/path.dsv
[0.706s] -- Up-to-date: /home/jeongje/final_project_ws/host/install/host_pkg/share/host_pkg/local_setup.bash
[0.706s] -- Up-to-date: /home/jeongje/final_project_ws/host/install/host_pkg/share/host_pkg/local_setup.sh
[0.706s] -- Up-to-date: /home/jeongje/final_project_ws/host/install/host_pkg/share/host_pkg/local_setup.zsh
[0.706s] -- Up-to-date: /home/jeongje/final_project_ws/host/install/host_pkg/share/host_pkg/local_setup.dsv
[0.706s] -- Installing: /home/jeongje/final_project_ws/host/install/host_pkg/share/host_pkg/package.dsv
[0.707s] -- Up-to-date: /home/jeongje/final_project_ws/host/install/host_pkg/share/ament_index/resource_index/packages/host_pkg
[0.707s] -- Up-to-date: /home/jeongje/final_project_ws/host/install/host_pkg/share/host_pkg/cmake/export_host_pkg__rosidl_generator_cExport.cmake
[0.707s] -- Up-to-date: /home/jeongje/final_project_ws/host/install/host_pkg/share/host_pkg/cmake/export_host_pkg__rosidl_generator_cExport-noconfig.cmake
[0.707s] -- Up-to-date: /home/jeongje/final_project_ws/host/install/host_pkg/share/host_pkg/cmake/export_host_pkg__rosidl_typesupport_fastrtps_cExport.cmake
[0.707s] -- Up-to-date: /home/jeongje/final_project_ws/host/install/host_pkg/share/host_pkg/cmake/export_host_pkg__rosidl_typesupport_fastrtps_cExport-noconfig.cmake
[0.707s] -- Up-to-date: /home/jeongje/final_project_ws/host/install/host_pkg/share/host_pkg/cmake/export_host_pkg__rosidl_generator_cppExport.cmake
[0.707s] -- Up-to-date: /home/jeongje/final_project_ws/host/install/host_pkg/share/host_pkg/cmake/export_host_pkg__rosidl_typesupport_fastrtps_cppExport.cmake
[0.707s] -- Up-to-date: /home/jeongje/final_project_ws/host/install/host_pkg/share/host_pkg/cmake/export_host_pkg__rosidl_typesupport_fastrtps_cppExport-noconfig.cmake
[0.707s] -- Up-to-date: /home/jeongje/final_project_ws/host/install/host_pkg/share/host_pkg/cmake/host_pkg__rosidl_typesupport_introspection_cExport.cmake
[0.707s] -- Up-to-date: /home/jeongje/final_project_ws/host/install/host_pkg/share/host_pkg/cmake/host_pkg__rosidl_typesupport_introspection_cExport-noconfig.cmake
[0.707s] -- Up-to-date: /home/jeongje/final_project_ws/host/install/host_pkg/share/host_pkg/cmake/host_pkg__rosidl_typesupport_cExport.cmake
[0.707s] -- Up-to-date: /home/jeongje/final_project_ws/host/install/host_pkg/share/host_pkg/cmake/host_pkg__rosidl_typesupport_cExport-noconfig.cmake
[0.707s] -- Up-to-date: /home/jeongje/final_project_ws/host/install/host_pkg/share/host_pkg/cmake/host_pkg__rosidl_typesupport_introspection_cppExport.cmake
[0.707s] -- Up-to-date: /home/jeongje/final_project_ws/host/install/host_pkg/share/host_pkg/cmake/host_pkg__rosidl_typesupport_introspection_cppExport-noconfig.cmake
[0.707s] -- Up-to-date: /home/jeongje/final_project_ws/host/install/host_pkg/share/host_pkg/cmake/host_pkg__rosidl_typesupport_cppExport.cmake
[0.707s] -- Up-to-date: /home/jeongje/final_project_ws/host/install/host_pkg/share/host_pkg/cmake/host_pkg__rosidl_typesupport_cppExport-noconfig.cmake
[0.708s] -- Up-to-date: /home/jeongje/final_project_ws/host/install/host_pkg/share/host_pkg/cmake/export_host_pkg__rosidl_generator_pyExport.cmake
[0.708s] -- Up-to-date: /home/jeongje/final_project_ws/host/install/host_pkg/share/host_pkg/cmake/export_host_pkg__rosidl_generator_pyExport-noconfig.cmake
[0.708s] -- Up-to-date: /home/jeongje/final_project_ws/host/install/host_pkg/share/host_pkg/cmake/rosidl_cmake-extras.cmake
[0.708s] -- Up-to-date: /home/jeongje/final_project_ws/host/install/host_pkg/share/host_pkg/cmake/ament_cmake_export_dependencies-extras.cmake
[0.708s] -- Up-to-date: /home/jeongje/final_project_ws/host/install/host_pkg/share/host_pkg/cmake/ament_cmake_export_include_directories-extras.cmake
[0.708s] -- Up-to-date: /home/jeongje/final_project_ws/host/install/host_pkg/share/host_pkg/cmake/ament_cmake_export_libraries-extras.cmake
[0.708s] -- Up-to-date: /home/jeongje/final_project_ws/host/install/host_pkg/share/host_pkg/cmake/ament_cmake_export_targets-extras.cmake
[0.708s] -- Up-to-date: /home/jeongje/final_project_ws/host/install/host_pkg/share/host_pkg/cmake/rosidl_cmake_export_typesupport_targets-extras.cmake
[0.708s] -- Up-to-date: /home/jeongje/final_project_ws/host/install/host_pkg/share/host_pkg/cmake/rosidl_cmake_export_typesupport_libraries-extras.cmake
[0.709s] -- Up-to-date: /home/jeongje/final_project_ws/host/install/host_pkg/share/host_pkg/cmake/rosidl_cmake_aggregate_target-extras.cmake
[0.709s] -- Up-to-date: /home/jeongje/final_project_ws/host/install/host_pkg/share/host_pkg/cmake/host_pkgConfig.cmake
[0.709s] -- Up-to-date: /home/jeongje/final_project_ws/host/install/host_pkg/share/host_pkg/cmake/host_pkgConfig-version.cmake
[0.709s] -- Up-to-date: /home/jeongje/final_project_ws/host/install/host_pkg/share/host_pkg/package.xml
[0.709s] Invoked command in '/home/jeongje/final_project_ws/host/build/host_pkg' returned '0': CMAKE_PREFIX_PATH=${CMAKE_PREFIX_PATH}:/home/jeongje/turtlebot3_ws/install/turtlebot3_teleop:/home/jeongje/turtlebot3_ws/install/turtlebot3_example:/home/jeongje/robot_pinky/install/vicpinky_bringup:/home/jeongje/robot_pinky/install/pinky_llm:/opt/ros/jazzy DEBUGINFOD_URLS=https://debuginfod.ubuntu.com VIRTUAL_ENV_PROMPT=(ros) /usr/bin/cmake --install /home/jeongje/final_project_ws/host/build/host_pkg
