-- The C compiler identification is GNU 13.3.0
-- The CXX compiler identification is GNU 13.3.0
-- Detecting C compiler ABI info
-- Detecting C compiler ABI info - done
-- Check for working C compiler: /usr/bin/cc - skipped
-- Detecting C compile features
-- Detecting C compile features - done
-- Detecting CXX compiler ABI info
-- Detecting CXX compiler ABI info - done
-- Check for working CXX compiler: /usr/bin/c++ - skipped
-- Detecting CXX compile features
-- Detecting CXX compile features - done
-- Found ament_cmake: 2.5.6 (/opt/ros/jazzy/share/ament_cmake/cmake)
-- Found Python3: /usr/bin/python3 (found version "3.12.3") found components: Interpreter 
-- Found rclcpp: 28.1.21 (/opt/ros/jazzy/share/rclcpp/cmake)
-- Found rosidl_generator_c: 4.6.9 (/opt/ros/jazzy/share/rosidl_generator_c/cmake)
-- Found rosidl_generator_cpp: 4.6.9 (/opt/ros/jazzy/share/rosidl_generator_cpp/cmake)
-- Using all available rosidl_typesupport_c: rosidl_typesupport_fastrtps_c;rosidl_typesupport_introspection_c
-- Using all available rosidl_typesupport_cpp: rosidl_typesupport_fastrtps_cpp;rosidl_typesupport_introspection_cpp
-- Found rmw_implementation_cmake: 7.3.3 (/opt/ros/jazzy/share/rmw_implementation_cmake/cmake)
-- Found rmw_fastrtps_cpp: 8.4.4 (/opt/ros/jazzy/share/rmw_fastrtps_cpp/cmake)
-- Found OpenSSL: /usr/lib/x86_64-linux-gnu/libcrypto.so (found version "3.0.13")  
-- Found FastRTPS: /opt/ros/jazzy/include (Required is at least version "2.13") 
-- Using RMW implementation 'rmw_fastrtps_cpp' as default
-- Found rclpy: 7.1.11 (/opt/ros/jazzy/share/rclpy/cmake)
-- Found rclcpp_action: 28.1.21 (/opt/ros/jazzy/share/rclcpp_action/cmake)
-- Found rosidl_default_generators: 1.6.1 (/opt/ros/jazzy/share/rosidl_default_generators/cmake)
-- Found rosidl_adapter: 4.6.9 (/opt/ros/jazzy/share/rosidl_adapter/cmake)
-- Found ament_lint_auto: 0.17.5 (/opt/ros/jazzy/share/ament_lint_auto/cmake)
-- Found ament_cmake_ros: 0.12.1 (/opt/ros/jazzy/share/ament_cmake_ros/cmake)
-- Using all available rosidl_typesupport_c: rosidl_typesupport_fastrtps_c;rosidl_typesupport_introspection_c
-- Using all available rosidl_typesupport_cpp: rosidl_typesupport_fastrtps_cpp;rosidl_typesupport_introspection_cpp
-- Found python_cmake_module: 0.11.1 (/opt/ros/jazzy/share/python_cmake_module/cmake)
-- Found PythonExtra: /usr/bin/python3  
-- Found Python3: /usr/bin/python3 (found version "3.12.3") found components: Interpreter Development NumPy Development.Module Development.Embed 
-- Found Python3: /usr/bin/python3 (found version "3.12.3") found components: Interpreter 
-- Added test 'cppcheck' to perform static code analysis on C / C++ code
-- Configured cppcheck include dirs: 
-- Configured cppcheck exclude dirs and/or files: 
-- Added test 'flake8' to check Python code syntax and style conventions
-- Configured 'flake8' exclude dirs and/or files: 
-- Added test 'lint_cmake' to check CMake code style
-- Added test 'pep257' to check Python code against some of the docstring style conventions in PEP 257
-- Added test 'uncrustify' to check C / C++ code style
-- Configured uncrustify additional arguments: 
-- Added test 'xmllint' to check XML markup files
-- Configuring done (5.6s)
-- Generating done (0.0s)
-- Build files have been written to: /home/jeongje/final_project_ws/host/build/host_pkg
[  4%] [34m[1mGenerating Rust code for ROS interfaces[0m
[  4%] [34m[1mGenerating type hashes for ROS interfaces[0m
[  4%] Built target ament_cmake_python_copy_host_pkg
running egg_info
creating host_pkg.egg-info
[  4%] Built target host_pkg__rs
[  4%] Built target host_pkg__rosidl_generator_type_description
writing host_pkg.egg-info/PKG-INFO
writing dependency_links to host_pkg.egg-info/dependency_links.txt
writing top-level names to host_pkg.egg-info/top_level.txt
writing manifest file 'host_pkg.egg-info/SOURCES.txt'
[  6%] [34m[1mGenerating C code for ROS interfaces[0m
[  8%] [34m[1mGenerating C++ code for ROS interfaces[0m
reading manifest file 'host_pkg.egg-info/SOURCES.txt'
writing manifest file 'host_pkg.egg-info/SOURCES.txt'
[  8%] Built target ament_cmake_python_build_host_pkg_egg
[ 13%] [32mBuilding C object CMakeFiles/host_pkg__rosidl_generator_c.dir/rosidl_generator_c/host_pkg/action/detail/arm__description.c.o[0m
[ 13%] [32mBuilding C object CMakeFiles/host_pkg__rosidl_generator_c.dir/rosidl_generator_c/host_pkg/action/detail/arm__functions.c.o[0m
[ 15%] [32mBuilding C object CMakeFiles/host_pkg__rosidl_generator_c.dir/rosidl_generator_c/host_pkg/action/detail/burger__description.c.o[0m
[ 17%] [32mBuilding C object CMakeFiles/host_pkg__rosidl_generator_c.dir/rosidl_generator_c/host_pkg/action/detail/burger__functions.c.o[0m
[ 20%] [32mBuilding C object CMakeFiles/host_pkg__rosidl_generator_c.dir/rosidl_generator_c/host_pkg/action/detail/burger__type_support.c.o[0m
[ 22%] [32mBuilding C object CMakeFiles/host_pkg__rosidl_generator_c.dir/rosidl_generator_c/host_pkg/action/detail/arm__type_support.c.o[0m
[ 22%] Built target host_pkg__cpp
[ 24%] [32m[1mLinking C shared library libhost_pkg__rosidl_generator_c.so[0m
[ 24%] Built target host_pkg__rosidl_generator_c
[ 26%] [34m[1mGenerating C type support for eProsima Fast-RTPS[0m
[ 28%] [34m[1mGenerating C introspection for ROS interfaces[0m
[ 31%] [34m[1mGenerating C++ introspection for ROS interfaces[0m
[ 33%] [34m[1mGenerating C type support dispatch for ROS interfaces[0m
[ 35%] [34m[1mGenerating C++ type support dispatch for ROS interfaces[0m
[ 37%] [34m[1mGenerating C++ type support for eProsima Fast-RTPS[0m
[ 42%] [32mBuilding CXX object CMakeFiles/host_pkg__rosidl_typesupport_cpp.dir/rosidl_typesupport_cpp/host_pkg/action/arm__type_support.cpp.o[0m
[ 42%] [32mBuilding CXX object CMakeFiles/host_pkg__rosidl_typesupport_cpp.dir/rosidl_typesupport_cpp/host_pkg/action/burger__type_support.cpp.o[0m
[ 46%] [32mBuilding CXX object CMakeFiles/host_pkg__rosidl_typesupport_c.dir/rosidl_typesupport_c/host_pkg/action/arm__type_support.cpp.o[0m
[ 46%] [32mBuilding CXX object CMakeFiles/host_pkg__rosidl_typesupport_c.dir/rosidl_typesupport_c/host_pkg/action/burger__type_support.cpp.o[0m
[ 51%] [32mBuilding CXX object CMakeFiles/host_pkg__rosidl_typesupport_introspection_cpp.dir/rosidl_typesupport_introspection_cpp/host_pkg/action/detail/arm__type_support.cpp.o[0m
[ 51%] [32mBuilding CXX object CMakeFiles/host_pkg__rosidl_typesupport_introspection_cpp.dir/rosidl_typesupport_introspection_cpp/host_pkg/action/detail/burger__type_support.cpp.o[0m
[ 53%] [32mBuilding C object CMakeFiles/host_pkg__rosidl_typesupport_introspection_c.dir/rosidl_typesupport_introspection_c/host_pkg/action/detail/arm__type_support.c.o[0m
[ 55%] [32mBuilding C object CMakeFiles/host_pkg__rosidl_typesupport_introspection_c.dir/rosidl_typesupport_introspection_c/host_pkg/action/detail/burger__type_support.c.o[0m
[ 57%] [32m[1mLinking CXX shared library libhost_pkg__rosidl_typesupport_c.so[0m
[ 57%] Built target host_pkg__rosidl_typesupport_c
[ 60%] [32m[1mLinking C shared library libhost_pkg__rosidl_typesupport_introspection_c.so[0m
[ 60%] Built target host_pkg__rosidl_typesupport_introspection_c
[ 62%] [32mBuilding CXX object CMakeFiles/host_pkg__rosidl_typesupport_fastrtps_cpp.dir/rosidl_typesupport_fastrtps_cpp/host_pkg/action/detail/dds_fastrtps/arm__type_support.cpp.o[0m
[ 64%] [32mBuilding CXX object CMakeFiles/host_pkg__rosidl_typesupport_fastrtps_cpp.dir/rosidl_typesupport_fastrtps_cpp/host_pkg/action/detail/dds_fastrtps/burger__type_support.cpp.o[0m
[ 68%] [32mBuilding CXX object CMakeFiles/host_pkg__rosidl_typesupport_fastrtps_c.dir/rosidl_typesupport_fastrtps_c/host_pkg/action/detail/arm__type_support_c.cpp.o[0m
[ 68%] [32mBuilding CXX object CMakeFiles/host_pkg__rosidl_typesupport_fastrtps_c.dir/rosidl_typesupport_fastrtps_c/host_pkg/action/detail/burger__type_support_c.cpp.o[0m
[ 71%] [32m[1mLinking CXX shared library libhost_pkg__rosidl_typesupport_cpp.so[0m
[ 71%] Built target host_pkg__rosidl_typesupport_cpp
[ 73%] [32m[1mLinking CXX shared library libhost_pkg__rosidl_typesupport_introspection_cpp.so[0m
[ 73%] Built target host_pkg__rosidl_typesupport_introspection_cpp
[ 75%] [32m[1mLinking CXX shared library libhost_pkg__rosidl_typesupport_fastrtps_c.so[0m
[ 75%] Built target host_pkg__rosidl_typesupport_fastrtps_c
[ 77%] [32m[1mLinking CXX shared library libhost_pkg__rosidl_typesupport_fastrtps_cpp.so[0m
[ 77%] Built target host_pkg__rosidl_typesupport_fastrtps_cpp
[ 77%] Built target host_pkg
[ 80%] [34m[1mGenerating Python code for ROS interfaces[0m
[ 80%] Built target host_pkg__py
[ 82%] [32mBuilding C object CMakeFiles/host_pkg__rosidl_generator_py.dir/rosidl_generator_py/host_pkg/action/_burger_s.c.o[0m
[ 84%] [32mBuilding C object CMakeFiles/host_pkg__rosidl_generator_py.dir/rosidl_generator_py/host_pkg/action/_arm_s.c.o[0m
[ 86%] [32m[1mLinking C shared library libhost_pkg__rosidl_generator_py.so[0m
[ 86%] Built target host_pkg__rosidl_generator_py
[ 93%] [32mBuilding C object CMakeFiles/host_pkg_s__rosidl_typesupport_introspection_c.dir/rosidl_generator_py/host_pkg/_host_pkg_s.ep.rosidl_typesupport_introspection_c.c.o[0m
[ 93%] [32mBuilding C object CMakeFiles/host_pkg_s__rosidl_typesupport_fastrtps_c.dir/rosidl_generator_py/host_pkg/_host_pkg_s.ep.rosidl_typesupport_fastrtps_c.c.o[0m
[ 93%] [32mBuilding C object CMakeFiles/host_pkg_s__rosidl_typesupport_c.dir/rosidl_generator_py/host_pkg/_host_pkg_s.ep.rosidl_typesupport_c.c.o[0m
[ 95%] [32m[1mLinking C shared module rosidl_generator_py/host_pkg/host_pkg_s__rosidl_typesupport_introspection_c.so[0m
[ 97%] [32m[1mLinking C shared module rosidl_generator_py/host_pkg/host_pkg_s__rosidl_typesupport_c.so[0m
[100%] [32m[1mLinking C shared module rosidl_generator_py/host_pkg/host_pkg_s__rosidl_typesupport_fastrtps_c.so[0m
[100%] Built target host_pkg_s__rosidl_typesupport_introspection_c
[100%] Built target host_pkg_s__rosidl_typesupport_c
[100%] Built target host_pkg_s__rosidl_typesupport_fastrtps_c
-- Install configuration: ""
-- Installing: /home/jeongje/final_project_ws/host/install/host_pkg/share/ament_index/resource_index/rosidl_interfaces/host_pkg
-- Installing: /home/jeongje/final_project_ws/host/install/host_pkg/share/host_pkg/action/Burger.json
-- Installing: /home/jeongje/final_project_ws/host/install/host_pkg/share/host_pkg/action/Arm.json
-- Installing: /home/jeongje/final_project_ws/host/install/host_pkg/include/host_pkg/host_pkg
-- Installing: /home/jeongje/final_project_ws/host/install/host_pkg/include/host_pkg/host_pkg/msg
-- Installing: /home/jeongje/final_project_ws/host/install/host_pkg/include/host_pkg/host_pkg/msg/rosidl_generator_c__visibility_control.h
-- Installing: /home/jeongje/final_project_ws/host/install/host_pkg/include/host_pkg/host_pkg/action
-- Installing: /home/jeongje/final_project_ws/host/install/host_pkg/include/host_pkg/host_pkg/action/arm.h
-- Installing: /home/jeongje/final_project_ws/host/install/host_pkg/include/host_pkg/host_pkg/action/detail
-- Installing: /home/jeongje/final_project_ws/host/install/host_pkg/include/host_pkg/host_pkg/action/detail/arm__functions.h
-- Installing: /home/jeongje/final_project_ws/host/install/host_pkg/include/host_pkg/host_pkg/action/detail/burger__type_support.h
-- Installing: /home/jeongje/final_project_ws/host/install/host_pkg/include/host_pkg/host_pkg/action/detail/burger__type_support.c
-- Installing: /home/jeongje/final_project_ws/host/install/host_pkg/include/host_pkg/host_pkg/action/detail/arm__functions.c
-- Installing: /home/jeongje/final_project_ws/host/install/host_pkg/include/host_pkg/host_pkg/action/detail/burger__description.c
-- Installing: /home/jeongje/final_project_ws/host/install/host_pkg/include/host_pkg/host_pkg/action/detail/burger__functions.h
-- Installing: /home/jeongje/final_project_ws/host/install/host_pkg/include/host_pkg/host_pkg/action/detail/arm__type_support.c
-- Installing: /home/jeongje/final_project_ws/host/install/host_pkg/include/host_pkg/host_pkg/action/detail/arm__type_support.h
-- Installing: /home/jeongje/final_project_ws/host/install/host_pkg/include/host_pkg/host_pkg/action/detail/burger__struct.h
-- Installing: /home/jeongje/final_project_ws/host/install/host_pkg/include/host_pkg/host_pkg/action/detail/arm__description.c
-- Installing: /home/jeongje/final_project_ws/host/install/host_pkg/include/host_pkg/host_pkg/action/detail/arm__struct.h
-- Installing: /home/jeongje/final_project_ws/host/install/host_pkg/include/host_pkg/host_pkg/action/detail/burger__functions.c
-- Installing: /home/jeongje/final_project_ws/host/install/host_pkg/include/host_pkg/host_pkg/action/burger.h
-- Installing: /home/jeongje/final_project_ws/host/install/host_pkg/share/host_pkg/environment/library_path.sh
-- Installing: /home/jeongje/final_project_ws/host/install/host_pkg/share/host_pkg/environment/library_path.dsv
-- Installing: /home/jeongje/final_project_ws/host/install/host_pkg/lib/libhost_pkg__rosidl_generator_c.so
-- Set non-toolchain portion of runtime path of "/home/jeongje/final_project_ws/host/install/host_pkg/lib/libhost_pkg__rosidl_generator_c.so" to ""
-- Up-to-date: /home/jeongje/final_project_ws/host/install/host_pkg/include/host_pkg/host_pkg
-- Up-to-date: /home/jeongje/final_project_ws/host/install/host_pkg/include/host_pkg/host_pkg/msg
-- Installing: /home/jeongje/final_project_ws/host/install/host_pkg/include/host_pkg/host_pkg/msg/rosidl_typesupport_fastrtps_c__visibility_control.h
-- Up-to-date: /home/jeongje/final_project_ws/host/install/host_pkg/include/host_pkg/host_pkg/action
-- Up-to-date: /home/jeongje/final_project_ws/host/install/host_pkg/include/host_pkg/host_pkg/action/detail
-- Installing: /home/jeongje/final_project_ws/host/install/host_pkg/include/host_pkg/host_pkg/action/detail/arm__rosidl_typesupport_fastrtps_c.h
-- Installing: /home/jeongje/final_project_ws/host/install/host_pkg/include/host_pkg/host_pkg/action/detail/burger__rosidl_typesupport_fastrtps_c.h
-- Installing: /home/jeongje/final_project_ws/host/install/host_pkg/lib/libhost_pkg__rosidl_typesupport_fastrtps_c.so
-- Set non-toolchain portion of runtime path of "/home/jeongje/final_project_ws/host/install/host_pkg/lib/libhost_pkg__rosidl_typesupport_fastrtps_c.so" to ""
-- Up-to-date: /home/jeongje/final_project_ws/host/install/host_pkg/include/host_pkg/host_pkg
-- Up-to-date: /home/jeongje/final_project_ws/host/install/host_pkg/include/host_pkg/host_pkg/msg
-- Installing: /home/jeongje/final_project_ws/host/install/host_pkg/include/host_pkg/host_pkg/msg/rosidl_generator_cpp__visibility_control.hpp
-- Up-to-date: /home/jeongje/final_project_ws/host/install/host_pkg/include/host_pkg/host_pkg/action
-- Installing: /home/jeongje/final_project_ws/host/install/host_pkg/include/host_pkg/host_pkg/action/burger.hpp
-- Up-to-date: /home/jeongje/final_project_ws/host/install/host_pkg/include/host_pkg/host_pkg/action/detail
-- Installing: /home/jeongje/final_project_ws/host/install/host_pkg/include/host_pkg/host_pkg/action/detail/arm__struct.hpp
-- Installing: /home/jeongje/final_project_ws/host/install/host_pkg/include/host_pkg/host_pkg/action/detail/burger__type_support.hpp
-- Installing: /home/jeongje/final_project_ws/host/install/host_pkg/include/host_pkg/host_pkg/action/detail/arm__builder.hpp
-- Installing: /home/jeongje/final_project_ws/host/install/host_pkg/include/host_pkg/host_pkg/action/detail/burger__traits.hpp
-- Installing: /home/jeongje/final_project_ws/host/install/host_pkg/include/host_pkg/host_pkg/action/detail/burger__struct.hpp
-- Installing: /home/jeongje/final_project_ws/host/install/host_pkg/include/host_pkg/host_pkg/action/detail/burger__builder.hpp
-- Installing: /home/jeongje/final_project_ws/host/install/host_pkg/include/host_pkg/host_pkg/action/detail/arm__traits.hpp
-- Installing: /home/jeongje/final_project_ws/host/install/host_pkg/include/host_pkg/host_pkg/action/detail/arm__type_support.hpp
-- Installing: /home/jeongje/final_project_ws/host/install/host_pkg/include/host_pkg/host_pkg/action/arm.hpp
-- Up-to-date: /home/jeongje/final_project_ws/host/install/host_pkg/include/host_pkg/host_pkg
-- Up-to-date: /home/jeongje/final_project_ws/host/install/host_pkg/include/host_pkg/host_pkg/msg
-- Installing: /home/jeongje/final_project_ws/host/install/host_pkg/include/host_pkg/host_pkg/msg/rosidl_typesupport_fastrtps_cpp__visibility_control.h
-- Up-to-date: /home/jeongje/final_project_ws/host/install/host_pkg/include/host_pkg/host_pkg/action
-- Up-to-date: /home/jeongje/final_project_ws/host/install/host_pkg/include/host_pkg/host_pkg/action/detail
-- Installing: /home/jeongje/final_project_ws/host/install/host_pkg/include/host_pkg/host_pkg/action/detail/burger__rosidl_typesupport_fastrtps_cpp.hpp
-- Installing: /home/jeongje/final_project_ws/host/install/host_pkg/include/host_pkg/host_pkg/action/detail/arm__rosidl_typesupport_fastrtps_cpp.hpp
-- Installing: /home/jeongje/final_project_ws/host/install/host_pkg/include/host_pkg/host_pkg/action/detail/dds_fastrtps
-- Installing: /home/jeongje/final_project_ws/host/install/host_pkg/lib/libhost_pkg__rosidl_typesupport_fastrtps_cpp.so
-- Set non-toolchain portion of runtime path of "/home/jeongje/final_project_ws/host/install/host_pkg/lib/libhost_pkg__rosidl_typesupport_fastrtps_cpp.so" to ""
-- Up-to-date: /home/jeongje/final_project_ws/host/install/host_pkg/include/host_pkg/host_pkg
-- Up-to-date: /home/jeongje/final_project_ws/host/install/host_pkg/include/host_pkg/host_pkg/msg
-- Installing: /home/jeongje/final_project_ws/host/install/host_pkg/include/host_pkg/host_pkg/msg/rosidl_typesupport_introspection_c__visibility_control.h
-- Up-to-date: /home/jeongje/final_project_ws/host/install/host_pkg/include/host_pkg/host_pkg/action
-- Up-to-date: /home/jeongje/final_project_ws/host/install/host_pkg/include/host_pkg/host_pkg/action/detail
-- Installing: /home/jeongje/final_project_ws/host/install/host_pkg/include/host_pkg/host_pkg/action/detail/burger__rosidl_typesupport_introspection_c.h
-- Up-to-date: /home/jeongje/final_project_ws/host/install/host_pkg/include/host_pkg/host_pkg/action/detail/burger__type_support.c
-- Up-to-date: /home/jeongje/final_project_ws/host/install/host_pkg/include/host_pkg/host_pkg/action/detail/arm__type_support.c
-- Installing: /home/jeongje/final_project_ws/host/install/host_pkg/include/host_pkg/host_pkg/action/detail/arm__rosidl_typesupport_introspection_c.h
-- Installing: /home/jeongje/final_project_ws/host/install/host_pkg/lib/libhost_pkg__rosidl_typesupport_introspection_c.so
-- Set non-toolchain portion of runtime path of "/home/jeongje/final_project_ws/host/install/host_pkg/lib/libhost_pkg__rosidl_typesupport_introspection_c.so" to ""
-- Installing: /home/jeongje/final_project_ws/host/install/host_pkg/lib/libhost_pkg__rosidl_typesupport_c.so
-- Set non-toolchain portion of runtime path of "/home/jeongje/final_project_ws/host/install/host_pkg/lib/libhost_pkg__rosidl_typesupport_c.so" to ""
-- Up-to-date: /home/jeongje/final_project_ws/host/install/host_pkg/include/host_pkg/host_pkg
-- Up-to-date: /home/jeongje/final_project_ws/host/install/host_pkg/include/host_pkg/host_pkg/action
-- Up-to-date: /home/jeongje/final_project_ws/host/install/host_pkg/include/host_pkg/host_pkg/action/detail
-- Installing: /home/jeongje/final_project_ws/host/install/host_pkg/include/host_pkg/host_pkg/action/detail/arm__type_support.cpp
-- Installing: /home/jeongje/final_project_ws/host/install/host_pkg/include/host_pkg/host_pkg/action/detail/burger__type_support.cpp
-- Installing: /home/jeongje/final_project_ws/host/install/host_pkg/include/host_pkg/host_pkg/action/detail/arm__rosidl_typesupport_introspection_cpp.hpp
-- Installing: /home/jeongje/final_project_ws/host/install/host_pkg/include/host_pkg/host_pkg/action/detail/burger__rosidl_typesupport_introspection_cpp.hpp
-- Installing: /home/jeongje/final_project_ws/host/install/host_pkg/lib/libhost_pkg__rosidl_typesupport_introspection_cpp.so
-- Set non-toolchain portion of runtime path of "/home/jeongje/final_project_ws/host/install/host_pkg/lib/libhost_pkg__rosidl_typesupport_introspection_cpp.so" to ""
-- Installing: /home/jeongje/final_project_ws/host/install/host_pkg/lib/libhost_pkg__rosidl_typesupport_cpp.so
-- Set non-toolchain portion of runtime path of "/home/jeongje/final_project_ws/host/install/host_pkg/lib/libhost_pkg__rosidl_typesupport_cpp.so" to ""
-- Installing: /home/jeongje/final_project_ws/host/install/host_pkg/share/host_pkg/environment/pythonpath.sh
-- Installing: /home/jeongje/final_project_ws/host/install/host_pkg/share/host_pkg/environment/pythonpath.dsv
-- Installing: /home/jeongje/final_project_ws/host/install/host_pkg/lib/python3.12/site-packages/host_pkg-0.0.0-py3.12.egg-info
-- Installing: /home/jeongje/final_project_ws/host/install/host_pkg/lib/python3.12/site-packages/host_pkg-0.0.0-py3.12.egg-info/top_level.txt
-- Installing: /home/jeongje/final_project_ws/host/install/host_pkg/lib/python3.12/site-packages/host_pkg-0.0.0-py3.12.egg-info/dependency_links.txt
-- Installing: /home/jeongje/final_project_ws/host/install/host_pkg/lib/python3.12/site-packages/host_pkg-0.0.0-py3.12.egg-info/SOURCES.txt
-- Installing: /home/jeongje/final_project_ws/host/install/host_pkg/lib/python3.12/site-packages/host_pkg-0.0.0-py3.12.egg-info/PKG-INFO
-- Installing: /home/jeongje/final_project_ws/host/install/host_pkg/lib/python3.12/site-packages/host_pkg
-- Installing: /home/jeongje/final_project_ws/host/install/host_pkg/lib/python3.12/site-packages/host_pkg/__init__.py
-- Installing: /home/jeongje/final_project_ws/host/install/host_pkg/lib/python3.12/site-packages/host_pkg/_host_pkg_s.ep.rosidl_typesupport_introspection_c.c
-- Installing: /home/jeongje/final_project_ws/host/install/host_pkg/lib/python3.12/site-packages/host_pkg/_host_pkg_s.ep.rosidl_typesupport_fastrtps_c.c
-- Installing: /home/jeongje/final_project_ws/host/install/host_pkg/lib/python3.12/site-packages/host_pkg/host_pkg_s__rosidl_typesupport_introspection_c.so
-- Installing: /home/jeongje/final_project_ws/host/install/host_pkg/lib/python3.12/site-packages/host_pkg/action
-- Installing: /home/jeongje/final_project_ws/host/install/host_pkg/lib/python3.12/site-packages/host_pkg/action/__init__.py
-- Installing: /home/jeongje/final_project_ws/host/install/host_pkg/lib/python3.12/site-packages/host_pkg/action/_burger_s.c
-- Installing: /home/jeongje/final_project_ws/host/install/host_pkg/lib/python3.12/site-packages/host_pkg/action/_arm_s.c
-- Installing: /home/jeongje/final_project_ws/host/install/host_pkg/lib/python3.12/site-packages/host_pkg/action/_arm.py
-- Installing: /home/jeongje/final_project_ws/host/install/host_pkg/lib/python3.12/site-packages/host_pkg/action/_burger.py
-- Installing: /home/jeongje/final_project_ws/host/install/host_pkg/lib/python3.12/site-packages/host_pkg/host_pkg_s__rosidl_typesupport_c.so
-- Installing: /home/jeongje/final_project_ws/host/install/host_pkg/lib/python3.12/site-packages/host_pkg/_host_pkg_s.ep.rosidl_typesupport_c.c
-- Installing: /home/jeongje/final_project_ws/host/install/host_pkg/lib/python3.12/site-packages/host_pkg/host_pkg_s__rosidl_typesupport_fastrtps_c.so
Listing '/home/jeongje/final_project_ws/host/install/host_pkg/lib/python3.12/site-packages/host_pkg'...
Compiling '/home/jeongje/final_project_ws/host/install/host_pkg/lib/python3.12/site-packages/host_pkg/__init__.py'...
Listing '/home/jeongje/final_project_ws/host/install/host_pkg/lib/python3.12/site-packages/host_pkg/action'...
Compiling '/home/jeongje/final_project_ws/host/install/host_pkg/lib/python3.12/site-packages/host_pkg/action/__init__.py'...
Compiling '/home/jeongje/final_project_ws/host/install/host_pkg/lib/python3.12/site-packages/host_pkg/action/_arm.py'...
Compiling '/home/jeongje/final_project_ws/host/install/host_pkg/lib/python3.12/site-packages/host_pkg/action/_burger.py'...
-- Installing: /home/jeongje/final_project_ws/host/install/host_pkg/lib/python3.12/site-packages/host_pkg/host_pkg_s__rosidl_typesupport_fastrtps_c.so
-- Set non-toolchain portion of runtime path of "/home/jeongje/final_project_ws/host/install/host_pkg/lib/python3.12/site-packages/host_pkg/host_pkg_s__rosidl_typesupport_fastrtps_c.so" to ""
-- Installing: /home/jeongje/final_project_ws/host/install/host_pkg/lib/python3.12/site-packages/host_pkg/host_pkg_s__rosidl_typesupport_introspection_c.so
-- Set non-toolchain portion of runtime path of "/home/jeongje/final_project_ws/host/install/host_pkg/lib/python3.12/site-packages/host_pkg/host_pkg_s__rosidl_typesupport_introspection_c.so" to ""
-- Installing: /home/jeongje/final_project_ws/host/install/host_pkg/lib/python3.12/site-packages/host_pkg/host_pkg_s__rosidl_typesupport_c.so
-- Set non-toolchain portion of runtime path of "/home/jeongje/final_project_ws/host/install/host_pkg/lib/python3.12/site-packages/host_pkg/host_pkg_s__rosidl_typesupport_c.so" to ""
-- Installing: /home/jeongje/final_project_ws/host/install/host_pkg/lib/libhost_pkg__rosidl_generator_py.so
-- Set non-toolchain portion of runtime path of "/home/jeongje/final_project_ws/host/install/host_pkg/lib/libhost_pkg__rosidl_generator_py.so" to ""
-- Installing: /home/jeongje/final_project_ws/host/install/host_pkg/share/ament_index/resource_index/rust_packages/host_pkg
-- Installing: /home/jeongje/final_project_ws/host/install/host_pkg/share/host_pkg/rust
-- Installing: /home/jeongje/final_project_ws/host/install/host_pkg/share/host_pkg/rust/src
-- Installing: /home/jeongje/final_project_ws/host/install/host_pkg/share/host_pkg/rust/src/lib.rs
-- Installing: /home/jeongje/final_project_ws/host/install/host_pkg/share/host_pkg/rust/src/action.rs
-- Installing: /home/jeongje/final_project_ws/host/install/host_pkg/share/host_pkg/rust/src/action
-- Installing: /home/jeongje/final_project_ws/host/install/host_pkg/share/host_pkg/rust/src/action/rmw.rs
-- Installing: /home/jeongje/final_project_ws/host/install/host_pkg/share/host_pkg/rust/Cargo.toml
-- Installing: /home/jeongje/final_project_ws/host/install/host_pkg/share/host_pkg/rust/build.rs
-- Installing: /home/jeongje/final_project_ws/host/install/host_pkg/share/host_pkg/action/Burger.idl
-- Installing: /home/jeongje/final_project_ws/host/install/host_pkg/share/host_pkg/action/Arm.idl
-- Installing: /home/jeongje/final_project_ws/host/install/host_pkg/share/host_pkg/action/Burger.action
-- Installing: /home/jeongje/final_project_ws/host/install/host_pkg/share/host_pkg/action/Arm.action
-- Installing: /home/jeongje/final_project_ws/host/install/host_pkg/share/ament_index/resource_index/package_run_dependencies/host_pkg
-- Installing: /home/jeongje/final_project_ws/host/install/host_pkg/share/ament_index/resource_index/parent_prefix_path/host_pkg
-- Installing: /home/jeongje/final_project_ws/host/install/host_pkg/share/host_pkg/environment/ament_prefix_path.sh
-- Installing: /home/jeongje/final_project_ws/host/install/host_pkg/share/host_pkg/environment/ament_prefix_path.dsv
-- Installing: /home/jeongje/final_project_ws/host/install/host_pkg/share/host_pkg/environment/path.sh
-- Installing: /home/jeongje/final_project_ws/host/install/host_pkg/share/host_pkg/environment/path.dsv
-- Installing: /home/jeongje/final_project_ws/host/install/host_pkg/share/host_pkg/local_setup.bash
-- Installing: /home/jeongje/final_project_ws/host/install/host_pkg/share/host_pkg/local_setup.sh
-- Installing: /home/jeongje/final_project_ws/host/install/host_pkg/share/host_pkg/local_setup.zsh
-- Installing: /home/jeongje/final_project_ws/host/install/host_pkg/share/host_pkg/local_setup.dsv
-- Installing: /home/jeongje/final_project_ws/host/install/host_pkg/share/host_pkg/package.dsv
-- Installing: /home/jeongje/final_project_ws/host/install/host_pkg/share/ament_index/resource_index/packages/host_pkg
-- Installing: /home/jeongje/final_project_ws/host/install/host_pkg/share/host_pkg/cmake/export_host_pkg__rosidl_generator_cExport.cmake
-- Installing: /home/jeongje/final_project_ws/host/install/host_pkg/share/host_pkg/cmake/export_host_pkg__rosidl_generator_cExport-noconfig.cmake
-- Installing: /home/jeongje/final_project_ws/host/install/host_pkg/share/host_pkg/cmake/export_host_pkg__rosidl_typesupport_fastrtps_cExport.cmake
-- Installing: /home/jeongje/final_project_ws/host/install/host_pkg/share/host_pkg/cmake/export_host_pkg__rosidl_typesupport_fastrtps_cExport-noconfig.cmake
-- Installing: /home/jeongje/final_project_ws/host/install/host_pkg/share/host_pkg/cmake/export_host_pkg__rosidl_generator_cppExport.cmake
-- Installing: /home/jeongje/final_project_ws/host/install/host_pkg/share/host_pkg/cmake/export_host_pkg__rosidl_typesupport_fastrtps_cppExport.cmake
-- Installing: /home/jeongje/final_project_ws/host/install/host_pkg/share/host_pkg/cmake/export_host_pkg__rosidl_typesupport_fastrtps_cppExport-noconfig.cmake
-- Installing: /home/jeongje/final_project_ws/host/install/host_pkg/share/host_pkg/cmake/host_pkg__rosidl_typesupport_introspection_cExport.cmake
-- Installing: /home/jeongje/final_project_ws/host/install/host_pkg/share/host_pkg/cmake/host_pkg__rosidl_typesupport_introspection_cExport-noconfig.cmake
-- Installing: /home/jeongje/final_project_ws/host/install/host_pkg/share/host_pkg/cmake/host_pkg__rosidl_typesupport_cExport.cmake
-- Installing: /home/jeongje/final_project_ws/host/install/host_pkg/share/host_pkg/cmake/host_pkg__rosidl_typesupport_cExport-noconfig.cmake
-- Installing: /home/jeongje/final_project_ws/host/install/host_pkg/share/host_pkg/cmake/host_pkg__rosidl_typesupport_introspection_cppExport.cmake
-- Installing: /home/jeongje/final_project_ws/host/install/host_pkg/share/host_pkg/cmake/host_pkg__rosidl_typesupport_introspection_cppExport-noconfig.cmake
-- Installing: /home/jeongje/final_project_ws/host/install/host_pkg/share/host_pkg/cmake/host_pkg__rosidl_typesupport_cppExport.cmake
-- Installing: /home/jeongje/final_project_ws/host/install/host_pkg/share/host_pkg/cmake/host_pkg__rosidl_typesupport_cppExport-noconfig.cmake
-- Installing: /home/jeongje/final_project_ws/host/install/host_pkg/share/host_pkg/cmake/export_host_pkg__rosidl_generator_pyExport.cmake
-- Installing: /home/jeongje/final_project_ws/host/install/host_pkg/share/host_pkg/cmake/export_host_pkg__rosidl_generator_pyExport-noconfig.cmake
-- Installing: /home/jeongje/final_project_ws/host/install/host_pkg/share/host_pkg/cmake/rosidl_cmake-extras.cmake
-- Installing: /home/jeongje/final_project_ws/host/install/host_pkg/share/host_pkg/cmake/ament_cmake_export_dependencies-extras.cmake
-- Installing: /home/jeongje/final_project_ws/host/install/host_pkg/share/host_pkg/cmake/ament_cmake_export_include_directories-extras.cmake
-- Installing: /home/jeongje/final_project_ws/host/install/host_pkg/share/host_pkg/cmake/ament_cmake_export_libraries-extras.cmake
-- Installing: /home/jeongje/final_project_ws/host/install/host_pkg/share/host_pkg/cmake/ament_cmake_export_targets-extras.cmake
-- Installing: /home/jeongje/final_project_ws/host/install/host_pkg/share/host_pkg/cmake/rosidl_cmake_export_typesupport_targets-extras.cmake
-- Installing: /home/jeongje/final_project_ws/host/install/host_pkg/share/host_pkg/cmake/rosidl_cmake_export_typesupport_libraries-extras.cmake
-- Installing: /home/jeongje/final_project_ws/host/install/host_pkg/share/host_pkg/cmake/rosidl_cmake_aggregate_target-extras.cmake
-- Installing: /home/jeongje/final_project_ws/host/install/host_pkg/share/host_pkg/cmake/host_pkgConfig.cmake
-- Installing: /home/jeongje/final_project_ws/host/install/host_pkg/share/host_pkg/cmake/host_pkgConfig-version.cmake
-- Installing: /home/jeongje/final_project_ws/host/install/host_pkg/share/host_pkg/package.xml
