[0.013s] Invoking command in '/home/jeongje/final_project_ws/host/src/host_pkg/build/host_pkg': CMAKE_PREFIX_PATH=${CMAKE_PREFIX_PATH}:/home/jeongje/turtlebot3_ws/install/turtlebot3_teleop:/home/jeongje/turtlebot3_ws/install/turtlebot3_example:/home/jeongje/robot_pinky/install/vicpinky_bringup:/home/jeongje/robot_pinky/install/pinky_llm:/opt/ros/jazzy DEBUGINFOD_URLS=https://debuginfod.ubuntu.com VIRTUAL_ENV_PROMPT=(ros) /usr/bin/cmake /home/jeongje/final_project_ws/host/src/host_pkg -DCMAKE_INSTALL_PREFIX=/home/jeongje/final_project_ws/host/src/host_pkg/install/host_pkg
[0.243s] -- The C compiler identification is GNU 13.3.0
[0.400s] -- The CXX compiler identification is GNU 13.3.0
[0.418s] -- Detecting C compiler ABI info
[0.496s] -- Detecting C compiler ABI info - done
[0.506s] -- Check for working C compiler: /usr/bin/cc - skipped
[0.507s] -- Detecting C compile features
[0.507s] -- Detecting C compile features - done
[0.515s] -- Detecting CXX compiler ABI info
[0.604s] -- Detecting CXX compiler ABI info - done
[0.613s] -- Check for working CXX compiler: /usr/bin/c++ - skipped
[0.613s] -- Detecting CXX compile features
[0.613s] -- Detecting CXX compile features - done
[0.623s] -- Found ament_cmake: 2.5.6 (/opt/ros/jazzy/share/ament_cmake/cmake)
[0.821s] -- Found Python3: /home/jeongje/venv/ros/bin/python3 (found version "3.12.3") found components: Interpreter 
[1.070s] -- Found rclcpp: 28.1.21 (/opt/ros/jazzy/share/rclcpp/cmake)
[1.235s] -- Found rosidl_generator_c: 4.6.9 (/opt/ros/jazzy/share/rosidl_generator_c/cmake)
[1.292s] -- Found rosidl_generator_cpp: 4.6.9 (/opt/ros/jazzy/share/rosidl_generator_cpp/cmake)
[1.327s] -- Using all available rosidl_typesupport_c: rosidl_typesupport_fastrtps_c;rosidl_typesupport_introspection_c
[1.358s] -- Using all available rosidl_typesupport_cpp: rosidl_typesupport_fastrtps_cpp;rosidl_typesupport_introspection_cpp
[1.512s] -- Found rmw_implementation_cmake: 7.3.3 (/opt/ros/jazzy/share/rmw_implementation_cmake/cmake)
[1.535s] -- Found rmw_fastrtps_cpp: 8.4.4 (/opt/ros/jazzy/share/rmw_fastrtps_cpp/cmake)
[1.820s] -- Found OpenSSL: /usr/lib/x86_64-linux-gnu/libcrypto.so (found version "3.0.13")  
[1.901s] -- Found FastRTPS: /opt/ros/jazzy/include (Required is at least version "2.13") 
[1.989s] -- Using RMW implementation 'rmw_fastrtps_cpp' as default
[2.156s] -- Found rclpy: 7.1.11 (/opt/ros/jazzy/share/rclpy/cmake)
[2.159s] -- Found rclcpp_action: 28.1.21 (/opt/ros/jazzy/share/rclcpp_action/cmake)
[2.206s] -- Found rosidl_default_generators: 1.6.1 (/opt/ros/jazzy/share/rosidl_default_generators/cmake)
[2.229s] -- Found rosidl_adapter: 4.6.9 (/opt/ros/jazzy/share/rosidl_adapter/cmake)
[2.234s] -- Found ament_lint_auto: 0.17.5 (/opt/ros/jazzy/share/ament_lint_auto/cmake)
[3.156s] [31mCMake Error at /opt/ros/jazzy/share/rosidl_adapter/cmake/rosidl_adapt_interfaces.cmake:57 (message):
[3.156s]   execute_process(/home/jeongje/venv/ros/bin/python3 -m rosidl_adapter
[3.156s]   --package-name host_pkg --arguments-file
[3.156s]   /home/jeongje/final_project_ws/host/src/host_pkg/build/host_pkg/rosidl_adapter__arguments__host_pkg.json
[3.156s]   --output-dir
[3.156s]   /home/jeongje/final_project_ws/host/src/host_pkg/build/host_pkg/rosidl_adapter/host_pkg
[3.157s]   --output-file
[3.157s]   /home/jeongje/final_project_ws/host/src/host_pkg/build/host_pkg/rosidl_adapter/host_pkg.idls)
[3.157s]   returned error code 1:
[3.157s] 
[3.157s]   Traceback (most recent call last):
[3.157s] 
[3.157s]     File "<frozen runpy>", line 198, in _run_module_as_main
[3.157s]     File "<frozen runpy>", line 88, in _run_code
[3.157s]     File "/opt/ros/jazzy/lib/python3.12/site-packages/rosidl_adapter/__main__.py", line 19, in <module>
[3.158s]       sys.exit(main())
[3.158s]                ^^^^^^
[3.158s]     File "/opt/ros/jazzy/lib/python3.12/site-packages/rosidl_adapter/main.py", line 53, in main
[3.158s]       abs_idl_file = convert_to_idl(
[3.158s]                      ^^^^^^^^^^^^^^^
[3.158s]     File "/opt/ros/jazzy/lib/python3.12/site-packages/rosidl_adapter/__init__.py", line 29, in convert_to_idl
[3.158s]       return convert_action_to_idl(
[3.158s]              ^^^^^^^^^^^^^^^^^^^^^^
[3.158s]     File "/opt/ros/jazzy/lib/python3.12/site-packages/rosidl_adapter/action/__init__.py", line 28, in convert_action_to_idl
[3.159s]       action = parse_action_string(package_name, input_file.stem, content)
[3.159s]                ^^^^^^^^^^^^^^^^^^^^^^^^^^^^^^^^^^^^^^^^^^^^^^^^^^^^^^^^^^^
[3.159s]     File "/opt/ros/jazzy/lib/python3.12/site-packages/rosidl_adapter/parser.py", line 903, in parse_action_string
[3.159s]       goal_message = parse_message_string(
[3.159s]                      ^^^^^^^^^^^^^^^^^^^^^
[3.159s]     File "/opt/ros/jazzy/lib/python3.12/site-packages/rosidl_adapter/parser.py", line 545, in parse_message_string
[3.159s]       msg = MessageSpecification(pkg_name, msg_name, fields, constants)
[3.159s]             ^^^^^^^^^^^^^^^^^^^^^^^^^^^^^^^^^^^^^^^^^^^^^^^^^^^^^^^^^^^
[3.159s]     File "/opt/ros/jazzy/lib/python3.12/site-packages/rosidl_adapter/parser.py", line 389, in __init__
[3.160s]       self.base_type = BaseType(
[3.160s]                        ^^^^^^^^^
[3.160s]     File "/opt/ros/jazzy/lib/python3.12/site-packages/rosidl_adapter/parser.py", line 206, in __init__
[3.160s]       raise InvalidResourceName(
[3.160s] 
[3.160s]   rosidl_adapter.parser.InvalidResourceName: 'burger1_Goal' is an invalid
[3.160s]   message name.  It should have the pattern '^[A-Z][A-Za-z0-9]*$'
[3.160s] 
[3.160s] Call Stack (most recent call first):
[3.161s]   /opt/ros/jazzy/share/rosidl_cmake/cmake/rosidl_generate_interfaces.cmake:132 (rosidl_adapt_interfaces)
[3.161s]   CMakeLists.txt:27 (rosidl_generate_interfaces)
[3.161s] 
[3.161s] [0m
[3.161s] -- Configuring incomplete, errors occurred!
[3.180s] Invoked command in '/home/jeongje/final_project_ws/host/src/host_pkg/build/host_pkg' returned '1': CMAKE_PREFIX_PATH=${CMAKE_PREFIX_PATH}:/home/jeongje/turtlebot3_ws/install/turtlebot3_teleop:/home/jeongje/turtlebot3_ws/install/turtlebot3_example:/home/jeongje/robot_pinky/install/vicpinky_bringup:/home/jeongje/robot_pinky/install/pinky_llm:/opt/ros/jazzy DEBUGINFOD_URLS=https://debuginfod.ubuntu.com VIRTUAL_ENV_PROMPT=(ros) /usr/bin/cmake /home/jeongje/final_project_ws/host/src/host_pkg -DCMAKE_INSTALL_PREFIX=/home/jeongje/final_project_ws/host/src/host_pkg/install/host_pkg
